<html>
<body>
<pre>
<h1>礦ision Build Log</h1>
<h2>Tool Versions:</h2>
IDE-Version: μVision V5.29.0.0
Copyright (C) 2019 ARM Ltd and ARM Germany GmbH. All rights reserved.
License Information: alpha alpha, jin, LIC=----
 
Tool Versions:
Toolchain:       MDK-Lite  Version: 5.29.0.0
Toolchain Path:  E:\STM32\ARM\ARMCC\Bin
C Compiler:      Armcc.exe V5.06 update 6 (build 750)
Assembler:       Armasm.exe V5.06 update 6 (build 750)
Linker/Locator:  ArmLink.exe V5.06 update 6 (build 750)
Library Manager: ArmAr.exe V5.06 update 6 (build 750)
Hex Converter:   FromElf.exe V5.06 update 6 (build 750)
CPU DLL:         SARMCM3.DLL V5.29.0.0
Dialog DLL:      DCM.DLL V1.17.3.0
Target DLL:      CMSIS_AGDI.dll V1.32.0.0
Dialog DLL:      TCM.DLL V1.36.5.0
 
<h2>Project:</h2>
I:\Desktop\aidlux_work\嵌入式部分\FreeRTOS全+电机正反向控制测速+速度输入输出\MDK-ARM\test_us.uvprojx
Project File Date:  07/30/2025

<h2>Output:</h2>
*** Using Compiler 'V5.06 update 6 (build 750)', folder: 'E:\STM32\ARM\ARMCC\Bin'
Rebuild target 'test_us'
assembling startup_stm32f407xx.s...
compiling stm32f4xx_ll_adc.c...
compiling adc.c...
compiling freertos.c...
.\RTE\_test_us\../../bsp_hx711.h(26): warning:  #1-D: last line of file ends without a newline
  #endif
.\RTE\_test_us\../../ds18b20.h(21): warning:  #1-D: last line of file ends without a newline
  #endif /* __DS18B20_H */
../Core/Src/freertos.c(272): warning:  #223-D: function "OLED_Clear" declared implicitly
     OLED_Clear();
../Core/Src/freertos.c(273): warning:  #223-D: function "OLED_ShowNum" declared implicitly
  	 OLED_ShowNum(0, 2, 2025, 4, 16);  // 锟斤拷锟?
../Core/Src/freertos.c(274): warning:  #223-D: function "OLED_ShowCHinese" declared implicitly
     OLED_ShowCHinese(32, 2, 2);       // "锟斤拷"
../Core/Src/freertos.c(281): warning:  #223-D: function "OLED_ShowString" declared implicitly
     OLED_ShowString(0, 6, "Hello World!", 12);
../Core/Src/freertos.c: 6 warnings, 0 errors
compiling main.c...
.\RTE\_test_us\../../bsp_hx711.h(26): warning:  #1-D: last line of file ends without a newline
  #endif
.\RTE\_test_us\../../ds18b20.h(21): warning:  #1-D: last line of file ends without a newline
  #endif /* __DS18B20_H */
../Core/Src/main.c(202): warning:  #223-D: function "OLED_Init" declared implicitly
     OLED_Init();
../Core/Src/main.c(203): warning:  #223-D: function "OLED_Clear" declared implicitly
     OLED_Clear(); // 娓呭睆
../Core/Src/main.c: 4 warnings, 0 errors
compiling stm32f4xx_hal_timebase_tim.c...
compiling stm32f4xx_it.c...
compiling gpio.c...
compiling i2c.c...
compiling stm32f4xx_hal_msp.c...
compiling stm32f4xx_hal_adc_ex.c...
compiling stm32f4xx_hal_rcc.c...
compiling stm32f4xx_hal_tim_ex.c...
compiling stm32f4xx_hal_rcc_ex.c...
compiling usart.c...
compiling stm32f4xx_hal_adc.c...
compiling tim.c...
compiling stm32f4xx_hal_tim.c...
compiling stm32f4xx_hal_flash_ex.c...
compiling stm32f4xx_hal_flash_ramfunc.c...
compiling stm32f4xx_hal_flash.c...
compiling stm32f4xx_hal_pwr.c...
compiling stm32f4xx_hal_cortex.c...
compiling stm32f4xx_hal_uart.c...
compiling stm32f4xx_hal_exti.c...
compiling stm32f4xx_hal_dma.c...
compiling stm32f4xx_hal_i2c_ex.c...
compiling stm32f4xx_hal_pwr_ex.c...
compiling stm32f4xx_hal_gpio.c...
compiling stm32f4xx_hal_dma_ex.c...
compiling system_stm32f4xx.c...
compiling stm32f4xx_hal.c...
compiling croutine.c...
compiling list.c...
compiling event_groups.c...
compiling stm32f4xx_hal_i2c.c...
compiling queue.c...
compiling stream_buffer.c...
compiling tasks.c...
compiling timers.c...
compiling heap_4.c...
compiling DHT11.c...
compiling port.c...
compiling bsp_hx711.c...
bsp_hx711.h(26): warning:  #1-D: last line of file ends without a newline
  #endif
bsp_hx711.c(95): warning:  #1-D: last line of file ends without a newline
  }
bsp_hx711.c: 2 warnings, 0 errors
compiling ds18b20.c...
ds18b20.h(21): warning:  #1-D: last line of file ends without a newline
  #endif /* __DS18B20_H */
ds18b20.c(178): warning:  #1035-D: single-precision operand implicitly converted to double-precision
      temp = (float)temp * 0.625; // ????0.1??C????
ds18b20.c(181): warning:  #1-D: last line of file ends without a newline
  }
ds18b20.c: 3 warnings, 0 errors
compiling delay.c...
compiling serial_command.c...
compiling ble.c...
compiling DFRobot.c...
compiling oled.c...
compiling motor_control.c...
compiling cmsis_os2.c...
linking...
Program Size: Code=22296 RO-data=488 RW-data=220 ZI-data=20636  
FromELF: creating hex file...
"test_us\test_us.axf" - 0 Error(s), 15 Warning(s).

<h2>Software Packages used:</h2>

Package Vendor: ARM
                http://www.keil.com/pack/ARM.CMSIS.5.6.0.pack
                ARM.CMSIS.5.6.0
                CMSIS (Cortex Microcontroller Software Interface Standard)
   * Component: CORE Version: 5.3.0

Package Vendor: Keil
                https://www.keil.com/pack/Keil.STM32F4xx_DFP.3.1.0.pack
                Keil.STM32F4xx_DFP.3.1.0
                STMicroelectronics STM32F4 Series Device Support

<h2>Collection of Component include folders:</h2>
  .\RTE\_test_us
  E:\STM32\ARM\PACK\ARM\CMSIS\5.6.0\CMSIS\Core\Include

<h2>Collection of Component Files used:</h2>

   * Component: ARM::CMSIS:CORE:5.3.0
Build Time Elapsed:  00:00:30
</pre>
</body>
</html>
