Component: ARM Compiler 5.06 update 7 (build 960) Tool: armlink [4d3601]

==============================================================================

Section Cross References

    startup_stm32f407xx.o(RESET) refers to startup_stm32f407xx.o(STACK) for __initial_sp
    startup_stm32f407xx.o(RESET) refers to startup_stm32f407xx.o(.text) for Reset_Handler
    startup_stm32f407xx.o(RESET) refers to stm32f4xx_it.o(i.NMI_Handler) for NMI_Handler
    startup_stm32f407xx.o(RESET) refers to stm32f4xx_it.o(i.HardFault_Handler) for HardFault_Handler
    startup_stm32f407xx.o(RESET) refers to stm32f4xx_it.o(i.MemManage_Handler) for MemManage_Handler
    startup_stm32f407xx.o(RESET) refers to stm32f4xx_it.o(i.BusFault_Handler) for BusFault_Handler
    startup_stm32f407xx.o(RESET) refers to stm32f4xx_it.o(i.UsageFault_Handler) for UsageFault_Handler
    startup_stm32f407xx.o(RESET) refers to stm32f4xx_it.o(i.SVC_Handler) for SVC_Handler
    startup_stm32f407xx.o(RESET) refers to stm32f4xx_it.o(i.DebugMon_Handler) for DebugMon_Handler
    startup_stm32f407xx.o(RESET) refers to stm32f4xx_it.o(i.PendSV_Handler) for PendSV_Handler
    startup_stm32f407xx.o(RESET) refers to stm32f4xx_it.o(i.SysTick_Handler) for SysTick_Handler
    startup_stm32f407xx.o(RESET) refers to stm32f4xx_it.o(i.USART2_IRQHandler) for USART2_IRQHandler
    startup_stm32f407xx.o(RESET) refers to stm32f4xx_it.o(i.USART3_IRQHandler) for USART3_IRQHandler
    startup_stm32f407xx.o(.text) refers to system_stm32f4xx.o(i.SystemInit) for SystemInit
    startup_stm32f407xx.o(.text) refers to entry.o(.ARM.Collect$$$$00000000) for __main
    main.o(i.HAL_UART_RxCpltCallback) refers to serial_command.o(i.SerialCommand_ProcessChar) for SerialCommand_ProcessChar
    main.o(i.HAL_UART_RxCpltCallback) refers to ble.o(i.BLE_UART_ReceiveCallback) for BLE_UART_ReceiveCallback
    main.o(i.HAL_UART_RxCpltCallback) refers to stm32f4xx_hal_uart.o(i.HAL_UART_Receive_IT) for HAL_UART_Receive_IT
    main.o(i.HAL_UART_RxCpltCallback) refers to serial_command.o(.data) for rx_data
    main.o(i.HAL_UART_RxCpltCallback) refers to usart.o(.bss) for huart3
    main.o(i.HAL_UART_RxCpltCallback) refers to ble.o(.data) for ble_rx_data
    main.o(i.SystemClock_Config) refers to memseta.o(.text) for __aeabi_memclr4
    main.o(i.SystemClock_Config) refers to stm32f4xx_hal_rcc.o(i.HAL_RCC_OscConfig) for HAL_RCC_OscConfig
    main.o(i.SystemClock_Config) refers to stm32f4xx_hal_rcc.o(i.HAL_RCC_ClockConfig) for HAL_RCC_ClockConfig
    main.o(i.main) refers to stm32f4xx_hal.o(i.HAL_Init) for HAL_Init
    main.o(i.main) refers to main.o(i.SystemClock_Config) for SystemClock_Config
    main.o(i.main) refers to gpio.o(i.MX_GPIO_Init) for MX_GPIO_Init
    main.o(i.main) refers to tim.o(i.MX_TIM1_Init) for MX_TIM1_Init
    main.o(i.main) refers to usart.o(i.MX_USART1_UART_Init) for MX_USART1_UART_Init
    main.o(i.main) refers to usart.o(i.MX_USART2_UART_Init) for MX_USART2_UART_Init
    main.o(i.main) refers to tim.o(i.MX_TIM2_Init) for MX_TIM2_Init
    main.o(i.main) refers to tim.o(i.MX_TIM3_Init) for MX_TIM3_Init
    main.o(i.main) refers to tim.o(i.MX_TIM4_Init) for MX_TIM4_Init
    main.o(i.main) refers to usart.o(i.MX_USART3_UART_Init) for MX_USART3_UART_Init
    main.o(i.main) refers to adc.o(i.MX_ADC1_Init) for MX_ADC1_Init
    main.o(i.main) refers to i2c.o(i.MX_I2C1_Init) for MX_I2C1_Init
    main.o(i.main) refers to i2c.o(i.MX_I2C2_Init) for MX_I2C2_Init
    main.o(i.main) refers to i2c.o(i.MX_I2C3_Init) for MX_I2C3_Init
    main.o(i.main) refers to motor_control.o(i.Motor_Init) for Motor_Init
    main.o(i.main) refers to serial_command.o(i.SerialCommand_Init) for SerialCommand_Init
    main.o(i.main) refers to ds18b20.o(i.DS18B20_Init) for DS18B20_Init
    main.o(i.main) refers to printfa.o(i.__0printf) for __2printf
    main.o(i.main) refers to bsp_hx711.o(i.Init_HX711pin) for Init_HX711pin
    main.o(i.main) refers to bsp_hx711.o(i.Get_Maopi) for Get_Maopi
    main.o(i.main) refers to oled.o(i.OLED_Init) for OLED_Init
    main.o(i.main) refers to oled.o(i.OLED_Clear) for OLED_Clear
    main.o(i.main) refers to oled.o(i.OLED_ShowNum) for OLED_ShowNum
    main.o(i.main) refers to oled.o(i.OLED_ShowCHinese) for OLED_ShowCHinese
    main.o(i.main) refers to oled.o(i.OLED_ShowString) for OLED_ShowString
    main.o(i.main) refers to stm32f4xx_hal.o(i.HAL_Delay) for HAL_Delay
    main.o(i.main) refers to stm32f4xx_hal_gpio.o(i.HAL_GPIO_TogglePin) for HAL_GPIO_TogglePin
    main.o(i.main) refers to ds18b20.o(i.DS18B20_GetTemp) for DS18B20_GetTemp
    main.o(i.main) refers to dflti.o(.text) for __aeabi_i2d
    main.o(i.main) refers to ddiv.o(.text) for __aeabi_ddiv
    main.o(i.main) refers to bsp_hx711.o(i.Get_Weight) for Get_Weight
    main.o(i.main) refers to stm32f4xx_hal_uart.o(i.HAL_UART_Receive_IT) for HAL_UART_Receive_IT
    main.o(i.main) refers to dfrobot.o(i.Read_Soil_Moisture) for Read_Soil_Moisture
[...]
    motor_control.c                          0x00000000   Number         0  motor_control.o ABSOLUTE
    motor_control.c                          0x00000000   Number         0  motor_control.o ABSOLUTE
    oled.c                                   0x00000000   Number         0  oled.o ABSOLUTE
    oled.c                                   0x00000000   Number         0  oled.o ABSOLUTE
    serial_command.c                         0x00000000   Number         0  serial_command.o ABSOLUTE
    serial_command.c                         0x00000000   Number         0  serial_command.o ABSOLUTE
    startup_stm32f407xx.s                    0x00000000   Number         0  startup_stm32f407xx.o ABSOLUTE
    RESET                                    0x08000000   Section      392  startup_stm32f407xx.o(RESET)
    .ARM.Collect$$$$00000000                 0x08000188   Section        0  entry.o(.ARM.Collect$$$$00000000)
    .ARM.Collect$$$$00000001                 0x08000188   Section        4  entry2.o(.ARM.Collect$$$$00000001)
    .ARM.Collect$$$$00000004                 0x0800018c   Section        4  entry5.o(.ARM.Collect$$$$00000004)
    .ARM.Collect$$$$00000008                 0x08000190   Section        0  entry7b.o(.ARM.Collect$$$$00000008)
    .ARM.Collect$$$$0000000A                 0x08000190   Section        0  entry8b.o(.ARM.Collect$$$$0000000A)
    .ARM.Collect$$$$0000000B                 0x08000190   Section        8  entry9a.o(.ARM.Collect$$$$0000000B)
    .ARM.Collect$$$$0000000E                 0x08000198   Section        4  entry12b.o(.ARM.Collect$$$$0000000E)
    .ARM.Collect$$$$0000000F                 0x0800019c   Section        0  entry10a.o(.ARM.Collect$$$$0000000F)
    .ARM.Collect$$$$00000011                 0x0800019c   Section        0  entry11a.o(.ARM.Collect$$$$00000011)
    .ARM.Collect$$$$00002712                 0x0800019c   Section        4  entry2.o(.ARM.Collect$$$$00002712)
    __lit__00000000                          0x0800019c   Data           4  entry2.o(.ARM.Collect$$$$00002712)
    .text                                    0x080001a0   Section       36  startup_stm32f407xx.o(.text)
    $v0                                      0x080001a0   Number         0  startup_stm32f407xx.o(.text)
    .text                                    0x080001c4   Section        0  uldiv.o(.text)
    .text                                    0x08000226   Section        0  memseta.o(.text)
    .text                                    0x0800024a   Section        0  strncpy.o(.text)
    .text                                    0x08000262   Section        0  strlen.o(.text)
    .text                                    0x08000270   Section        0  strcpy.o(.text)
    .text                                    0x08000282   Section        0  atoi.o(.text)
    .text                                    0x0800029c   Section        0  dmul.o(.text)
    .text                                    0x08000380   Section        0  ddiv.o(.text)
    .text                                    0x0800045e   Section        0  dflti.o(.text)
    .text                                    0x08000480   Section        0  dfixi.o(.text)
    .text                                    0x080004be   Section        0  f2d.o(.text)
    .text                                    0x080004e4   Section        0  uidiv.o(.text)
    .text                                    0x08000510   Section        0  llshl.o(.text)
    .text                                    0x0800052e   Section        0  llushr.o(.text)
    .text                                    0x0800054e   Section        0  strtol.o(.text)
    .text                                    0x080005be   Section        0  iusefp.o(.text)
    .text                                    0x080005be   Section        0  depilogue.o(.text)
    .text                                    0x08000678   Section        0  dadd.o(.text)
    .text                                    0x080007c6   Section        0  dfixul.o(.text)
    .text                                    0x080007f8   Section       48  cdrcmple.o(.text)
    .text                                    0x08000828   Section       36  init.o(.text)
    .text                                    0x0800084c   Section        0  llsshr.o(.text)
    .text                                    0x08000870   Section        0  ctype_o.o(.text)
    .text                                    0x08000878   Section        0  _strtoul.o(.text)
    .text                                    0x08000916   Section        0  _chval.o(.text)
    i.ADC_Init                               0x08000934   Section        0  stm32f4xx_hal_adc.o(i.ADC_Init)
    ADC_Init                                 0x08000935   Thumb Code   284  stm32f4xx_hal_adc.o(i.ADC_Init)
    i.BLE_UART_ReceiveCallback               0x08000a5c   Section        0  ble.o(i.BLE_UART_ReceiveCallback)
    i.BusFault_Handler                       0x08000a9c   Section        0  stm32f4xx_it.o(i.BusFault_Handler)
    i.Check_Moisture_Level                   0x08000aa0   Section        0  dfrobot.o(i.Check_Moisture_Level)
    i.DS18B20_Check                          0x08000ae8   Section        0  ds18b20.o(i.DS18B20_Check)
    i.DS18B20_GetTemp                        0x08000b44   Section        0  ds18b20.o(i.DS18B20_GetTemp)
    i.DS18B20_Init                           0x08000bac   Section        0  ds18b20.o(i.DS18B20_Init)
    i.DS18B20_ReadByte                       0x08000bf4   Section        0  ds18b20.o(i.DS18B20_ReadByte)
    DS18B20_ReadByte                         0x08000bf5   Thumb Code    92  ds18b20.o(i.DS18B20_ReadByte)
    i.DS18B20_Rst                            0x08000c54   Section        0  ds18b20.o(i.DS18B20_Rst)
    DS18B20_Rst                              0x08000c55   Thumb Code    46  ds18b20.o(i.DS18B20_Rst)
    i.DS18B20_Start                          0x08000c88   Section        0  ds18b20.o(i.DS18B20_Start)
    i.DS18B20_WriteByte                      0x08000ca4   Section        0  ds18b20.o(i.DS18B20_WriteByte)
    DS18B20_WriteByte                        0x08000ca5   Thumb Code    96  ds18b20.o(i.DS18B20_WriteByte)
    i.DebugMon_Handler                       0x08000d08   Section        0  stm32f4xx_it.o(i.DebugMon_Handler)
    i.Error_Handler                          0x08000d0a   Section        0  main.o(i.Error_Handler)
    i.GetDeltaCount                          0x08000d0e   Section        0  motor_control.o(i.GetDeltaCount)
    GetDeltaCount                            0x08000d0f   Thumb Code    20  motor_control.o(i.GetDeltaCount)
    i.Get_Humidity_Status                    0x08000d24   Section        0  main.o(i.Get_Humidity_Status)
    i.Get_Maopi                              0x08000d60   Section        0  bsp_hx711.o(i.Get_Maopi)
    i.Get_Soil_Humidity                      0x08000d70   Section        0  main.o(i.Get_Soil_Humidity)
    i.Get_Weight                             0x08000db0   Section        0  bsp_hx711.o(i.Get_Weight)
    i.HAL_ADC_ConfigChannel                  0x08000de4   Section        0  stm32f4xx_hal_adc.o(i.HAL_ADC_ConfigChannel)
    i.HAL_ADC_GetValue                       0x08000f30   Section        0  stm32f4xx_hal_adc.o(i.HAL_ADC_GetValue)
    i.HAL_ADC_Init                           0x08000f36   Section        0  stm32f4xx_hal_adc.o(i.HAL_ADC_Init)
    i.HAL_ADC_MspInit                        0x08000f8c   Section        0  adc.o(i.HAL_ADC_MspInit)
    i.HAL_ADC_PollForConversion              0x08000fec   Section        0  stm32f4xx_hal_adc.o(i.HAL_ADC_PollForConversion)
    i.HAL_ADC_Start                          0x08001098   Section        0  stm32f4xx_hal_adc.o(i.HAL_ADC_Start)
    i.HAL_DMA_Abort                          0x08001194   Section        0  stm32f4xx_hal_dma.o(i.HAL_DMA_Abort)
    i.HAL_DMA_Abort_IT                       0x08001226   Section        0  stm32f4xx_hal_dma.o(i.HAL_DMA_Abort_IT)
    i.HAL_Delay                              0x0800124c   Section        0  stm32f4xx_hal.o(i.HAL_Delay)
    i.HAL_GPIO_Init                          0x08001270   Section        0  stm32f4xx_hal_gpio.o(i.HAL_GPIO_Init)
    i.HAL_GPIO_ReadPin                       0x08001460   Section        0  stm32f4xx_hal_gpio.o(i.HAL_GPIO_ReadPin)
    i.HAL_GPIO_TogglePin                     0x0800146a   Section        0  stm32f4xx_hal_gpio.o(i.HAL_GPIO_TogglePin)
    i.HAL_GPIO_WritePin                      0x0800147a   Section        0  stm32f4xx_hal_gpio.o(i.HAL_GPIO_WritePin)
    i.HAL_GetTick                            0x08001484   Section        0  stm32f4xx_hal.o(i.HAL_GetTick)
    i.HAL_I2C_Init                           0x08001490   Section        0  stm32f4xx_hal_i2c.o(i.HAL_I2C_Init)
    i.HAL_I2C_Mem_Write                      0x08001618   Section        0  stm32f4xx_hal_i2c.o(i.HAL_I2C_Mem_Write)
    i.HAL_I2C_MspInit                        0x08001748   Section        0  i2c.o(i.HAL_I2C_MspInit)
    i.HAL_IncTick                            0x08001860   Section        0  stm32f4xx_hal.o(i.HAL_IncTick)
    i.HAL_Init                               0x08001870   Section        0  stm32f4xx_hal.o(i.HAL_Init)
    i.HAL_InitTick                           0x080018a4   Section        0  stm32f4xx_hal.o(i.HAL_InitTick)
    i.HAL_MspInit                            0x080018e4   Section        0  stm32f4xx_hal_msp.o(i.HAL_MspInit)
    i.HAL_NVIC_EnableIRQ                     0x08001914   Section        0  stm32f4xx_hal_cortex.o(i.HAL_NVIC_EnableIRQ)
    i.HAL_NVIC_SetPriority                   0x08001930   Section        0  stm32f4xx_hal_cortex.o(i.HAL_NVIC_SetPriority)
    i.HAL_NVIC_SetPriorityGrouping           0x08001970   Section        0  stm32f4xx_hal_cortex.o(i.HAL_NVIC_SetPriorityGrouping)
    i.HAL_RCC_ClockConfig                    0x08001994   Section        0  stm32f4xx_hal_rcc.o(i.HAL_RCC_ClockConfig)
    i.HAL_RCC_GetPCLK1Freq                   0x08001ac8   Section        0  stm32f4xx_hal_rcc.o(i.HAL_RCC_GetPCLK1Freq)
    i.HAL_RCC_GetPCLK2Freq                   0x08001ae8   Section        0  stm32f4xx_hal_rcc.o(i.HAL_RCC_GetPCLK2Freq)
    i.HAL_RCC_GetSysClockFreq                0x08001b08   Section        0  stm32f4xx_hal_rcc.o(i.HAL_RCC_GetSysClockFreq)
    i.HAL_RCC_OscConfig                      0x08001b6c   Section        0  stm32f4xx_hal_rcc.o(i.HAL_RCC_OscConfig)
    i.HAL_SYSTICK_Config                     0x08001ed8   Section        0  stm32f4xx_hal_cortex.o(i.HAL_SYSTICK_Config)
    i.HAL_TIMEx_MasterConfigSynchronization  0x08001f00   Section        0  stm32f4xx_hal_tim_ex.o(i.HAL_TIMEx_MasterConfigSynchronization)
    i.HAL_TIM_Base_Init                      0x08001f90   Section        0  stm32f4xx_hal_tim.o(i.HAL_TIM_Base_Init)
    i.HAL_TIM_Base_MspInit                   0x08001fec   Section        0  tim.o(i.HAL_TIM_Base_MspInit)
    i.HAL_TIM_Base_Start                     0x08002020   Section        0  stm32f4xx_hal_tim.o(i.HAL_TIM_Base_Start)
    i.HAL_TIM_Base_Stop                      0x08002098   Section        0  stm32f4xx_hal_tim.o(i.HAL_TIM_Base_Stop)
    i.HAL_TIM_ConfigClockSource              0x080020be   Section        0  stm32f4xx_hal_tim.o(i.HAL_TIM_ConfigClockSource)
    i.HAL_TIM_Encoder_Init                   0x0800219a   Section        0  stm32f4xx_hal_tim.o(i.HAL_TIM_Encoder_Init)
    i.HAL_TIM_Encoder_MspInit                0x08002240   Section        0  tim.o(i.HAL_TIM_Encoder_MspInit)
    i.HAL_TIM_Encoder_Start                  0x080022e4   Section        0  stm32f4xx_hal_tim.o(i.HAL_TIM_Encoder_Start)
    i.HAL_TIM_MspPostInit                    0x08002374   Section        0  tim.o(i.HAL_TIM_MspPostInit)
    i.HAL_TIM_PWM_ConfigChannel              0x080023c4   Section        0  stm32f4xx_hal_tim.o(i.HAL_TIM_PWM_ConfigChannel)
    i.HAL_TIM_PWM_Init                       0x08002490   Section        0  stm32f4xx_hal_tim.o(i.HAL_TIM_PWM_Init)
    i.HAL_TIM_PWM_MspInit                    0x080024ea   Section        0  stm32f4xx_hal_tim.o(i.HAL_TIM_PWM_MspInit)
    i.HAL_TIM_PWM_Start                      0x080024ec   Section        0  stm32f4xx_hal_tim.o(i.HAL_TIM_PWM_Start)
    i.HAL_UARTEx_RxEventCallback             0x080025b4   Section        0  stm32f4xx_hal_uart.o(i.HAL_UARTEx_RxEventCallback)
    i.HAL_UART_ErrorCallback                 0x080025b8   Section        0  ble.o(i.HAL_UART_ErrorCallback)
    i.HAL_UART_IRQHandler                    0x080025fc   Section        0  stm32f4xx_hal_uart.o(i.HAL_UART_IRQHandler)
    i.HAL_UART_Init                          0x0800287c   Section        0  stm32f4xx_hal_uart.o(i.HAL_UART_Init)
    i.HAL_UART_MspInit                       0x080028e0   Section        0  usart.o(i.HAL_UART_MspInit)
    i.HAL_UART_Receive_IT                    0x080029f0   Section        0  stm32f4xx_hal_uart.o(i.HAL_UART_Receive_IT)
    i.HAL_UART_RxCpltCallback                0x08002a0c   Section        0  main.o(i.HAL_UART_RxCpltCallback)
    i.HAL_UART_Transmit                      0x08002a5c   Section        0  stm32f4xx_hal_uart.o(i.HAL_UART_Transmit)
    i.HAL_UART_TxCpltCallback                0x08002afc   Section        0  stm32f4xx_hal_uart.o(i.HAL_UART_TxCpltCallback)
    i.HX711_Read                             0x08002b00   Section        0  bsp_hx711.o(i.HX711_Read)
    i.HardFault_Handler                      0x08002b84   Section        0  stm32f4xx_it.o(i.HardFault_Handler)
    i.I2C_IsAcknowledgeFailed                0x08002b86   Section        0  stm32f4xx_hal_i2c.o(i.I2C_IsAcknowledgeFailed)
    I2C_IsAcknowledgeFailed                  0x08002b87   Thumb Code    46  stm32f4xx_hal_i2c.o(i.I2C_IsAcknowledgeFailed)
    i.I2C_RequestMemoryWrite                 0x08002bb4   Section        0  stm32f4xx_hal_i2c.o(i.I2C_RequestMemoryWrite)
    I2C_RequestMemoryWrite                   0x08002bb5   Thumb Code   162  stm32f4xx_hal_i2c.o(i.I2C_RequestMemoryWrite)
    i.I2C_WaitOnBTFFlagUntilTimeout          0x08002c5c   Section        0  stm32f4xx_hal_i2c.o(i.I2C_WaitOnBTFFlagUntilTimeout)
    I2C_WaitOnBTFFlagUntilTimeout            0x08002c5d   Thumb Code    86  stm32f4xx_hal_i2c.o(i.I2C_WaitOnBTFFlagUntilTimeout)
    i.I2C_WaitOnFlagUntilTimeout             0x08002cb4   Section        0  stm32f4xx_hal_i2c.o(i.I2C_WaitOnFlagUntilTimeout)
    I2C_WaitOnFlagUntilTimeout               0x08002cb5   Thumb Code   144  stm32f4xx_hal_i2c.o(i.I2C_WaitOnFlagUntilTimeout)
    i.I2C_WaitOnMasterAddressFlagUntilTimeout 0x08002d44   Section        0  stm32f4xx_hal_i2c.o(i.I2C_WaitOnMasterAddressFlagUntilTimeout)
    I2C_WaitOnMasterAddressFlagUntilTimeout  0x08002d45   Thumb Code   188  stm32f4xx_hal_i2c.o(i.I2C_WaitOnMasterAddressFlagUntilTimeout)
    i.I2C_WaitOnTXEFlagUntilTimeout          0x08002e00   Section        0  stm32f4xx_hal_i2c.o(i.I2C_WaitOnTXEFlagUntilTimeout)
    I2C_WaitOnTXEFlagUntilTimeout            0x08002e01   Thumb Code    86  stm32f4xx_hal_i2c.o(i.I2C_WaitOnTXEFlagUntilTimeout)
    i.Init_HX711pin                          0x08002e58   Section        0  bsp_hx711.o(i.Init_HX711pin)
    i.MX_ADC1_Init                           0x08002eb8   Section        0  adc.o(i.MX_ADC1_Init)
    i.MX_GPIO_Init                           0x08002f1c   Section        0  gpio.o(i.MX_GPIO_Init)
    i.MX_I2C1_Init                           0x08003098   Section        0  i2c.o(i.MX_I2C1_Init)
    i.MX_I2C2_Init                           0x080030d8   Section        0  i2c.o(i.MX_I2C2_Init)
    i.MX_I2C3_Init                           0x08003118   Section        0  i2c.o(i.MX_I2C3_Init)
    i.MX_TIM1_Init                           0x08003158   Section        0  tim.o(i.MX_TIM1_Init)
    i.MX_TIM2_Init                           0x080031c4   Section        0  tim.o(i.MX_TIM2_Init)
    i.MX_TIM3_Init                           0x0800326c   Section        0  tim.o(i.MX_TIM3_Init)
    i.MX_TIM4_Init                           0x080032d8   Section        0  tim.o(i.MX_TIM4_Init)
    i.MX_USART1_UART_Init                    0x08003344   Section        0  usart.o(i.MX_USART1_UART_Init)
    i.MX_USART2_UART_Init                    0x0800337c   Section        0  usart.o(i.MX_USART2_UART_Init)
    i.MX_USART3_UART_Init                    0x080033b4   Section        0  usart.o(i.MX_USART3_UART_Init)
    i.MemManage_Handler                      0x080033ec   Section        0  stm32f4xx_it.o(i.MemManage_Handler)
    i.Motor_Init                             0x080033f0   Section        0  motor_control.o(i.Motor_Init)
    i.Motor_Set                              0x08003444   Section        0  motor_control.o(i.Motor_Set)
    i.Motor_UpdateSpeed                      0x080034ac   Section        0  motor_control.o(i.Motor_UpdateSpeed)
    i.NMI_Handler                            0x08003564   Section        0  stm32f4xx_it.o(i.NMI_Handler)
    i.OLED_Clear                             0x08003566   Section        0  oled.o(i.OLED_Clear)
    i.OLED_Init                              0x0800359a   Section        0  oled.o(i.OLED_Init)
    i.OLED_Set_Pos                           0x080035aa   Section        0  oled.o(i.OLED_Set_Pos)
    i.OLED_ShowCHinese                       0x080035cc   Section        0  oled.o(i.OLED_ShowCHinese)
    i.OLED_ShowChar                          0x08003618   Section        0  oled.o(i.OLED_ShowChar)
    i.OLED_ShowNum                           0x080036a0   Section        0  oled.o(i.OLED_ShowNum)
    i.OLED_ShowString                        0x0800370a   Section        0  oled.o(i.OLED_ShowString)
    i.OLED_WR_CMD                            0x08003740   Section        0  oled.o(i.OLED_WR_CMD)
    i.OLED_WR_DATA                           0x08003764   Section        0  oled.o(i.OLED_WR_DATA)
    i.ParseCommand                           0x08003788   Section        0  serial_command.o(i.ParseCommand)
    ParseCommand                             0x08003789   Thumb Code   226  serial_command.o(i.ParseCommand)
    i.PendSV_Handler                         0x08003888   Section        0  stm32f4xx_it.o(i.PendSV_Handler)
    i.Read_Soil_Moisture                     0x0800388c   Section        0  dfrobot.o(i.Read_Soil_Moisture)
    i.SVC_Handler                            0x080038b0   Section        0  stm32f4xx_it.o(i.SVC_Handler)
    i.SerialCommand_Init                     0x080038b4   Section        0  serial_command.o(i.SerialCommand_Init)
    i.SerialCommand_ProcessChar              0x080038d0   Section        0  serial_command.o(i.SerialCommand_ProcessChar)
    i.SysTick_Handler                        0x08003910   Section        0  stm32f4xx_it.o(i.SysTick_Handler)
    i.SystemClock_Config                     0x08003914   Section        0  main.o(i.SystemClock_Config)
    i.SystemInit                             0x080039a8   Section        0  system_stm32f4xx.o(i.SystemInit)
    i.TIM_Base_SetConfig                     0x080039b8   Section        0  stm32f4xx_hal_tim.o(i.TIM_Base_SetConfig)
    i.TIM_CCxChannelCmd                      0x08003a88   Section        0  stm32f4xx_hal_tim.o(i.TIM_CCxChannelCmd)
    i.TIM_ETR_SetConfig                      0x08003aa2   Section        0  stm32f4xx_hal_tim.o(i.TIM_ETR_SetConfig)
    i.TIM_ITRx_SetConfig                     0x08003ab6   Section        0  stm32f4xx_hal_tim.o(i.TIM_ITRx_SetConfig)
    TIM_ITRx_SetConfig                       0x08003ab7   Thumb Code    16  stm32f4xx_hal_tim.o(i.TIM_ITRx_SetConfig)
    i.TIM_OC1_SetConfig                      0x08003ac8   Section        0  stm32f4xx_hal_tim.o(i.TIM_OC1_SetConfig)
    TIM_OC1_SetConfig                        0x08003ac9   Thumb Code    88  stm32f4xx_hal_tim.o(i.TIM_OC1_SetConfig)
    i.TIM_OC2_SetConfig                      0x08003b28   Section        0  stm32f4xx_hal_tim.o(i.TIM_OC2_SetConfig)
    i.TIM_OC3_SetConfig                      0x08003b94   Section        0  stm32f4xx_hal_tim.o(i.TIM_OC3_SetConfig)
    TIM_OC3_SetConfig                        0x08003b95   Thumb Code    96  stm32f4xx_hal_tim.o(i.TIM_OC3_SetConfig)
    i.TIM_OC4_SetConfig                      0x08003bfc   Section        0  stm32f4xx_hal_tim.o(i.TIM_OC4_SetConfig)
    TIM_OC4_SetConfig                        0x08003bfd   Thumb Code    70  stm32f4xx_hal_tim.o(i.TIM_OC4_SetConfig)
    i.TIM_TI1_ConfigInputStage               0x08003c4c   Section        0  stm32f4xx_hal_tim.o(i.TIM_TI1_ConfigInputStage)
    TIM_TI1_ConfigInputStage                 0x08003c4d   Thumb Code    34  stm32f4xx_hal_tim.o(i.TIM_TI1_ConfigInputStage)
    i.TIM_TI2_ConfigInputStage               0x08003c6e   Section        0  stm32f4xx_hal_tim.o(i.TIM_TI2_ConfigInputStage)
    TIM_TI2_ConfigInputStage                 0x08003c6f   Thumb Code    36  stm32f4xx_hal_tim.o(i.TIM_TI2_ConfigInputStage)
    i.UART_DMAAbortOnError                   0x08003c92   Section        0  stm32f4xx_hal_uart.o(i.UART_DMAAbortOnError)
    UART_DMAAbortOnError                     0x08003c93   Thumb Code    14  stm32f4xx_hal_uart.o(i.UART_DMAAbortOnError)
    i.UART_EndRxTransfer                     0x08003ca0   Section        0  stm32f4xx_hal_uart.o(i.UART_EndRxTransfer)
    UART_EndRxTransfer                       0x08003ca1   Thumb Code    78  stm32f4xx_hal_uart.o(i.UART_EndRxTransfer)
    i.UART_Receive_IT                        0x08003cee   Section        0  stm32f4xx_hal_uart.o(i.UART_Receive_IT)
    UART_Receive_IT                          0x08003cef   Thumb Code   194  stm32f4xx_hal_uart.o(i.UART_Receive_IT)
    i.UART_SetConfig                         0x08003db0   Section        0  stm32f4xx_hal_uart.o(i.UART_SetConfig)
    UART_SetConfig                           0x08003db1   Thumb Code   258  stm32f4xx_hal_uart.o(i.UART_SetConfig)
    i.UART_Start_Receive_IT                  0x08003ebc   Section        0  stm32f4xx_hal_uart.o(i.UART_Start_Receive_IT)
    i.UART_WaitOnFlagUntilTimeout            0x08003ef2   Section        0  stm32f4xx_hal_uart.o(i.UART_WaitOnFlagUntilTimeout)
    UART_WaitOnFlagUntilTimeout              0x08003ef3   Thumb Code   114  stm32f4xx_hal_uart.o(i.UART_WaitOnFlagUntilTimeout)
    i.USART2_IRQHandler                      0x08003f64   Section        0  stm32f4xx_it.o(i.USART2_IRQHandler)
    i.USART3_IRQHandler                      0x08003f70   Section        0  stm32f4xx_it.o(i.USART3_IRQHandler)
    i.UsageFault_Handler                     0x08003f7c   Section        0  stm32f4xx_it.o(i.UsageFault_Handler)
    i.WriteCmd                               0x08003f80   Section        0  oled.o(i.WriteCmd)
    i.__0printf                              0x08003fb4   Section        0  printfa.o(i.__0printf)
    i.__NVIC_SetPriority                     0x08003fd4   Section        0  stm32f4xx_hal_cortex.o(i.__NVIC_SetPriority)
    __NVIC_SetPriority                       0x08003fd5   Thumb Code    32  stm32f4xx_hal_cortex.o(i.__NVIC_SetPriority)
    i.__aeabi_errno_addr                     0x08003ff4   Section        0  errno.o(i.__aeabi_errno_addr)
    i.__scatterload_copy                     0x08003ffc   Section       14  handlers.o(i.__scatterload_copy)
    i.__scatterload_null                     0x0800400a   Section        2  handlers.o(i.__scatterload_null)
    i.__scatterload_zeroinit                 0x0800400c   Section       14  handlers.o(i.__scatterload_zeroinit)
    i._fp_digits                             0x0800401c   Section        0  printfa.o(i._fp_digits)
    _fp_digits                               0x0800401d   Thumb Code   366  printfa.o(i._fp_digits)
    i._printf_core                           0x080041a0   Section        0  printfa.o(i._printf_core)
    _printf_core                             0x080041a1   Thumb Code  1704  printfa.o(i._printf_core)
    i._printf_post_padding                   0x08004854   Section        0  printfa.o(i._printf_post_padding)
    _printf_post_padding                     0x08004855   Thumb Code    36  printfa.o(i._printf_post_padding)
    i._printf_pre_padding                    0x08004878   Section        0  printfa.o(i._printf_pre_padding)
    _printf_pre_padding                      0x08004879   Thumb Code    46  printfa.o(i._printf_pre_padding)
    i.delay_ms                               0x080048a6   Section        0  delay.o(i.delay_ms)
    i.delay_us                               0x080048bc   Section        0  delay.o(i.delay_us)
    i.delay_us                               0x080048e4   Section        0  bsp_hx711.o(i.delay_us)
    delay_us                                 0x080048e5   Thumb Code    24  bsp_hx711.o(i.delay_us)
    i.fputc                                  0x08004904   Section        0  usart.o(i.fputc)
    i.main                                   0x0800491c   Section        0  main.o(i.main)
    i.oled_pow                               0x08004e10   Section        0  oled.o(i.oled_pow)
    .constdata                               0x08004e20   Section       16  system_stm32f4xx.o(.constdata)
    .constdata                               0x08004e30   Section        8  system_stm32f4xx.o(.constdata)
    .constdata                               0x08004e38   Section     4104  oled.o(.constdata)
    .constdata                               0x08005e40   Section      129  ctype_o.o(.constdata)
    .constdata                               0x08005ec4   Section        4  ctype_o.o(.constdata)
    table                                    0x08005ec4   Data           4  ctype_o.o(.constdata)
    .data                                    0x20000000   Section       12  stm32f4xx_hal.o(.data)
    .data                                    0x2000000c   Section        4  system_stm32f4xx.o(.data)
    .data                                    0x20000010   Section        4  ble.o(.data)
    .data                                    0x20000014   Section       12  bsp_hx711.o(.data)
    .data                                    0x20000020   Section       24  motor_control.o(.data)
    last_count_a                             0x20000020   Data           2  motor_control.o(.data)
    last_count_b                             0x20000022   Data           2  motor_control.o(.data)
    alpha                                    0x20000030   Data           4  motor_control.o(.data)
    print_cnt                                0x20000034   Data           4  motor_control.o(.data)
    .data                                    0x20000038   Section       27  oled.o(.data)
    .data                                    0x20000053   Section        1  serial_command.o(.data)
    .data                                    0x20000054   Section        1  serial_command.o(.data)
    .data                                    0x20000058   Section        4  stdout.o(.data)
    .data                                    0x2000005c   Section        4  errno.o(.data)
    _errno                                   0x2000005c   Data           4  errno.o(.data)
    .bss                                     0x20000060   Section       72  adc.o(.bss)
    .bss                                     0x200000a8   Section      252  i2c.o(.bss)
    .bss                                     0x200001a4   Section      288  tim.o(.bss)
    .bss                                     0x200002c4   Section      216  usart.o(.bss)
    .bss                                     0x2000039c   Section      256  ble.o(.bss)
    .bss                                     0x2000049c   Section       64  serial_command.o(.bss)
    STACK                                    0x200004e0   Section     1024  startup_stm32f407xx.o(STACK)

    Global Symbols

    Symbol Name                              Value     Ov Type        Size  Object(Section)

    BuildAttributes$$THM_ISAv4$E$P$D$K$B$S$7EM$VFPi3$EXTD16$VFPS$VFMA$PE$A:L22UL41UL21$X:L11$S22US41US21$IEEE1$IW$USESV6$~STKCKD$USESV7$~SHL$OSPACE$ROPI$EBA8$MICROLIB$REQ8$PRES8$EABIv2 0x00000000   Number         0  anon$$obj.o ABSOLUTE
    __ARM_use_no_argv                        0x00000000   Number         0  main.o ABSOLUTE
    _printf_a                                0x00000000   Number         0  stubs.o ABSOLUTE
    _printf_c                                0x00000000   Number         0  stubs.o ABSOLUTE
    _printf_charcount                        0x00000000   Number         0  stubs.o ABSOLUTE
    _printf_d                                0x00000000   Number         0  stubs.o ABSOLUTE
    _printf_e                                0x00000000   Number         0  stubs.o ABSOLUTE
    _printf_f                                0x00000000   Number         0  stubs.o ABSOLUTE
    _printf_flags                            0x00000000   Number         0  stubs.o ABSOLUTE
    _printf_fp_dec                           0x00000000   Number         0  stubs.o ABSOLUTE
    _printf_fp_hex                           0x00000000   Number         0  stubs.o ABSOLUTE
    _printf_g                                0x00000000   Number         0  stubs.o ABSOLUTE
    _printf_i                                0x00000000   Number         0  stubs.o ABSOLUTE
    _printf_int_dec                          0x00000000   Number         0  stubs.o ABSOLUTE
    _printf_l                                0x00000000   Number         0  stubs.o ABSOLUTE
    _printf_lc                               0x00000000   Number         0  stubs.o ABSOLUTE
    _printf_ll                               0x00000000   Number         0  stubs.o ABSOLUTE
    _printf_lld                              0x00000000   Number         0  stubs.o ABSOLUTE
    _printf_lli                              0x00000000   Number         0  stubs.o ABSOLUTE
    _printf_llo                              0x00000000   Number         0  stubs.o ABSOLUTE
    _printf_llu                              0x00000000   Number         0  stubs.o ABSOLUTE
    _printf_llx                              0x00000000   Number         0  stubs.o ABSOLUTE
    _printf_longlong_dec                     0x00000000   Number         0  stubs.o ABSOLUTE
    _printf_longlong_hex                     0x00000000   Number         0  stubs.o ABSOLUTE
    _printf_longlong_oct                     0x00000000   Number         0  stubs.o ABSOLUTE
    _printf_ls                               0x00000000   Number         0  stubs.o ABSOLUTE
    _printf_mbtowc                           0x00000000   Number         0  stubs.o ABSOLUTE
    _printf_n                                0x00000000   Number         0  stubs.o ABSOLUTE
    _printf_o                                0x00000000   Number         0  stubs.o ABSOLUTE
    _printf_p                                0x00000000   Number         0  stubs.o ABSOLUTE
    _printf_percent                          0x00000000   Number         0  stubs.o ABSOLUTE
    _printf_pre_padding                      0x00000000   Number         0  stubs.o ABSOLUTE
    _printf_return_value                     0x00000000   Number         0  stubs.o ABSOLUTE
    _printf_s                                0x00000000   Number         0  stubs.o ABSOLUTE
    _printf_sizespec                         0x00000000   Number         0  stubs.o ABSOLUTE
    _printf_str                              0x00000000   Number         0  stubs.o ABSOLUTE
    _printf_truncate_signed                  0x00000000   Number         0  stubs.o ABSOLUTE
    _printf_truncate_unsigned                0x00000000   Number         0  stubs.o ABSOLUTE
    _printf_u                                0x00000000   Number         0  stubs.o ABSOLUTE
    _printf_wc                               0x00000000   Number         0  stubs.o ABSOLUTE
    _printf_wctomb                           0x00000000   Number         0  stubs.o ABSOLUTE
    _printf_widthprec                        0x00000000   Number         0  stubs.o ABSOLUTE
    _printf_x                                0x00000000   Number         0  stubs.o ABSOLUTE
    __arm_fini_                               - Undefined Weak Reference
    __cpp_initialize__aeabi_                  - Undefined Weak Reference
    __cxa_finalize                            - Undefined Weak Reference
    __decompress                              - Undefined Weak Reference
    _clock_init                               - Undefined Weak Reference
    _microlib_exit                            - Undefined Weak Reference
    __Vectors_Size                           0x00000188   Number         0  startup_stm32f407xx.o ABSOLUTE
    __Vectors                                0x08000000   Data           4  startup_stm32f407xx.o(RESET)
    __Vectors_End                            0x08000188   Data           0  startup_stm32f407xx.o(RESET)
    __main                                   0x08000189   Thumb Code     0  entry.o(.ARM.Collect$$$$00000000)
    _main_stk                                0x08000189   Thumb Code     0  entry2.o(.ARM.Collect$$$$00000001)
    _main_scatterload                        0x0800018d   Thumb Code     0  entry5.o(.ARM.Collect$$$$00000004)
    __main_after_scatterload                 0x08000191   Thumb Code     0  entry5.o(.ARM.Collect$$$$00000004)
    _main_clock                              0x08000191   Thumb Code     0  entry7b.o(.ARM.Collect$$$$00000008)
    _main_cpp_init                           0x08000191   Thumb Code     0  entry8b.o(.ARM.Collect$$$$0000000A)
    _main_init                               0x08000191   Thumb Code     0  entry9a.o(.ARM.Collect$$$$0000000B)
    __rt_lib_shutdown_fini                   0x08000199   Thumb Code     0  entry12b.o(.ARM.Collect$$$$0000000E)
    __rt_final_cpp                           0x0800019d   Thumb Code     0  entry10a.o(.ARM.Collect$$$$0000000F)
    __rt_final_exit                          0x0800019d   Thumb Code     0  entry11a.o(.ARM.Collect$$$$00000011)
    Reset_Handler                            0x080001a1   Thumb Code     8  startup_stm32f407xx.o(.text)
    ADC_IRQHandler                           0x080001bb   Thumb Code     0  startup_stm32f407xx.o(.text)
    CAN1_RX0_IRQHandler                      0x080001bb   Thumb Code     0  startup_stm32f407xx.o(.text)
    CAN1_RX1_IRQHandler                      0x080001bb   Thumb Code     0  startup_stm32f407xx.o(.text)
    CAN1_SCE_IRQHandler                      0x080001bb   Thumb Code     0  startup_stm32f407xx.o(.text)
    CAN1_TX_IRQHandler                       0x080001bb   Thumb Code     0  startup_stm32f407xx.o(.text)
    CAN2_RX0_IRQHandler                      0x080001bb   Thumb Code     0  startup_stm32f407xx.o(.text)
    CAN2_RX1_IRQHandler                      0x080001bb   Thumb Code     0  startup_stm32f407xx.o(.text)
    CAN2_SCE_IRQHandler                      0x080001bb   Thumb Code     0  startup_stm32f407xx.o(.text)
    CAN2_TX_IRQHandler                       0x080001bb   Thumb Code     0  startup_stm32f407xx.o(.text)
    DCMI_IRQHandler                          0x080001bb   Thumb Code     0  startup_stm32f407xx.o(.text)
    DMA1_Stream0_IRQHandler                  0x080001bb   Thumb Code     0  startup_stm32f407xx.o(.text)
    DMA1_Stream1_IRQHandler                  0x080001bb   Thumb Code     0  startup_stm32f407xx.o(.text)
    DMA1_Stream2_IRQHandler                  0x080001bb   Thumb Code     0  startup_stm32f407xx.o(.text)
    DMA1_Stream3_IRQHandler                  0x080001bb   Thumb Code     0  startup_stm32f407xx.o(.text)
    DMA1_Stream4_IRQHandler                  0x080001bb   Thumb Code     0  startup_stm32f407xx.o(.text)
    DMA1_Stream5_IRQHandler                  0x080001bb   Thumb Code     0  startup_stm32f407xx.o(.text)
    DMA1_Stream6_IRQHandler                  0x080001bb   Thumb Code     0  startup_stm32f407xx.o(.text)
    DMA1_Stream7_IRQHandler                  0x080001bb   Thumb Code     0  startup_stm32f407xx.o(.text)
    DMA2_Stream0_IRQHandler                  0x080001bb   Thumb Code     0  startup_stm32f407xx.o(.text)
    DMA2_Stream1_IRQHandler                  0x080001bb   Thumb Code     0  startup_stm32f407xx.o(.text)
    DMA2_Stream2_IRQHandler                  0x080001bb   Thumb Code     0  startup_stm32f407xx.o(.text)
    DMA2_Stream3_IRQHandler                  0x080001bb   Thumb Code     0  startup_stm32f407xx.o(.text)
    DMA2_Stream4_IRQHandler                  0x080001bb   Thumb Code     0  startup_stm32f407xx.o(.text)
    DMA2_Stream5_IRQHandler                  0x080001bb   Thumb Code     0  startup_stm32f407xx.o(.text)
    DMA2_Stream6_IRQHandler                  0x080001bb   Thumb Code     0  startup_stm32f407xx.o(.text)
    DMA2_Stream7_IRQHandler                  0x080001bb   Thumb Code     0  startup_stm32f407xx.o(.text)
    ETH_IRQHandler                           0x080001bb   Thumb Code     0  startup_stm32f407xx.o(.text)
    ETH_WKUP_IRQHandler                      0x080001bb   Thumb Code     0  startup_stm32f407xx.o(.text)
    EXTI0_IRQHandler                         0x080001bb   Thumb Code     0  startup_stm32f407xx.o(.text)
    EXTI15_10_IRQHandler                     0x080001bb   Thumb Code     0  startup_stm32f407xx.o(.text)
    EXTI1_IRQHandler                         0x080001bb   Thumb Code     0  startup_stm32f407xx.o(.text)
    EXTI2_IRQHandler                         0x080001bb   Thumb Code     0  startup_stm32f407xx.o(.text)
    EXTI3_IRQHandler                         0x080001bb   Thumb Code     0  startup_stm32f407xx.o(.text)
    EXTI4_IRQHandler                         0x080001bb   Thumb Code     0  startup_stm32f407xx.o(.text)
    EXTI9_5_IRQHandler                       0x080001bb   Thumb Code     0  startup_stm32f407xx.o(.text)
    FLASH_IRQHandler                         0x080001bb   Thumb Code     0  startup_stm32f407xx.o(.text)
    FMC_IRQHandler                           0x080001bb   Thumb Code     0  startup_stm32f407xx.o(.text)
    FPU_IRQHandler                           0x080001bb   Thumb Code     0  startup_stm32f407xx.o(.text)
    HASH_RNG_IRQHandler                      0x080001bb   Thumb Code     0  startup_stm32f407xx.o(.text)
    I2C1_ER_IRQHandler                       0x080001bb   Thumb Code     0  startup_stm32f407xx.o(.text)
    I2C1_EV_IRQHandler                       0x080001bb   Thumb Code     0  startup_stm32f407xx.o(.text)
    I2C2_ER_IRQHandler                       0x080001bb   Thumb Code     0  startup_stm32f407xx.o(.text)
    I2C2_EV_IRQHandler                       0x080001bb   Thumb Code     0  startup_stm32f407xx.o(.text)
    I2C3_ER_IRQHandler                       0x080001bb   Thumb Code     0  startup_stm32f407xx.o(.text)
    I2C3_EV_IRQHandler                       0x080001bb   Thumb Code     0  startup_stm32f407xx.o(.text)
    OTG_FS_IRQHandler                        0x080001bb   Thumb Code     0  startup_stm32f407xx.o(.text)
    OTG_FS_WKUP_IRQHandler                   0x080001bb   Thumb Code     0  startup_stm32f407xx.o(.text)
    OTG_HS_EP1_IN_IRQHandler                 0x080001bb   Thumb Code     0  startup_stm32f407xx.o(.text)
    OTG_HS_EP1_OUT_IRQHandler                0x080001bb   Thumb Code     0  startup_stm32f407xx.o(.text)
    OTG_HS_IRQHandler                        0x080001bb   Thumb Code     0  startup_stm32f407xx.o(.text)
    OTG_HS_WKUP_IRQHandler                   0x080001bb   Thumb Code     0  startup_stm32f407xx.o(.text)
    PVD_IRQHandler                           0x080001bb   Thumb Code     0  startup_stm32f407xx.o(.text)
    RCC_IRQHandler                           0x080001bb   Thumb Code     0  startup_stm32f407xx.o(.text)
    RTC_Alarm_IRQHandler                     0x080001bb   Thumb Code     0  startup_stm32f407xx.o(.text)
    RTC_WKUP_IRQHandler                      0x080001bb   Thumb Code     0  startup_stm32f407xx.o(.text)
    SDIO_IRQHandler                          0x080001bb   Thumb Code     0  startup_stm32f407xx.o(.text)
    SPI1_IRQHandler                          0x080001bb   Thumb Code     0  startup_stm32f407xx.o(.text)
    SPI2_IRQHandler                          0x080001bb   Thumb Code     0  startup_stm32f407xx.o(.text)
    SPI3_IRQHandler                          0x080001bb   Thumb Code     0  startup_stm32f407xx.o(.text)
    TAMP_STAMP_IRQHandler                    0x080001bb   Thumb Code     0  startup_stm32f407xx.o(.text)
    TIM1_BRK_TIM9_IRQHandler                 0x080001bb   Thumb Code     0  startup_stm32f407xx.o(.text)
    TIM1_CC_IRQHandler                       0x080001bb   Thumb Code     0  startup_stm32f407xx.o(.text)
    TIM1_TRG_COM_TIM11_IRQHandler            0x080001bb   Thumb Code     0  startup_stm32f407xx.o(.text)
    TIM1_UP_TIM10_IRQHandler                 0x080001bb   Thumb Code     0  startup_stm32f407xx.o(.text)
    TIM2_IRQHandler                          0x080001bb   Thumb Code     0  startup_stm32f407xx.o(.text)
    TIM3_IRQHandler                          0x080001bb   Thumb Code     0  startup_stm32f407xx.o(.text)
    TIM4_IRQHandler                          0x080001bb   Thumb Code     0  startup_stm32f407xx.o(.text)
    TIM5_IRQHandler                          0x080001bb   Thumb Code     0  startup_stm32f407xx.o(.text)
    TIM6_DAC_IRQHandler                      0x080001bb   Thumb Code     0  startup_stm32f407xx.o(.text)
    TIM7_IRQHandler                          0x080001bb   Thumb Code     0  startup_stm32f407xx.o(.text)
    TIM8_BRK_TIM12_IRQHandler                0x080001bb   Thumb Code     0  startup_stm32f407xx.o(.text)
    TIM8_CC_IRQHandler                       0x080001bb   Thumb Code     0  startup_stm32f407xx.o(.text)
    TIM8_TRG_COM_TIM14_IRQHandler            0x080001bb   Thumb Code     0  startup_stm32f407xx.o(.text)
    TIM8_UP_TIM13_IRQHandler                 0x080001bb   Thumb Code     0  startup_stm32f407xx.o(.text)
    UART4_IRQHandler                         0x080001bb   Thumb Code     0  startup_stm32f407xx.o(.text)
    UART5_IRQHandler                         0x080001bb   Thumb Code     0  startup_stm32f407xx.o(.text)
    USART1_IRQHandler                        0x080001bb   Thumb Code     0  startup_stm32f407xx.o(.text)
    USART6_IRQHandler                        0x080001bb   Thumb Code     0  startup_stm32f407xx.o(.text)
    WWDG_IRQHandler                          0x080001bb   Thumb Code     0  startup_stm32f407xx.o(.text)
    __aeabi_uldivmod                         0x080001c5   Thumb Code    98  uldiv.o(.text)
    __aeabi_memset                           0x08000227   Thumb Code    14  memseta.o(.text)
    __aeabi_memset4                          0x08000227   Thumb Code     0  memseta.o(.text)
    __aeabi_memset8                          0x08000227   Thumb Code     0  memseta.o(.text)
    __aeabi_memclr                           0x08000235   Thumb Code     4  memseta.o(.text)
    __aeabi_memclr4                          0x08000235   Thumb Code     0  memseta.o(.text)
    __aeabi_memclr8                          0x08000235   Thumb Code     0  memseta.o(.text)
    _memset$wrapper                          0x08000239   Thumb Code    18  memseta.o(.text)
    strncpy                                  0x0800024b   Thumb Code    24  strncpy.o(.text)
    strlen                                   0x08000263   Thumb Code    14  strlen.o(.text)
    strcpy                                   0x08000271   Thumb Code    18  strcpy.o(.text)
    atoi                                     0x08000283   Thumb Code    26  atoi.o(.text)
    __aeabi_dmul                             0x0800029d   Thumb Code   228  dmul.o(.text)
    __aeabi_ddiv                             0x08000381   Thumb Code   222  ddiv.o(.text)
    __aeabi_i2d                              0x0800045f   Thumb Code    34  dflti.o(.text)
    __aeabi_d2iz                             0x08000481   Thumb Code    62  dfixi.o(.text)
    __aeabi_f2d                              0x080004bf   Thumb Code    38  f2d.o(.text)
    __aeabi_uidiv                            0x080004e5   Thumb Code     0  uidiv.o(.text)
    __aeabi_uidivmod                         0x080004e5   Thumb Code    44  uidiv.o(.text)
    __aeabi_llsl                             0x08000511   Thumb Code    30  llshl.o(.text)
    _ll_shift_l                              0x08000511   Thumb Code     0  llshl.o(.text)
    __aeabi_llsr                             0x0800052f   Thumb Code    32  llushr.o(.text)
    _ll_ushift_r                             0x0800052f   Thumb Code     0  llushr.o(.text)
    strtol                                   0x0800054f   Thumb Code   112  strtol.o(.text)
    __I$use$fp                               0x080005bf   Thumb Code     0  iusefp.o(.text)
    _double_round                            0x080005bf   Thumb Code    30  depilogue.o(.text)
    _double_epilogue                         0x080005dd   Thumb Code   156  depilogue.o(.text)
    __aeabi_dadd                             0x08000679   Thumb Code   322  dadd.o(.text)
    __aeabi_dsub                             0x080007bb   Thumb Code     6  dadd.o(.text)
    __aeabi_drsub                            0x080007c1   Thumb Code     6  dadd.o(.text)
    __aeabi_d2ulz                            0x080007c7   Thumb Code    48  dfixul.o(.text)
    __aeabi_cdrcmple                         0x080007f9   Thumb Code    48  cdrcmple.o(.text)
    __scatterload                            0x08000829   Thumb Code    28  init.o(.text)
    __scatterload_rt2                        0x08000829   Thumb Code     0  init.o(.text)
    __aeabi_lasr                             0x0800084d   Thumb Code    36  llsshr.o(.text)
    _ll_sshift_r                             0x0800084d   Thumb Code     0  llsshr.o(.text)
    __rt_ctype_table                         0x08000871   Thumb Code     4  ctype_o.o(.text)
    _strtoul                                 0x08000879   Thumb Code   158  _strtoul.o(.text)
    _chval                                   0x08000917   Thumb Code    28  _chval.o(.text)
    BLE_UART_ReceiveCallback                 0x08000a5d   Thumb Code    36  ble.o(i.BLE_UART_ReceiveCallback)
    BusFault_Handler                         0x08000a9d   Thumb Code     2  stm32f4xx_it.o(i.BusFault_Handler)
    Check_Moisture_Level                     0x08000aa1   Thumb Code    44  dfrobot.o(i.Check_Moisture_Level)
    DS18B20_Check                            0x08000ae9   Thumb Code    88  ds18b20.o(i.DS18B20_Check)
    DS18B20_GetTemp                          0x08000b45   Thumb Code    96  ds18b20.o(i.DS18B20_GetTemp)
    DS18B20_Init                             0x08000bad   Thumb Code    64  ds18b20.o(i.DS18B20_Init)
    DS18B20_Start                            0x08000c89   Thumb Code    26  ds18b20.o(i.DS18B20_Start)
    DebugMon_Handler                         0x08000d09   Thumb Code     2  stm32f4xx_it.o(i.DebugMon_Handler)
    Error_Handler                            0x08000d0b   Thumb Code     4  main.o(i.Error_Handler)
    Get_Humidity_Status                      0x08000d25   Thumb Code    32  main.o(i.Get_Humidity_Status)
    Get_Maopi                                0x08000d61   Thumb Code    12  bsp_hx711.o(i.Get_Maopi)
    Get_Soil_Humidity                        0x08000d71   Thumb Code    52  main.o(i.Get_Soil_Humidity)
    Get_Weight                               0x08000db1   Thumb Code    44  bsp_hx711.o(i.Get_Weight)
    HAL_ADC_ConfigChannel                    0x08000de5   Thumb Code   316  stm32f4xx_hal_adc.o(i.HAL_ADC_ConfigChannel)
    HAL_ADC_GetValue                         0x08000f31   Thumb Code     6  stm32f4xx_hal_adc.o(i.HAL_ADC_GetValue)
    HAL_ADC_Init                             0x08000f37   Thumb Code    84  stm32f4xx_hal_adc.o(i.HAL_ADC_Init)
    HAL_ADC_MspInit                          0x08000f8d   Thumb Code    84  adc.o(i.HAL_ADC_MspInit)
    HAL_ADC_PollForConversion                0x08000fed   Thumb Code   170  stm32f4xx_hal_adc.o(i.HAL_ADC_PollForConversion)
    HAL_ADC_Start                            0x08001099   Thumb Code   228  stm32f4xx_hal_adc.o(i.HAL_ADC_Start)
    HAL_DMA_Abort                            0x08001195   Thumb Code   146  stm32f4xx_hal_dma.o(i.HAL_DMA_Abort)
    HAL_DMA_Abort_IT                         0x08001227   Thumb Code    36  stm32f4xx_hal_dma.o(i.HAL_DMA_Abort_IT)
    HAL_Delay                                0x0800124d   Thumb Code    32  stm32f4xx_hal.o(i.HAL_Delay)
    HAL_GPIO_Init                            0x08001271   Thumb Code   450  stm32f4xx_hal_gpio.o(i.HAL_GPIO_Init)
    HAL_GPIO_ReadPin                         0x08001461   Thumb Code    10  stm32f4xx_hal_gpio.o(i.HAL_GPIO_ReadPin)
    HAL_GPIO_TogglePin                       0x0800146b   Thumb Code    16  stm32f4xx_hal_gpio.o(i.HAL_GPIO_TogglePin)
    HAL_GPIO_WritePin                        0x0800147b   Thumb Code    10  stm32f4xx_hal_gpio.o(i.HAL_GPIO_WritePin)
    HAL_GetTick                              0x08001485   Thumb Code     6  stm32f4xx_hal.o(i.HAL_GetTick)
    HAL_I2C_Init                             0x08001491   Thumb Code   376  stm32f4xx_hal_i2c.o(i.HAL_I2C_Init)
    HAL_I2C_Mem_Write                        0x08001619   Thumb Code   294  stm32f4xx_hal_i2c.o(i.HAL_I2C_Mem_Write)
    HAL_I2C_MspInit                          0x08001749   Thumb Code   246  i2c.o(i.HAL_I2C_MspInit)
    HAL_IncTick                              0x08001861   Thumb Code    12  stm32f4xx_hal.o(i.HAL_IncTick)
    HAL_Init                                 0x08001871   Thumb Code    48  stm32f4xx_hal.o(i.HAL_Init)
    HAL_InitTick                             0x080018a5   Thumb Code    54  stm32f4xx_hal.o(i.HAL_InitTick)
    HAL_MspInit                              0x080018e5   Thumb Code    42  stm32f4xx_hal_msp.o(i.HAL_MspInit)
    HAL_NVIC_EnableIRQ                       0x08001915   Thumb Code    26  stm32f4xx_hal_cortex.o(i.HAL_NVIC_EnableIRQ)
    HAL_NVIC_SetPriority                     0x08001931   Thumb Code    60  stm32f4xx_hal_cortex.o(i.HAL_NVIC_SetPriority)
    HAL_NVIC_SetPriorityGrouping             0x08001971   Thumb Code    26  stm32f4xx_hal_cortex.o(i.HAL_NVIC_SetPriorityGrouping)
    HAL_RCC_ClockConfig                      0x08001995   Thumb Code   288  stm32f4xx_hal_rcc.o(i.HAL_RCC_ClockConfig)
    HAL_RCC_GetPCLK1Freq                     0x08001ac9   Thumb Code    20  stm32f4xx_hal_rcc.o(i.HAL_RCC_GetPCLK1Freq)
    HAL_RCC_GetPCLK2Freq                     0x08001ae9   Thumb Code    20  stm32f4xx_hal_rcc.o(i.HAL_RCC_GetPCLK2Freq)
    HAL_RCC_GetSysClockFreq                  0x08001b09   Thumb Code    88  stm32f4xx_hal_rcc.o(i.HAL_RCC_GetSysClockFreq)
    HAL_RCC_OscConfig                        0x08001b6d   Thumb Code   856  stm32f4xx_hal_rcc.o(i.HAL_RCC_OscConfig)
    HAL_SYSTICK_Config                       0x08001ed9   Thumb Code    40  stm32f4xx_hal_cortex.o(i.HAL_SYSTICK_Config)
    HAL_TIMEx_MasterConfigSynchronization    0x08001f01   Thumb Code   116  stm32f4xx_hal_tim_ex.o(i.HAL_TIMEx_MasterConfigSynchronization)
    HAL_TIM_Base_Init                        0x08001f91   Thumb Code    90  stm32f4xx_hal_tim.o(i.HAL_TIM_Base_Init)
    HAL_TIM_Base_MspInit                     0x08001fed   Thumb Code    42  tim.o(i.HAL_TIM_Base_MspInit)
    HAL_TIM_Base_Start                       0x08002021   Thumb Code    90  stm32f4xx_hal_tim.o(i.HAL_TIM_Base_Start)
    HAL_TIM_Base_Stop                        0x08002099   Thumb Code    38  stm32f4xx_hal_tim.o(i.HAL_TIM_Base_Stop)
    HAL_TIM_ConfigClockSource                0x080020bf   Thumb Code   220  stm32f4xx_hal_tim.o(i.HAL_TIM_ConfigClockSource)
    HAL_TIM_Encoder_Init                     0x0800219b   Thumb Code   164  stm32f4xx_hal_tim.o(i.HAL_TIM_Encoder_Init)
    HAL_TIM_Encoder_MspInit                  0x08002241   Thumb Code   142  tim.o(i.HAL_TIM_Encoder_MspInit)
    HAL_TIM_Encoder_Start                    0x080022e5   Thumb Code   142  stm32f4xx_hal_tim.o(i.HAL_TIM_Encoder_Start)
    HAL_TIM_MspPostInit                      0x08002375   Thumb Code    72  tim.o(i.HAL_TIM_MspPostInit)
    HAL_TIM_PWM_ConfigChannel                0x080023c5   Thumb Code   204  stm32f4xx_hal_tim.o(i.HAL_TIM_PWM_ConfigChannel)
    HAL_TIM_PWM_Init                         0x08002491   Thumb Code    90  stm32f4xx_hal_tim.o(i.HAL_TIM_PWM_Init)
    HAL_TIM_PWM_MspInit                      0x080024eb   Thumb Code     2  stm32f4xx_hal_tim.o(i.HAL_TIM_PWM_MspInit)
    HAL_TIM_PWM_Start                        0x080024ed   Thumb Code   172  stm32f4xx_hal_tim.o(i.HAL_TIM_PWM_Start)
    HAL_UARTEx_RxEventCallback               0x080025b5   Thumb Code     2  stm32f4xx_hal_uart.o(i.HAL_UARTEx_RxEventCallback)
    HAL_UART_ErrorCallback                   0x080025b9   Thumb Code    30  ble.o(i.HAL_UART_ErrorCallback)
    HAL_UART_IRQHandler                      0x080025fd   Thumb Code   636  stm32f4xx_hal_uart.o(i.HAL_UART_IRQHandler)
    HAL_UART_Init                            0x0800287d   Thumb Code   100  stm32f4xx_hal_uart.o(i.HAL_UART_Init)
    HAL_UART_MspInit                         0x080028e1   Thumb Code   246  usart.o(i.HAL_UART_MspInit)
    HAL_UART_Receive_IT                      0x080029f1   Thumb Code    28  stm32f4xx_hal_uart.o(i.HAL_UART_Receive_IT)
    HAL_UART_RxCpltCallback                  0x08002a0d   Thumb Code    56  main.o(i.HAL_UART_RxCpltCallback)
    HAL_UART_Transmit                        0x08002a5d   Thumb Code   160  stm32f4xx_hal_uart.o(i.HAL_UART_Transmit)
    HAL_UART_TxCpltCallback                  0x08002afd   Thumb Code     2  stm32f4xx_hal_uart.o(i.HAL_UART_TxCpltCallback)
    HX711_Read                               0x08002b01   Thumb Code   126  bsp_hx711.o(i.HX711_Read)
    HardFault_Handler                        0x08002b85   Thumb Code     2  stm32f4xx_it.o(i.HardFault_Handler)
    Init_HX711pin                            0x08002e59   Thumb Code    86  bsp_hx711.o(i.Init_HX711pin)
    MX_ADC1_Init                             0x08002eb9   Thumb Code    88  adc.o(i.MX_ADC1_Init)
    MX_GPIO_Init                             0x08002f1d   Thumb Code   356  gpio.o(i.MX_GPIO_Init)
    MX_I2C1_Init                             0x08003099   Thumb Code    50  i2c.o(i.MX_I2C1_Init)
    MX_I2C2_Init                             0x080030d9   Thumb Code    50  i2c.o(i.MX_I2C2_Init)
    MX_I2C3_Init                             0x08003119   Thumb Code    50  i2c.o(i.MX_I2C3_Init)
    MX_TIM1_Init                             0x08003159   Thumb Code    98  tim.o(i.MX_TIM1_Init)
    MX_TIM2_Init                             0x080031c5   Thumb Code   164  tim.o(i.MX_TIM2_Init)
    MX_TIM3_Init                             0x0800326d   Thumb Code    98  tim.o(i.MX_TIM3_Init)
    MX_TIM4_Init                             0x080032d9   Thumb Code    98  tim.o(i.MX_TIM4_Init)
    MX_USART1_UART_Init                      0x08003345   Thumb Code    48  usart.o(i.MX_USART1_UART_Init)
    MX_USART2_UART_Init                      0x0800337d   Thumb Code    48  usart.o(i.MX_USART2_UART_Init)
    MX_USART3_UART_Init                      0x080033b5   Thumb Code    48  usart.o(i.MX_USART3_UART_Init)
    MemManage_Handler                        0x080033ed   Thumb Code     2  stm32f4xx_it.o(i.MemManage_Handler)
    Motor_Init                               0x080033f1   Thumb Code    64  motor_control.o(i.Motor_Init)
    Motor_Set                                0x08003445   Thumb Code    96  motor_control.o(i.Motor_Set)
    Motor_UpdateSpeed                        0x080034ad   Thumb Code   170  motor_control.o(i.Motor_UpdateSpeed)
    NMI_Handler                              0x08003565   Thumb Code     2  stm32f4xx_it.o(i.NMI_Handler)
    OLED_Clear                               0x08003567   Thumb Code    52  oled.o(i.OLED_Clear)
    OLED_Init                                0x0800359b   Thumb Code    16  oled.o(i.OLED_Init)
    OLED_Set_Pos                             0x080035ab   Thumb Code    34  oled.o(i.OLED_Set_Pos)
    OLED_ShowCHinese                         0x080035cd   Thumb Code    70  oled.o(i.OLED_ShowCHinese)
    OLED_ShowChar                            0x08003619   Thumb Code   126  oled.o(i.OLED_ShowChar)
    OLED_ShowNum                             0x080036a1   Thumb Code   106  oled.o(i.OLED_ShowNum)
    OLED_ShowString                          0x0800370b   Thumb Code    54  oled.o(i.OLED_ShowString)
    OLED_WR_CMD                              0x08003741   Thumb Code    32  oled.o(i.OLED_WR_CMD)
    OLED_WR_DATA                             0x08003765   Thumb Code    32  oled.o(i.OLED_WR_DATA)
    PendSV_Handler                           0x08003889   Thumb Code     2  stm32f4xx_it.o(i.PendSV_Handler)
    Read_Soil_Moisture                       0x0800388d   Thumb Code    32  dfrobot.o(i.Read_Soil_Moisture)
    SVC_Handler                              0x080038b1   Thumb Code     2  stm32f4xx_it.o(i.SVC_Handler)
    SerialCommand_Init                       0x080038b5   Thumb Code    16  serial_command.o(i.SerialCommand_Init)
    SerialCommand_ProcessChar                0x080038d1   Thumb Code    54  serial_command.o(i.SerialCommand_ProcessChar)
    SysTick_Handler                          0x08003911   Thumb Code     4  stm32f4xx_it.o(i.SysTick_Handler)
    SystemClock_Config                       0x08003915   Thumb Code   140  main.o(i.SystemClock_Config)
    SystemInit                               0x080039a9   Thumb Code    12  system_stm32f4xx.o(i.SystemInit)
    TIM_Base_SetConfig                       0x080039b9   Thumb Code   164  stm32f4xx_hal_tim.o(i.TIM_Base_SetConfig)
    TIM_CCxChannelCmd                        0x08003a89   Thumb Code    26  stm32f4xx_hal_tim.o(i.TIM_CCxChannelCmd)
    TIM_ETR_SetConfig                        0x08003aa3   Thumb Code    20  stm32f4xx_hal_tim.o(i.TIM_ETR_SetConfig)
    TIM_OC2_SetConfig                        0x08003b29   Thumb Code    98  stm32f4xx_hal_tim.o(i.TIM_OC2_SetConfig)
    UART_Start_Receive_IT                    0x08003ebd   Thumb Code    54  stm32f4xx_hal_uart.o(i.UART_Start_Receive_IT)
    USART2_IRQHandler                        0x08003f65   Thumb Code     6  stm32f4xx_it.o(i.USART2_IRQHandler)
    USART3_IRQHandler                        0x08003f71   Thumb Code     6  stm32f4xx_it.o(i.USART3_IRQHandler)
    UsageFault_Handler                       0x08003f7d   Thumb Code     2  stm32f4xx_it.o(i.UsageFault_Handler)
    WriteCmd                                 0x08003f81   Thumb Code    42  oled.o(i.WriteCmd)
    __0printf                                0x08003fb5   Thumb Code    22  printfa.o(i.__0printf)
    __1printf                                0x08003fb5   Thumb Code     0  printfa.o(i.__0printf)
    __2printf                                0x08003fb5   Thumb Code     0  printfa.o(i.__0printf)
    __c89printf                              0x08003fb5   Thumb Code     0  printfa.o(i.__0printf)
    printf                                   0x08003fb5   Thumb Code     0  printfa.o(i.__0printf)
    __aeabi_errno_addr                       0x08003ff5   Thumb Code     4  errno.o(i.__aeabi_errno_addr)
    __rt_errno_addr                          0x08003ff5   Thumb Code     0  errno.o(i.__aeabi_errno_addr)
    __scatterload_copy                       0x08003ffd   Thumb Code    14  handlers.o(i.__scatterload_copy)
    __scatterload_null                       0x0800400b   Thumb Code     2  handlers.o(i.__scatterload_null)
    __scatterload_zeroinit                   0x0800400d   Thumb Code    14  handlers.o(i.__scatterload_zeroinit)
    delay_ms                                 0x080048a7   Thumb Code    22  delay.o(i.delay_ms)
    delay_us                                 0x080048bd   Thumb Code    36  delay.o(i.delay_us)
    fputc                                    0x08004905   Thumb Code    20  usart.o(i.fputc)
    main                                     0x0800491d   Thumb Code   936  main.o(i.main)
    oled_pow                                 0x08004e11   Thumb Code    16  oled.o(i.oled_pow)
    AHBPrescTable                            0x08004e20   Data          16  system_stm32f4xx.o(.constdata)
    APBPrescTable                            0x08004e30   Data           8  system_stm32f4xx.o(.constdata)
    F6x8                                     0x08004e38   Data         552  oled.o(.constdata)
    F8X16                                    0x08005060   Data        1504  oled.o(.constdata)
    Hzk                                      0x08005640   Data        2048  oled.o(.constdata)
    __ctype_table                            0x08005e40   Data         129  ctype_o.o(.constdata)
    Region$$Table$$Base                      0x08005ec8   Number         0  anon$$obj.o(Region$$Table)
    Region$$Table$$Limit                     0x08005ee8   Number         0  anon$$obj.o(Region$$Table)
    uwTickFreq                               0x20000000   Data           1  stm32f4xx_hal.o(.data)
    uwTickPrio                               0x20000004   Data           4  stm32f4xx_hal.o(.data)
    uwTick                                   0x20000008   Data           4  stm32f4xx_hal.o(.data)
    SystemCoreClock                          0x2000000c   Data           4  system_stm32f4xx.o(.data)
    ble_rx_data                              0x20000010   Data           1  ble.o(.data)
    ble_rx_index                             0x20000012   Data           2  ble.o(.data)
    HX711_Buffer                             0x20000014   Data           4  bsp_hx711.o(.data)
    Weight_Maopi                             0x20000018   Data           4  bsp_hx711.o(.data)
    Weight_Shiwu                             0x2000001c   Data           4  bsp_hx711.o(.data)
    speed_a                                  0x20000024   Data           2  motor_control.o(.data)
    speed_b                                  0x20000026   Data           2  motor_control.o(.data)
    filtered_speed_a                         0x20000028   Data           4  motor_control.o(.data)
    filtered_speed_b                         0x2000002c   Data           4  motor_control.o(.data)
    CMD_Data                                 0x20000038   Data          27  oled.o(.data)
    rx_data                                  0x20000053   Data           1  serial_command.o(.data)
    rx_index                                 0x20000054   Data           1  serial_command.o(.data)
    __stdout                                 0x20000058   Data           4  stdout.o(.data)
    hadc1                                    0x20000060   Data          72  adc.o(.bss)
    hi2c1                                    0x200000a8   Data          84  i2c.o(.bss)
    hi2c2                                    0x200000fc   Data          84  i2c.o(.bss)
    hi2c3                                    0x20000150   Data          84  i2c.o(.bss)
    htim1                                    0x200001a4   Data          72  tim.o(.bss)
    htim2                                    0x200001ec   Data          72  tim.o(.bss)
    htim3                                    0x20000234   Data          72  tim.o(.bss)
    htim4                                    0x2000027c   Data          72  tim.o(.bss)
    huart1                                   0x200002c4   Data          72  usart.o(.bss)
    huart2                                   0x2000030c   Data          72  usart.o(.bss)
    huart3                                   0x20000354   Data          72  usart.o(.bss)
    ble_rx_buffer                            0x2000039c   Data         256  ble.o(.bss)
    rx_buffer                                0x2000049c   Data          64  serial_command.o(.bss)
    __initial_sp                             0x200008e0   Data           0  startup_stm32f407xx.o(STACK)



==============================================================================

Memory Map of the image

  Image Entry point : 0x08000189

  Load Region LR_IROM1 (Base: 0x08000000, Size: 0x00005f48, Max: 0x00100000, ABSOLUTE)

    Execution Region ER_IROM1 (Exec base: 0x08000000, Load base: 0x08000000, Size: 0x00005ee8, Max: 0x00100000, ABSOLUTE)

    Exec Addr    Load Addr    Size         Type   Attr      Idx    E Section Name        Object

    0x08000000   0x08000000   0x00000188   Data   RO            3    RESET               startup_stm32f407xx.o
    0x08000188   0x08000188   0x00000000   Code   RO         4369  * .ARM.Collect$$$$00000000  mc_w.l(entry.o)
    0x08000188   0x08000188   0x00000004   Code   RO         4655    .ARM.Collect$$$$00000001  mc_w.l(entry2.o)
    0x0800018c   0x0800018c   0x00000004   Code   RO         4658    .ARM.Collect$$$$00000004  mc_w.l(entry5.o)
    0x08000190   0x08000190   0x00000000   Code   RO         4660    .ARM.Collect$$$$00000008  mc_w.l(entry7b.o)
    0x08000190   0x08000190   0x00000000   Code   RO         4662    .ARM.Collect$$$$0000000A  mc_w.l(entry8b.o)
    0x08000190   0x08000190   0x00000008   Code   RO         4663    .ARM.Collect$$$$0000000B  mc_w.l(entry9a.o)
    0x08000198   0x08000198   0x00000004   Code   RO         4670    .ARM.Collect$$$$0000000E  mc_w.l(entry12b.o)
    0x0800019c   0x0800019c   0x00000000   Code   RO         4665    .ARM.Collect$$$$0000000F  mc_w.l(entry10a.o)
    0x0800019c   0x0800019c   0x00000000   Code   RO         4667    .ARM.Collect$$$$00000011  mc_w.l(entry11a.o)
    0x0800019c   0x0800019c   0x00000004   Code   RO         4656    .ARM.Collect$$$$00002712  mc_w.l(entry2.o)
    0x080001a0   0x080001a0   0x00000024   Code   RO            4    .text               startup_stm32f407xx.o
    0x080001c4   0x080001c4   0x00000062   Code   RO         4372    .text               mc_w.l(uldiv.o)
    0x08000226   0x08000226   0x00000024   Code   RO         4374    .text               mc_w.l(memseta.o)
    0x0800024a   0x0800024a   0x00000018   Code   RO         4376    .text               mc_w.l(strncpy.o)
    0x08000262   0x08000262   0x0000000e   Code   RO         4378    .text               mc_w.l(strlen.o)
    0x08000270   0x08000270   0x00000012   Code   RO         4380    .text               mc_w.l(strcpy.o)
    0x08000282   0x08000282   0x0000001a   Code   RO         4643    .text               mc_w.l(atoi.o)
    0x0800029c   0x0800029c   0x000000e4   Code   RO         4645    .text               mf_w.l(dmul.o)
    0x08000380   0x08000380   0x000000de   Code   RO         4647    .text               mf_w.l(ddiv.o)
    0x0800045e   0x0800045e   0x00000022   Code   RO         4649    .text               mf_w.l(dflti.o)
    0x08000480   0x08000480   0x0000003e   Code   RO         4651    .text               mf_w.l(dfixi.o)
    0x080004be   0x080004be   0x00000026   Code   RO         4653    .text               mf_w.l(f2d.o)
    0x080004e4   0x080004e4   0x0000002c   Code   RO         4672    .text               mc_w.l(uidiv.o)
    0x08000510   0x08000510   0x0000001e   Code   RO         4674    .text               mc_w.l(llshl.o)
    0x0800052e   0x0800052e   0x00000020   Code   RO         4676    .text               mc_w.l(llushr.o)
    0x0800054e   0x0800054e   0x00000070   Code   RO         4685    .text               mc_w.l(strtol.o)
    0x080005be   0x080005be   0x00000000   Code   RO         4687    .text               mc_w.l(iusefp.o)
    0x080005be   0x080005be   0x000000ba   Code   RO         4688    .text               mf_w.l(depilogue.o)
    0x08000678   0x08000678   0x0000014e   Code   RO         4690    .text               mf_w.l(dadd.o)
    0x080007c6   0x080007c6   0x00000030   Code   RO         4692    .text               mf_w.l(dfixul.o)
    0x080007f6   0x080007f6   0x00000002   PAD
    0x080007f8   0x080007f8   0x00000030   Code   RO         4694    .text               mf_w.l(cdrcmple.o)
    0x08000828   0x08000828   0x00000024   Code   RO         4696    .text               mc_w.l(init.o)
    0x0800084c   0x0800084c   0x00000024   Code   RO         4698    .text               mc_w.l(llsshr.o)
    0x08000870   0x08000870   0x00000008   Code   RO         4700    .text               mc_w.l(ctype_o.o)
    0x08000878   0x08000878   0x0000009e   Code   RO         4728    .text               mc_w.l(_strtoul.o)
    0x08000916   0x08000916   0x0000001c   Code   RO         4730    .text               mc_w.l(_chval.o)
    0x08000932   0x08000932   0x00000002   PAD
    0x08000934   0x08000934   0x00000128   Code   RO          630    i.ADC_Init          stm32f4xx_hal_adc.o
    0x08000a5c   0x08000a5c   0x00000040   Code   RO         4030    i.BLE_UART_ReceiveCallback  ble.o
    0x08000a9c   0x08000a9c   0x00000002   Code   RO          515    i.BusFault_Handler  stm32f4xx_it.o
    0x08000a9e   0x08000a9e   0x00000002   PAD
    0x08000aa0   0x08000aa0   0x00000048   Code   RO         4180    i.Check_Moisture_Level  dfrobot.o
    0x08000ae8   0x08000ae8   0x0000005c   Code   RO         3937    i.DS18B20_Check     ds18b20.o
    0x08000b44   0x08000b44   0x00000068   Code   RO         3938    i.DS18B20_GetTemp   ds18b20.o
    0x08000bac   0x08000bac   0x00000048   Code   RO         3939    i.DS18B20_Init      ds18b20.o
    0x08000bf4   0x08000bf4   0x00000060   Code   RO         3940    i.DS18B20_ReadByte  ds18b20.o
    0x08000c54   0x08000c54   0x00000034   Code   RO         3941    i.DS18B20_Rst       ds18b20.o
    0x08000c88   0x08000c88   0x0000001a   Code   RO         3942    i.DS18B20_Start     ds18b20.o
    0x08000ca2   0x08000ca2   0x00000002   PAD
    0x08000ca4   0x08000ca4   0x00000064   Code   RO         3943    i.DS18B20_WriteByte  ds18b20.o
    0x08000d08   0x08000d08   0x00000002   Code   RO          516    i.DebugMon_Handler  stm32f4xx_it.o
    0x08000d0a   0x08000d0a   0x00000004   Code   RO           13    i.Error_Handler     main.o
    0x08000d0e   0x08000d0e   0x00000014   Code   RO         4121    i.GetDeltaCount     motor_control.o
    0x08000d22   0x08000d22   0x00000002   PAD
    0x08000d24   0x08000d24   0x0000003c   Code   RO           14    i.Get_Humidity_Status  main.o
    0x08000d60   0x08000d60   0x00000010   Code   RO         4067    i.Get_Maopi         bsp_hx711.o
    0x08000d70   0x08000d70   0x00000040   Code   RO           15    i.Get_Soil_Humidity  main.o
    0x08000db0   0x08000db0   0x00000034   Code   RO         4068    i.Get_Weight        bsp_hx711.o
    0x08000de4   0x08000de4   0x0000014c   Code   RO          632    i.HAL_ADC_ConfigChannel  stm32f4xx_hal_adc.o
    0x08000f30   0x08000f30   0x00000006   Code   RO          639    i.HAL_ADC_GetValue  stm32f4xx_hal_adc.o
    0x08000f36   0x08000f36   0x00000054   Code   RO          641    i.HAL_ADC_Init      stm32f4xx_hal_adc.o
    0x08000f8a   0x08000f8a   0x00000002   PAD
    0x08000f8c   0x08000f8c   0x00000060   Code   RO          263    i.HAL_ADC_MspInit   adc.o
    0x08000fec   0x08000fec   0x000000aa   Code   RO          645    i.HAL_ADC_PollForConversion  stm32f4xx_hal_adc.o
    0x08001096   0x08001096   0x00000002   PAD
    0x08001098   0x08001098   0x000000fc   Code   RO          647    i.HAL_ADC_Start     stm32f4xx_hal_adc.o
    0x08001194   0x08001194   0x00000092   Code   RO         1367    i.HAL_DMA_Abort     stm32f4xx_hal_dma.o
    0x08001226   0x08001226   0x00000024   Code   RO         1368    i.HAL_DMA_Abort_IT  stm32f4xx_hal_dma.o
    0x0800124a   0x0800124a   0x00000002   PAD
    0x0800124c   0x0800124c   0x00000024   Code   RO         1804    i.HAL_Delay         stm32f4xx_hal.o
    0x08001270   0x08001270   0x000001f0   Code   RO         1260    i.HAL_GPIO_Init     stm32f4xx_hal_gpio.o
    0x08001460   0x08001460   0x0000000a   Code   RO         1262    i.HAL_GPIO_ReadPin  stm32f4xx_hal_gpio.o
    0x0800146a   0x0800146a   0x00000010   Code   RO         1263    i.HAL_GPIO_TogglePin  stm32f4xx_hal_gpio.o
    0x0800147a   0x0800147a   0x0000000a   Code   RO         1264    i.HAL_GPIO_WritePin  stm32f4xx_hal_gpio.o
    0x08001484   0x08001484   0x0000000c   Code   RO         1810    i.HAL_GetTick       stm32f4xx_hal.o
    0x08001490   0x08001490   0x00000188   Code   RO         2066    i.HAL_I2C_Init      stm32f4xx_hal_i2c.o
    0x08001618   0x08001618   0x00000130   Code   RO         2087    i.HAL_I2C_Mem_Write  stm32f4xx_hal_i2c.o
    0x08001748   0x08001748   0x00000118   Code   RO          305    i.HAL_I2C_MspInit   i2c.o
    0x08001860   0x08001860   0x00000010   Code   RO         1816    i.HAL_IncTick       stm32f4xx_hal.o
    0x08001870   0x08001870   0x00000034   Code   RO         1817    i.HAL_Init          stm32f4xx_hal.o
    0x080018a4   0x080018a4   0x00000040   Code   RO         1818    i.HAL_InitTick      stm32f4xx_hal.o
    0x080018e4   0x080018e4   0x00000030   Code   RO          603    i.HAL_MspInit       stm32f4xx_hal_msp.o
    0x08001914   0x08001914   0x0000001a   Code   RO         1652    i.HAL_NVIC_EnableIRQ  stm32f4xx_hal_cortex.o
    0x0800192e   0x0800192e   0x00000002   PAD
    0x08001930   0x08001930   0x00000040   Code   RO         1658    i.HAL_NVIC_SetPriority  stm32f4xx_hal_cortex.o
    0x08001970   0x08001970   0x00000024   Code   RO         1659    i.HAL_NVIC_SetPriorityGrouping  stm32f4xx_hal_cortex.o
    0x08001994   0x08001994   0x00000134   Code   RO          906    i.HAL_RCC_ClockConfig  stm32f4xx_hal_rcc.o
    0x08001ac8   0x08001ac8   0x00000020   Code   RO          913    i.HAL_RCC_GetPCLK1Freq  stm32f4xx_hal_rcc.o
    0x08001ae8   0x08001ae8   0x00000020   Code   RO          914    i.HAL_RCC_GetPCLK2Freq  stm32f4xx_hal_rcc.o
    0x08001b08   0x08001b08   0x00000064   Code   RO          915    i.HAL_RCC_GetSysClockFreq  stm32f4xx_hal_rcc.o
    0x08001b6c   0x08001b6c   0x0000036c   Code   RO          918    i.HAL_RCC_OscConfig  stm32f4xx_hal_rcc.o
    0x08001ed8   0x08001ed8   0x00000028   Code   RO         1663    i.HAL_SYSTICK_Config  stm32f4xx_hal_cortex.o
    0x08001f00   0x08001f00   0x00000090   Code   RO         3235    i.HAL_TIMEx_MasterConfigSynchronization  stm32f4xx_hal_tim_ex.o
    0x08001f90   0x08001f90   0x0000005a   Code   RO         2512    i.HAL_TIM_Base_Init  stm32f4xx_hal_tim.o
    0x08001fea   0x08001fea   0x00000002   PAD
    0x08001fec   0x08001fec   0x00000034   Code   RO          359    i.HAL_TIM_Base_MspInit  tim.o
    0x08002020   0x08002020   0x00000078   Code   RO         2515    i.HAL_TIM_Base_Start  stm32f4xx_hal_tim.o
    0x08002098   0x08002098   0x00000026   Code   RO         2518    i.HAL_TIM_Base_Stop  stm32f4xx_hal_tim.o
    0x080020be   0x080020be   0x000000dc   Code   RO         2521    i.HAL_TIM_ConfigClockSource  stm32f4xx_hal_tim.o
    0x0800219a   0x0800219a   0x000000a4   Code   RO         2533    i.HAL_TIM_Encoder_Init  stm32f4xx_hal_tim.o
    0x0800223e   0x0800223e   0x00000002   PAD
    0x08002240   0x08002240   0x000000a4   Code   RO          361    i.HAL_TIM_Encoder_MspInit  tim.o
    0x080022e4   0x080022e4   0x0000008e   Code   RO         2536    i.HAL_TIM_Encoder_Start  stm32f4xx_hal_tim.o
    0x08002372   0x08002372   0x00000002   PAD
    0x08002374   0x08002374   0x00000050   Code   RO          362    i.HAL_TIM_MspPostInit  tim.o
    0x080023c4   0x080023c4   0x000000cc   Code   RO         2584    i.HAL_TIM_PWM_ConfigChannel  stm32f4xx_hal_tim.o
    0x08002490   0x08002490   0x0000005a   Code   RO         2587    i.HAL_TIM_PWM_Init  stm32f4xx_hal_tim.o
    0x080024ea   0x080024ea   0x00000002   Code   RO         2589    i.HAL_TIM_PWM_MspInit  stm32f4xx_hal_tim.o
    0x080024ec   0x080024ec   0x000000c8   Code   RO         2592    i.HAL_TIM_PWM_Start  stm32f4xx_hal_tim.o
    0x080025b4   0x080025b4   0x00000002   Code   RO         3495    i.HAL_UARTEx_RxEventCallback  stm32f4xx_hal_uart.o
    0x080025b6   0x080025b6   0x00000002   PAD
    0x080025b8   0x080025b8   0x00000044   Code   RO         4031    i.HAL_UART_ErrorCallback  ble.o
    0x080025fc   0x080025fc   0x00000280   Code   RO         3512    i.HAL_UART_IRQHandler  stm32f4xx_hal_uart.o
    0x0800287c   0x0800287c   0x00000064   Code   RO         3513    i.HAL_UART_Init     stm32f4xx_hal_uart.o
    0x080028e0   0x080028e0   0x00000110   Code   RO          443    i.HAL_UART_MspInit  usart.o
    0x080029f0   0x080029f0   0x0000001c   Code   RO         3518    i.HAL_UART_Receive_IT  stm32f4xx_hal_uart.o
    0x08002a0c   0x08002a0c   0x00000050   Code   RO           16    i.HAL_UART_RxCpltCallback  main.o
    0x08002a5c   0x08002a5c   0x000000a0   Code   RO         3521    i.HAL_UART_Transmit  stm32f4xx_hal_uart.o
    0x08002afc   0x08002afc   0x00000002   Code   RO         3524    i.HAL_UART_TxCpltCallback  stm32f4xx_hal_uart.o
    0x08002afe   0x08002afe   0x00000002   PAD
    0x08002b00   0x08002b00   0x00000084   Code   RO         4069    i.HX711_Read        bsp_hx711.o
    0x08002b84   0x08002b84   0x00000002   Code   RO          517    i.HardFault_Handler  stm32f4xx_it.o
    0x08002b86   0x08002b86   0x0000002e   Code   RO         2109    i.I2C_IsAcknowledgeFailed  stm32f4xx_hal_i2c.o
    0x08002bb4   0x08002bb4   0x000000a8   Code   RO         2120    i.I2C_RequestMemoryWrite  stm32f4xx_hal_i2c.o
    0x08002c5c   0x08002c5c   0x00000056   Code   RO         2124    i.I2C_WaitOnBTFFlagUntilTimeout  stm32f4xx_hal_i2c.o
    0x08002cb2   0x08002cb2   0x00000002   PAD
    0x08002cb4   0x08002cb4   0x00000090   Code   RO         2125    i.I2C_WaitOnFlagUntilTimeout  stm32f4xx_hal_i2c.o
    0x08002d44   0x08002d44   0x000000bc   Code   RO         2126    i.I2C_WaitOnMasterAddressFlagUntilTimeout  stm32f4xx_hal_i2c.o
    0x08002e00   0x08002e00   0x00000056   Code   RO         2128    i.I2C_WaitOnTXEFlagUntilTimeout  stm32f4xx_hal_i2c.o
    0x08002e56   0x08002e56   0x00000002   PAD
    0x08002e58   0x08002e58   0x00000060   Code   RO         4070    i.Init_HX711pin     bsp_hx711.o
    0x08002eb8   0x08002eb8   0x00000064   Code   RO          264    i.MX_ADC1_Init      adc.o
    0x08002f1c   0x08002f1c   0x0000017c   Code   RO          238    i.MX_GPIO_Init      gpio.o
    0x08003098   0x08003098   0x00000040   Code   RO          306    i.MX_I2C1_Init      i2c.o
    0x080030d8   0x080030d8   0x00000040   Code   RO          307    i.MX_I2C2_Init      i2c.o
    0x08003118   0x08003118   0x00000040   Code   RO          308    i.MX_I2C3_Init      i2c.o
    0x08003158   0x08003158   0x0000006c   Code   RO          363    i.MX_TIM1_Init      tim.o
    0x080031c4   0x080031c4   0x000000a8   Code   RO          364    i.MX_TIM2_Init      tim.o
    0x0800326c   0x0800326c   0x0000006c   Code   RO          365    i.MX_TIM3_Init      tim.o
    0x080032d8   0x080032d8   0x0000006c   Code   RO          366    i.MX_TIM4_Init      tim.o
    0x08003344   0x08003344   0x00000038   Code   RO          444    i.MX_USART1_UART_Init  usart.o
    0x0800337c   0x0800337c   0x00000038   Code   RO          445    i.MX_USART2_UART_Init  usart.o
    0x080033b4   0x080033b4   0x00000038   Code   RO          446    i.MX_USART3_UART_Init  usart.o
    0x080033ec   0x080033ec   0x00000002   Code   RO          518    i.MemManage_Handler  stm32f4xx_it.o
    0x080033ee   0x080033ee   0x00000002   PAD
    0x080033f0   0x080033f0   0x00000054   Code   RO         4124    i.Motor_Init        motor_control.o
    0x08003444   0x08003444   0x00000068   Code   RO         4125    i.Motor_Set         motor_control.o
    0x080034ac   0x080034ac   0x000000b8   Code   RO         4126    i.Motor_UpdateSpeed  motor_control.o
    0x08003564   0x08003564   0x00000002   Code   RO          519    i.NMI_Handler       stm32f4xx_it.o
    0x08003566   0x08003566   0x00000034   Code   RO         4216    i.OLED_Clear        oled.o
    0x0800359a   0x0800359a   0x00000010   Code   RO         4219    i.OLED_Init         oled.o
    0x080035aa   0x080035aa   0x00000022   Code   RO         4221    i.OLED_Set_Pos      oled.o
    0x080035cc   0x080035cc   0x0000004c   Code   RO         4222    i.OLED_ShowCHinese  oled.o
    0x08003618   0x08003618   0x00000088   Code   RO         4223    i.OLED_ShowChar     oled.o
    0x080036a0   0x080036a0   0x0000006a   Code   RO         4224    i.OLED_ShowNum      oled.o
    0x0800370a   0x0800370a   0x00000036   Code   RO         4225    i.OLED_ShowString   oled.o
    0x08003740   0x08003740   0x00000024   Code   RO         4226    i.OLED_WR_CMD       oled.o
    0x08003764   0x08003764   0x00000024   Code   RO         4227    i.OLED_WR_DATA      oled.o
    0x08003788   0x08003788   0x00000100   Code   RO         4325    i.ParseCommand      serial_command.o
    0x08003888   0x08003888   0x00000002   Code   RO          520    i.PendSV_Handler    stm32f4xx_it.o
    0x0800388a   0x0800388a   0x00000002   PAD
    0x0800388c   0x0800388c   0x00000024   Code   RO         4181    i.Read_Soil_Moisture  dfrobot.o
    0x080038b0   0x080038b0   0x00000002   Code   RO          521    i.SVC_Handler       stm32f4xx_it.o
    0x080038b2   0x080038b2   0x00000002   PAD
    0x080038b4   0x080038b4   0x0000001c   Code   RO         4326    i.SerialCommand_Init  serial_command.o
    0x080038d0   0x080038d0   0x00000040   Code   RO         4327    i.SerialCommand_ProcessChar  serial_command.o
    0x08003910   0x08003910   0x00000004   Code   RO          522    i.SysTick_Handler   stm32f4xx_it.o
    0x08003914   0x08003914   0x00000094   Code   RO           17    i.SystemClock_Config  main.o
    0x080039a8   0x080039a8   0x00000010   Code   RO         3847    i.SystemInit        system_stm32f4xx.o
    0x080039b8   0x080039b8   0x000000d0   Code   RO         2605    i.TIM_Base_SetConfig  stm32f4xx_hal_tim.o
    0x08003a88   0x08003a88   0x0000001a   Code   RO         2606    i.TIM_CCxChannelCmd  stm32f4xx_hal_tim.o
    0x08003aa2   0x08003aa2   0x00000014   Code   RO         2616    i.TIM_ETR_SetConfig  stm32f4xx_hal_tim.o
    0x08003ab6   0x08003ab6   0x00000010   Code   RO         2617    i.TIM_ITRx_SetConfig  stm32f4xx_hal_tim.o
    0x08003ac6   0x08003ac6   0x00000002   PAD
    0x08003ac8   0x08003ac8   0x00000060   Code   RO         2618    i.TIM_OC1_SetConfig  stm32f4xx_hal_tim.o
    0x08003b28   0x08003b28   0x0000006c   Code   RO         2619    i.TIM_OC2_SetConfig  stm32f4xx_hal_tim.o
    0x08003b94   0x08003b94   0x00000068   Code   RO         2620    i.TIM_OC3_SetConfig  stm32f4xx_hal_tim.o
    0x08003bfc   0x08003bfc   0x00000050   Code   RO         2621    i.TIM_OC4_SetConfig  stm32f4xx_hal_tim.o
    0x08003c4c   0x08003c4c   0x00000022   Code   RO         2623    i.TIM_TI1_ConfigInputStage  stm32f4xx_hal_tim.o
    0x08003c6e   0x08003c6e   0x00000024   Code   RO         2625    i.TIM_TI2_ConfigInputStage  stm32f4xx_hal_tim.o
    0x08003c92   0x08003c92   0x0000000e   Code   RO         3526    i.UART_DMAAbortOnError  stm32f4xx_hal_uart.o
    0x08003ca0   0x08003ca0   0x0000004e   Code   RO         3536    i.UART_EndRxTransfer  stm32f4xx_hal_uart.o
    0x08003cee   0x08003cee   0x000000c2   Code   RO         3538    i.UART_Receive_IT   stm32f4xx_hal_uart.o
    0x08003db0   0x08003db0   0x0000010c   Code   RO         3539    i.UART_SetConfig    stm32f4xx_hal_uart.o
    0x08003ebc   0x08003ebc   0x00000036   Code   RO         3541    i.UART_Start_Receive_IT  stm32f4xx_hal_uart.o
    0x08003ef2   0x08003ef2   0x00000072   Code   RO         3542    i.UART_WaitOnFlagUntilTimeout  stm32f4xx_hal_uart.o
    0x08003f64   0x08003f64   0x0000000c   Code   RO          523    i.USART2_IRQHandler  stm32f4xx_it.o
    0x08003f70   0x08003f70   0x0000000c   Code   RO          524    i.USART3_IRQHandler  stm32f4xx_it.o
    0x08003f7c   0x08003f7c   0x00000002   Code   RO          525    i.UsageFault_Handler  stm32f4xx_it.o
    0x08003f7e   0x08003f7e   0x00000002   PAD
    0x08003f80   0x08003f80   0x00000034   Code   RO         4228    i.WriteCmd          oled.o
    0x08003fb4   0x08003fb4   0x00000020   Code   RO         4615    i.__0printf         mc_w.l(printfa.o)
    0x08003fd4   0x08003fd4   0x00000020   Code   RO         1665    i.__NVIC_SetPriority  stm32f4xx_hal_cortex.o
    0x08003ff4   0x08003ff4   0x00000008   Code   RO         4678    i.__aeabi_errno_addr  mc_w.l(errno.o)
    0x08003ffc   0x08003ffc   0x0000000e   Code   RO         4734    i.__scatterload_copy  mc_w.l(handlers.o)
    0x0800400a   0x0800400a   0x00000002   Code   RO         4735    i.__scatterload_null  mc_w.l(handlers.o)
    0x0800400c   0x0800400c   0x0000000e   Code   RO         4736    i.__scatterload_zeroinit  mc_w.l(handlers.o)
    0x0800401a   0x0800401a   0x00000002   PAD
    0x0800401c   0x0800401c   0x00000184   Code   RO         4622    i._fp_digits        mc_w.l(printfa.o)
    0x080041a0   0x080041a0   0x000006b4   Code   RO         4623    i._printf_core      mc_w.l(printfa.o)
    0x08004854   0x08004854   0x00000024   Code   RO         4624    i._printf_post_padding  mc_w.l(printfa.o)
    0x08004878   0x08004878   0x0000002e   Code   RO         4625    i._printf_pre_padding  mc_w.l(printfa.o)
    0x080048a6   0x080048a6   0x00000016   Code   RO         4000    i.delay_ms          delay.o
    0x080048bc   0x080048bc   0x00000028   Code   RO         4001    i.delay_us          delay.o
    0x080048e4   0x080048e4   0x00000020   Code   RO         4071    i.delay_us          bsp_hx711.o
    0x08004904   0x08004904   0x00000018   Code   RO          447    i.fputc             usart.o
    0x0800491c   0x0800491c   0x000004f4   Code   RO           18    i.main              main.o
    0x08004e10   0x08004e10   0x00000010   Code   RO         4229    i.oled_pow          oled.o
    0x08004e20   0x08004e20   0x00000010   Data   RO         3848    .constdata          system_stm32f4xx.o
    0x08004e30   0x08004e30   0x00000008   Data   RO         3849    .constdata          system_stm32f4xx.o
    0x08004e38   0x08004e38   0x00001008   Data   RO         4230    .constdata          oled.o
    0x08005e40   0x08005e40   0x00000081   Data   RO         4701    .constdata          mc_w.l(ctype_o.o)
    0x08005ec1   0x08005ec1   0x00000003   PAD
    0x08005ec4   0x08005ec4   0x00000004   Data   RO         4702    .constdata          mc_w.l(ctype_o.o)
    0x08005ec8   0x08005ec8   0x00000020   Data   RO         4732    Region$$Table       anon$$obj.o


    Execution Region RW_IRAM1 (Exec base: 0x20000000, Load base: 0x08005ee8, Size: 0x000008e0, Max: 0x0001c000, ABSOLUTE)

    Exec Addr    Load Addr    Size         Type   Attr      Idx    E Section Name        Object

    0x20000000   0x08005ee8   0x0000000c   Data   RW         1824    .data               stm32f4xx_hal.o
    0x2000000c   0x08005ef4   0x00000004   Data   RW         3850    .data               system_stm32f4xx.o
    0x20000010   0x08005ef8   0x00000004   Data   RW         4033    .data               ble.o
    0x20000014   0x08005efc   0x0000000c   Data   RW         4072    .data               bsp_hx711.o
    0x20000020   0x08005f08   0x00000018   Data   RW         4127    .data               motor_control.o
    0x20000038   0x08005f20   0x0000001b   Data   RW         4231    .data               oled.o
    0x20000053   0x08005f3b   0x00000001   Data   RW         4329    .data               serial_command.o
    0x20000054   0x08005f3c   0x00000001   Data   RW         4330    .data               serial_command.o
    0x20000055   0x08005f3d   0x00000003   PAD
    0x20000058   0x08005f40   0x00000004   Data   RW         4671    .data               mc_w.l(stdout.o)
    0x2000005c   0x08005f44   0x00000004   Data   RW         4681    .data               mc_w.l(errno.o)
    0x20000060        -       0x00000048   Zero   RW          265    .bss                adc.o
    0x200000a8        -       0x000000fc   Zero   RW          309    .bss                i2c.o
    0x200001a4        -       0x00000120   Zero   RW          368    .bss                tim.o
    0x200002c4        -       0x000000d8   Zero   RW          449    .bss                usart.o
    0x2000039c        -       0x00000100   Zero   RW         4032    .bss                ble.o
    0x2000049c        -       0x00000040   Zero   RW         4328    .bss                serial_command.o
    0x200004dc   0x08005f48   0x00000004   PAD
    0x200004e0        -       0x00000400   Zero   RW            1    STACK               startup_stm32f407xx.o


    Execution Region RW_IRAM2 (Exec base: 0x2001c000, Load base: 0x08005f48, Size: 0x00000000, Max: 0x00004000, ABSOLUTE)

    **** No section assigned to this execution region ****


==============================================================================

Image component sizes


      Code (inc. data)   RO Data    RW Data    ZI Data      Debug   Object Name

       196         24          0          0         72       1969   adc.o
       132         66          0          4        256       1901   ble.o
       328         36          0         12          0       4178   bsp_hx711.o
        62          4          0          0          0       1462   delay.o
       108         32          0          0          0       1192   dfrobot.o
       542         34          0          0          0       4865   ds18b20.o
       380         24          0          0          0       1291   gpio.o
       472         76          0          0        252       3479   i2c.o
      1624        404          0          0          0     719524   main.o
       392         42          0         24          0       3601   motor_control.o
       614         34       4104         27          0       8463   oled.o
       348         52          0          2         64       3026   serial_command.o
        36          8        392          0       1024        904   startup_stm32f407xx.o
       180         28          0         12          0       9945   stm32f4xx_hal.o
      1140         52          0          0          0       5734   stm32f4xx_hal_adc.o
       198         14          0          0          0      34215   stm32f4xx_hal_cortex.o
       182          0          0          0          0       2303   stm32f4xx_hal_dma.o
       532         46          0          0          0       3836   stm32f4xx_hal_gpio.o
      1414         32          0          0          0      10231   stm32f4xx_hal_i2c.o
        48          6          0          0          0        994   stm32f4xx_hal_msp.o
      1348         76          0          0          0       5660   stm32f4xx_hal_rcc.o
      1998        138          0          0          0      17752   stm32f4xx_hal_tim.o
       144         28          0          0          0       1508   stm32f4xx_hal_tim_ex.o
      1654         14          0          0          0      11763   stm32f4xx_hal_uart.o
        44         12          0          0          0       5838   stm32f4xx_it.o
        16          4         24          4          0       1331   system_stm32f4xx.o
       788         74          0          0        288       5805   tim.o
       464         54          0          0        216       6028   usart.o

    ----------------------------------------------------------------------
     15422       1414       4552         88       2176     878798   Object Totals
         0          0         32          0          0          0   (incl. Generated)
        38          0          0          3          4          0   (incl. Padding)

    ----------------------------------------------------------------------

      Code (inc. data)   RO Data    RW Data    ZI Data      Debug   Library Member Name

        28          0          0          0          0         68   _chval.o
       158          0          0          0          0         92   _strtoul.o
        26          0          0          0          0         80   atoi.o
         8          4        133          0          0         68   ctype_o.o
         0          0          0          0          0          0   entry.o
         0          0          0          0          0          0   entry10a.o
         0          0          0          0          0          0   entry11a.o
         4          0          0          0          0          0   entry12b.o
         8          4          0          0          0          0   entry2.o
         4          0          0          0          0          0   entry5.o
         0          0          0          0          0          0   entry7b.o
         0          0          0          0          0          0   entry8b.o
         8          4          0          0          0          0   entry9a.o
         8          4          0          4          0         68   errno.o
        30          0          0          0          0          0   handlers.o
        36          8          0          0          0         68   init.o
         0          0          0          0          0          0   iusefp.o
        30          0          0          0          0         68   llshl.o
        36          0          0          0          0         68   llsshr.o
        32          0          0          0          0         68   llushr.o
        36          0          0          0          0        108   memseta.o
      2218         90          0          0          0        464   printfa.o
         0          0          0          4          0          0   stdout.o
        18          0          0          0          0         68   strcpy.o
        14          0          0          0          0         68   strlen.o
        24          0          0          0          0         76   strncpy.o
       112          0          0          0          0         88   strtol.o
        44          0          0          0          0         80   uidiv.o
        98          0          0          0          0         92   uldiv.o
        48          0          0          0          0         68   cdrcmple.o
       334          0          0          0          0        148   dadd.o
       222          0          0          0          0        100   ddiv.o
       186          0          0          0          0        176   depilogue.o
        62          0          0          0          0         80   dfixi.o
        48          0          0          0          0         68   dfixul.o
        34          0          0          0          0         76   dflti.o
       228          0          0          0          0         96   dmul.o
        38          0          0          0          0         68   f2d.o

    ----------------------------------------------------------------------
      4186        114        136          8          0       2572   Library Totals
         6          0          3          0          0          0   (incl. Padding)

    ----------------------------------------------------------------------

      Code (inc. data)   RO Data    RW Data    ZI Data      Debug   Library Name

      2980        114        133          8          0       1692   mc_w.l
      1200          0          0          0          0        880   mf_w.l

    ----------------------------------------------------------------------
      4186        114        136          8          0       2572   Library Totals

    ----------------------------------------------------------------------

==============================================================================


      Code (inc. data)   RO Data    RW Data    ZI Data      Debug   

     19608       1528       4688         96       2176     867022   Grand Totals
     19608       1528       4688         96       2176     867022   ELF Image Totals
     19608       1528       4688         96          0          0   ROM Totals

==============================================================================

    Total RO  Size (Code + RO Data)                24296 (  23.73kB)
    Total RW  Size (RW Data + ZI Data)              2272 (   2.22kB)
    Total ROM Size (Code + RO Data + RW Data)      24392 (  23.82kB)

==============================================================================

