<html>
<body>
<pre>
<h1>µVision Build Log</h1>
<h2>Tool Versions:</h2>
IDE-Version: ¦ÌVision V5.29.0.0
Copyright (C) 2019 ARM Ltd and ARM Germany GmbH. All rights reserved.
License Information: alpha alpha, jin, LIC=----
 
Tool Versions:
Toolchain:       MDK-Lite  Version: 5.29.0.0
Toolchain Path:  E:\STM32\ARM\ARMCC\Bin
C Compiler:      Armcc.exe V5.06 update 6 (build 750)
Assembler:       Armasm.exe V5.06 update 6 (build 750)
Linker/Locator:  ArmLink.exe V5.06 update 6 (build 750)
Library Manager: ArmAr.exe V5.06 update 6 (build 750)
Hex Converter:   FromElf.exe V5.06 update 6 (build 750)
CPU DLL:         SARMCM3.DLL V5.29.0.0
Dialog DLL:      DCM.DLL V1.17.3.0
Target DLL:      CMSIS_AGDI.dll V1.32.0.0
Dialog DLL:      TCM.DLL V1.36.5.0
 
<h2>Project:</h2>
I:\Desktop\FreeRTOS\MDK-ARM\test_us.uvprojx
Project File Date:  08/28/2025

<h2>Output:</h2>
*** Using Compiler 'V5.06 update 6 (build 750)', folder: 'E:\STM32\ARM\ARMCC\Bin'
Build target 'test_us'
compiling freertos.c...
.\RTE\_test_us\../../bsp_hx711.h(27): warning:  #1-D: last line of file ends without a newline
  #endif
.\RTE\_test_us\../../ds18b20.h(21): warning:  #1-D: last line of file ends without a newline
  #endif /* __DS18B20_H */
../Core/Src/freertos.c(376): warning:  #177-D: variable "start"  was declared but never referenced
  	uint32_t start;
../Core/Src/freertos.c(406): warning:  #550-D: variable "temp"  was set but never used
      float temp = 0.0f;
../Core/Src/freertos.c(455): warning:  #177-D: variable "start"  was declared but never referenced
  	uint32_t start, t1, t2, t3;
../Core/Src/freertos.c(455): warning:  #177-D: variable "t1"  was declared but never referenced
  	uint32_t start, t1, t2, t3;
../Core/Src/freertos.c(455): warning:  #177-D: variable "t2"  was declared but never referenced
  	uint32_t start, t1, t2, t3;
../Core/Src/freertos.c(455): warning:  #177-D: variable "t3"  was declared but never referenced
  	uint32_t start, t1, t2, t3;
../Core/Src/freertos.c: 8 warnings, 0 errors
linking...
Program Size: Code=24316 RO-data=556 RW-data=280 ZI-data=21096  
FromELF: creating hex file...
"test_us\test_us.axf" - 0 Error(s), 8 Warning(s).

<h2>Software Packages used:</h2>

Package Vendor: ARM
                http://www.keil.com/pack/ARM.CMSIS.5.6.0.pack
                ARM.CMSIS.5.6.0
                CMSIS (Cortex Microcontroller Software Interface Standard)
   * Component: CORE Version: 5.3.0

Package Vendor: Keil
                https://www.keil.com/pack/Keil.STM32F4xx_DFP.3.1.0.pack
                Keil.STM32F4xx_DFP.3.1.0
                STMicroelectronics STM32F4 Series Device Support

<h2>Collection of Component include folders:</h2>
  .\RTE\_test_us
  E:\STM32\ARM\PACK\ARM\CMSIS\5.6.0\CMSIS\Core\Include

<h2>Collection of Component Files used:</h2>

   * Component: ARM::CMSIS:CORE:5.3.0
Build Time Elapsed:  00:00:05
</pre>
</body>
</html>
