Component: ARM Compiler 5.06 update 7 (build 960) Tool: armlink [4d3601]

==============================================================================

Section Cross References

    startup_stm32f407xx.o(RESET) refers to startup_stm32f407xx.o(STACK) for __initial_sp
    startup_stm32f407xx.o(RESET) refers to startup_stm32f407xx.o(.text) for Reset_Handler
    startup_stm32f407xx.o(RESET) refers to stm32f4xx_it.o(i.NMI_Handler) for NMI_Handler
    startup_stm32f407xx.o(RESET) refers to stm32f4xx_it.o(i.HardFault_Handler) for HardFault_Handler
    startup_stm32f407xx.o(RESET) refers to stm32f4xx_it.o(i.MemManage_Handler) for MemManage_Handler
    startup_stm32f407xx.o(RESET) refers to stm32f4xx_it.o(i.BusFault_Handler) for BusFault_Handler
    startup_stm32f407xx.o(RESET) refers to stm32f4xx_it.o(i.UsageFault_Handler) for UsageFault_Handler
    startup_stm32f407xx.o(RESET) refers to port.o(.emb_text) for SVC_Handler
    startup_stm32f407xx.o(RESET) refers to stm32f4xx_it.o(i.DebugMon_Handler) for DebugMon_Handler
    startup_stm32f407xx.o(RESET) refers to cmsis_os2.o(i.SysTick_Handler) for SysTick_Handler
    startup_stm32f407xx.o(RESET) refers to stm32f4xx_it.o(i.USART2_IRQHandler) for USART2_IRQHandler
    startup_stm32f407xx.o(RESET) refers to stm32f4xx_it.o(i.USART3_IRQHandler) for USART3_IRQHandler
    startup_stm32f407xx.o(RESET) refers to stm32f4xx_it.o(i.TIM7_IRQHandler) for TIM7_IRQHandler
    startup_stm32f407xx.o(.text) refers to system_stm32f4xx.o(i.SystemInit) for SystemInit
    startup_stm32f407xx.o(.text) refers to entry.o(.ARM.Collect$$$$00000000) for __main
    main.o(i.HAL_TIM_PeriodElapsedCallback) refers to stm32f4xx_hal.o(i.HAL_IncTick) for HAL_IncTick
    main.o(i.HAL_UART_RxCpltCallback) refers to serial_command.o(i.SerialCommand_ProcessChar) for SerialCommand_ProcessChar
    main.o(i.HAL_UART_RxCpltCallback) refers to ble.o(i.BLE_UART_ReceiveCallback) for BLE_UART_ReceiveCallback
    main.o(i.HAL_UART_RxCpltCallback) refers to stm32f4xx_hal_uart.o(i.HAL_UART_Receive_IT) for HAL_UART_Receive_IT
    main.o(i.HAL_UART_RxCpltCallback) refers to serial_command.o(.data) for rx_data
    main.o(i.HAL_UART_RxCpltCallback) refers to usart.o(.bss) for huart3
    main.o(i.HAL_UART_RxCpltCallback) refers to ble.o(.data) for ble_rx_data
    main.o(i.SystemClock_Config) refers to memseta.o(.text) for __aeabi_memclr4
    main.o(i.SystemClock_Config) refers to stm32f4xx_hal_rcc.o(i.HAL_RCC_OscConfig) for HAL_RCC_OscConfig
    main.o(i.SystemClock_Config) refers to stm32f4xx_hal_rcc.o(i.HAL_RCC_ClockConfig) for HAL_RCC_ClockConfig
    main.o(i.main) refers to stm32f4xx_hal.o(i.HAL_Init) for HAL_Init
    main.o(i.main) refers to main.o(i.SystemClock_Config) for SystemClock_Config
    main.o(i.main) refers to gpio.o(i.MX_GPIO_Init) for MX_GPIO_Init
    main.o(i.main) refers to tim.o(i.MX_TIM1_Init) for MX_TIM1_Init
    main.o(i.main) refers to usart.o(i.MX_USART1_UART_Init) for MX_USART1_UART_Init
    main.o(i.main) refers to usart.o(i.MX_USART2_UART_Init) for MX_USART2_UART_Init
    main.o(i.main) refers to tim.o(i.MX_TIM2_Init) for MX_TIM2_Init
    main.o(i.main) refers to tim.o(i.MX_TIM3_Init) for MX_TIM3_Init
    main.o(i.main) refers to tim.o(i.MX_TIM4_Init) for MX_TIM4_Init
    main.o(i.main) refers to usart.o(i.MX_USART3_UART_Init) for MX_USART3_UART_Init
    main.o(i.main) refers to adc.o(i.MX_ADC1_Init) for MX_ADC1_Init
    main.o(i.main) refers to i2c.o(i.MX_I2C1_Init) for MX_I2C1_Init
    main.o(i.main) refers to i2c.o(i.MX_I2C2_Init) for MX_I2C2_Init
    main.o(i.main) refers to i2c.o(i.MX_I2C3_Init) for MX_I2C3_Init
    main.o(i.main) refers to motor_control.o(i.Motor_Init) for Motor_Init
    main.o(i.main) refers to serial_command.o(i.SerialCommand_Init) for SerialCommand_Init
    main.o(i.main) refers to cmsis_os2.o(i.osKernelInitialize) for osKernelInitialize
    main.o(i.main) refers to freertos.o(i.MX_FREERTOS_Init) for MX_FREERTOS_Init
    main.o(i.main) refers to cmsis_os2.o(i.osKernelStart) for osKernelStart
    main.o(i.main) refers to oled.o(i.OLED_Init) for OLED_Init
    main.o(i.main) refers to oled.o(i.OLED_Clear) for OLED_Clear
    gpio.o(i.MX_GPIO_Init) refers to memseta.o(.text) for __aeabi_memclr4
    gpio.o(i.MX_GPIO_Init) refers to stm32f4xx_hal_gpio.o(i.HAL_GPIO_WritePin) for HAL_GPIO_WritePin
    gpio.o(i.MX_GPIO_Init) refers to stm32f4xx_hal_gpio.o(i.HAL_GPIO_Init) for HAL_GPIO_Init
    freertos.o(i.MX_FREERTOS_Init) refers to cmsis_os2.o(i.osThreadNew) for osThreadNew
    freertos.o(i.MX_FREERTOS_Init) refers to freertos.o(.constdata) for .constdata
    freertos.o(i.MX_FREERTOS_Init) refers to freertos.o(i.StartDefaultTask) for StartDefaultTask
    freertos.o(i.MX_FREERTOS_Init) refers to freertos.o(.data) for .data
    freertos.o(i.MX_FREERTOS_Init) refers to freertos.o(i.StartTask03) for StartTask03
    freertos.o(i.MX_FREERTOS_Init) refers to freertos.o(i.StartTask04) for StartTask04
[...]
    prvSwitchTimerLists                      0x08004ded   Thumb Code   104  timers.o(i.prvSwitchTimerLists)
    i.prvTaskExitError                       0x08004e58   Section        0  port.o(i.prvTaskExitError)
    prvTaskExitError                         0x08004e59   Thumb Code    36  port.o(i.prvTaskExitError)
    i.prvTimerTask                           0x08004e80   Section        0  timers.o(i.prvTimerTask)
    prvTimerTask                             0x08004e81   Thumb Code    32  timers.o(i.prvTimerTask)
    i.prvUnlockQueue                         0x08004ea4   Section        0  queue.o(i.prvUnlockQueue)
    prvUnlockQueue                           0x08004ea5   Thumb Code   106  queue.o(i.prvUnlockQueue)
    i.pvPortMalloc                           0x08004f10   Section        0  heap_4.o(i.pvPortMalloc)
    i.pxPortInitialiseStack                  0x08004fec   Section        0  port.o(i.pxPortInitialiseStack)
    i.uxListRemove                           0x08005018   Section        0  list.o(i.uxListRemove)
    i.vApplicationGetIdleTaskMemory          0x08005040   Section        0  cmsis_os2.o(i.vApplicationGetIdleTaskMemory)
    i.vApplicationGetTimerTaskMemory         0x08005054   Section        0  cmsis_os2.o(i.vApplicationGetTimerTaskMemory)
    i.vListInitialise                        0x0800506c   Section        0  list.o(i.vListInitialise)
    i.vListInitialiseItem                    0x08005082   Section        0  list.o(i.vListInitialiseItem)
    i.vListInsert                            0x08005088   Section        0  list.o(i.vListInsert)
    i.vListInsertEnd                         0x080050b8   Section        0  list.o(i.vListInsertEnd)
    i.vPortEnterCritical                     0x080050d0   Section        0  port.o(i.vPortEnterCritical)
    i.vPortExitCritical                      0x08005110   Section        0  port.o(i.vPortExitCritical)
    i.vPortFree                              0x08005138   Section        0  heap_4.o(i.vPortFree)
    i.vPortSetupTimerInterrupt               0x0800519c   Section        0  port.o(i.vPortSetupTimerInterrupt)
    i.vPortValidateInterruptPriority         0x080051c0   Section        0  port.o(i.vPortValidateInterruptPriority)
    i.vQueueAddToRegistry                    0x08005214   Section        0  queue.o(i.vQueueAddToRegistry)
    i.vQueueWaitForMessageRestricted         0x0800523c   Section        0  queue.o(i.vQueueWaitForMessageRestricted)
    i.vTaskDelay                             0x08005280   Section        0  tasks.o(i.vTaskDelay)
    i.vTaskInternalSetTimeOutState           0x080052cc   Section        0  tasks.o(i.vTaskInternalSetTimeOutState)
    i.vTaskMissedYield                       0x080052dc   Section        0  tasks.o(i.vTaskMissedYield)
    i.vTaskPlaceOnEventList                  0x080052e8   Section        0  tasks.o(i.vTaskPlaceOnEventList)
    i.vTaskPlaceOnEventListRestricted        0x08005318   Section        0  tasks.o(i.vTaskPlaceOnEventListRestricted)
    i.vTaskStartScheduler                    0x08005350   Section        0  tasks.o(i.vTaskStartScheduler)
    i.vTaskSuspendAll                        0x080053d8   Section        0  tasks.o(i.vTaskSuspendAll)
    i.vTaskSwitchContext                     0x080053e8   Section        0  tasks.o(i.vTaskSwitchContext)
    i.xPortStartScheduler                    0x0800544c   Section        0  port.o(i.xPortStartScheduler)
    i.xPortSysTickHandler                    0x08005540   Section        0  port.o(i.xPortSysTickHandler)
    i.xQueueGenericCreateStatic              0x0800556c   Section        0  queue.o(i.xQueueGenericCreateStatic)
    i.xQueueGenericReset                     0x080055d4   Section        0  queue.o(i.xQueueGenericReset)
    i.xQueueGenericSend                      0x0800565c   Section        0  queue.o(i.xQueueGenericSend)
    i.xQueueGenericSendFromISR               0x080057bc   Section        0  queue.o(i.xQueueGenericSendFromISR)
    i.xQueueReceive                          0x0800587c   Section        0  queue.o(i.xQueueReceive)
    i.xTaskCheckForTimeOut                   0x080059b4   Section        0  tasks.o(i.xTaskCheckForTimeOut)
    i.xTaskCreate                            0x08005a28   Section        0  tasks.o(i.xTaskCreate)
    i.xTaskCreateStatic                      0x08005a82   Section        0  tasks.o(i.xTaskCreateStatic)
    i.xTaskGetSchedulerState                 0x08005ad8   Section        0  tasks.o(i.xTaskGetSchedulerState)
    i.xTaskGetTickCount                      0x08005af4   Section        0  tasks.o(i.xTaskGetTickCount)
    i.xTaskIncrementTick                     0x08005b00   Section        0  tasks.o(i.xTaskIncrementTick)
    i.xTaskPriorityDisinherit                0x08005bc8   Section        0  tasks.o(i.xTaskPriorityDisinherit)
    i.xTaskRemoveFromEventList               0x08005c48   Section        0  tasks.o(i.xTaskRemoveFromEventList)
    i.xTaskResumeAll                         0x08005cb8   Section        0  tasks.o(i.xTaskResumeAll)
    i.xTimerCreateTimerTask                  0x08005d7c   Section        0  timers.o(i.xTimerCreateTimerTask)
    i.xTimerGenericCommand                   0x08005ddc   Section        0  timers.o(i.xTimerGenericCommand)
    .constdata                               0x08005e44   Section      324  freertos.o(.constdata)
    .constdata                               0x08005f88   Section       16  system_stm32f4xx.o(.constdata)
    .constdata                               0x08005f98   Section        8  system_stm32f4xx.o(.constdata)
    .constdata                               0x08005fa0   Section      129  ctype_o.o(.constdata)
    .constdata                               0x08006024   Section        4  ctype_o.o(.constdata)
    table                                    0x08006024   Data           4  ctype_o.o(.constdata)
    .conststring                             0x08006028   Section       86  freertos.o(.conststring)
    .data                                    0x20000000   Section       48  freertos.o(.data)
    last_counter_TIM3                        0x20000000   Data           2  freertos.o(.data)
    last_counter_TIM4                        0x20000002   Data           2  freertos.o(.data)
    ext_encoderCount_TIM3                    0x20000004   Data           4  freertos.o(.data)
    ext_encoderCount_TIM4                    0x20000008   Data           4  freertos.o(.data)
    .data                                    0x20000030   Section       12  stm32f4xx_hal.o(.data)
    .data                                    0x2000003c   Section        4  system_stm32f4xx.o(.data)
    .data                                    0x20000040   Section        4  ble.o(.data)
    .data                                    0x20000044   Section       24  motor_control.o(.data)
    last_count_a                             0x20000044   Data           2  motor_control.o(.data)
    last_count_b                             0x20000046   Data           2  motor_control.o(.data)
    alpha                                    0x20000054   Data           4  motor_control.o(.data)
    print_cnt                                0x20000058   Data           4  motor_control.o(.data)
    .data                                    0x2000005c   Section       27  oled.o(.data)
    .data                                    0x20000077   Section        1  serial_command.o(.data)
    .data                                    0x20000078   Section        1  serial_command.o(.data)
    .data                                    0x2000007c   Section       60  tasks.o(.data)
    uxDeletedTasksWaitingCleanUp             0x20000080   Data           4  tasks.o(.data)
    uxCurrentNumberOfTasks                   0x20000084   Data           4  tasks.o(.data)
    xTickCount                               0x20000088   Data           4  tasks.o(.data)
    uxTopReadyPriority                       0x2000008c   Data           4  tasks.o(.data)
    xSchedulerRunning                        0x20000090   Data           4  tasks.o(.data)
    xPendedTicks                             0x20000094   Data           4  tasks.o(.data)
    xYieldPending                            0x20000098   Data           4  tasks.o(.data)
    xNumOfOverflows                          0x2000009c   Data           4  tasks.o(.data)
    uxTaskNumber                             0x200000a0   Data           4  tasks.o(.data)
    xNextTaskUnblockTime                     0x200000a4   Data           4  tasks.o(.data)
    xIdleTaskHandle                          0x200000a8   Data           4  tasks.o(.data)
    uxSchedulerSuspended                     0x200000ac   Data           4  tasks.o(.data)
    pxDelayedTaskList                        0x200000b0   Data           4  tasks.o(.data)
    pxOverflowDelayedTaskList                0x200000b4   Data           4  tasks.o(.data)
    .data                                    0x200000b8   Section       20  timers.o(.data)
    xTimerQueue                              0x200000b8   Data           4  timers.o(.data)
    xTimerTaskHandle                         0x200000bc   Data           4  timers.o(.data)
    xLastTime                                0x200000c0   Data           4  timers.o(.data)
    pxCurrentTimerList                       0x200000c4   Data           4  timers.o(.data)
    pxOverflowTimerList                      0x200000c8   Data           4  timers.o(.data)
    .data                                    0x200000cc   Section        4  cmsis_os2.o(.data)
    KernelState                              0x200000cc   Data           4  cmsis_os2.o(.data)
    .data                                    0x200000d0   Section       32  heap_4.o(.data)
    pxEnd                                    0x200000d0   Data           4  heap_4.o(.data)
    xFreeBytesRemaining                      0x200000d4   Data           4  heap_4.o(.data)
    xMinimumEverFreeBytesRemaining           0x200000d8   Data           4  heap_4.o(.data)
    xNumberOfSuccessfulAllocations           0x200000dc   Data           4  heap_4.o(.data)
    xNumberOfSuccessfulFrees                 0x200000e0   Data           4  heap_4.o(.data)
    xBlockAllocatedBit                       0x200000e4   Data           4  heap_4.o(.data)
    xStart                                   0x200000e8   Data           8  heap_4.o(.data)
    .data                                    0x200000f0   Section       12  port.o(.data)
    ucMaxSysCallPriority                     0x200000f0   Data           1  port.o(.data)
    uxCriticalNesting                        0x200000f4   Data           4  port.o(.data)
    ulMaxPRIGROUPValue                       0x200000f8   Data           4  port.o(.data)
    .data                                    0x200000fc   Section        4  stdout.o(.data)
    .data                                    0x20000100   Section        4  errno.o(.data)
    _errno                                   0x20000100   Data           4  errno.o(.data)
    .bss                                     0x20000104   Section       72  adc.o(.bss)
    .bss                                     0x2000014c   Section      252  i2c.o(.bss)
    .bss                                     0x20000248   Section      288  tim.o(.bss)
    .bss                                     0x20000368   Section      216  usart.o(.bss)
    .bss                                     0x20000440   Section       72  stm32f4xx_hal_timebase_tim.o(.bss)
    .bss                                     0x20000488   Section      256  ble.o(.bss)
    .bss                                     0x20000588   Section       64  serial_command.o(.bss)
    .bss                                     0x200005c8   Section       64  queue.o(.bss)
    .bss                                     0x20000608   Section     1220  tasks.o(.bss)
    pxReadyTasksLists                        0x20000608   Data        1120  tasks.o(.bss)
    xDelayedTaskList1                        0x20000a68   Data          20  tasks.o(.bss)
    xDelayedTaskList2                        0x20000a7c   Data          20  tasks.o(.bss)
    xPendingReadyList                        0x20000a90   Data          20  tasks.o(.bss)
    xTasksWaitingTermination                 0x20000aa4   Data          20  tasks.o(.bss)
    xSuspendedTaskList                       0x20000ab8   Data          20  tasks.o(.bss)
    .bss                                     0x20000acc   Section      280  timers.o(.bss)
    xStaticTimerQueue                        0x20000acc   Data          80  timers.o(.bss)
    ucStaticTimerQueueStorage                0x20000b1c   Data         160  timers.o(.bss)
    xActiveTimerList1                        0x20000bbc   Data          20  timers.o(.bss)
    xActiveTimerList2                        0x20000bd0   Data          20  timers.o(.bss)
    .bss                                     0x20000be4   Section     1720  cmsis_os2.o(.bss)
    Idle_TCB                                 0x20000be4   Data          92  cmsis_os2.o(.bss)
    Idle_Stack                               0x20000c40   Data         512  cmsis_os2.o(.bss)
    Timer_TCB                                0x20000e40   Data          92  cmsis_os2.o(.bss)
    Timer_Stack                              0x20000e9c   Data        1024  cmsis_os2.o(.bss)
    .bss                                     0x2000129c   Section    15360  heap_4.o(.bss)
    ucHeap                                   0x2000129c   Data       15360  heap_4.o(.bss)
    STACK                                    0x20004ea0   Section     1024  startup_stm32f407xx.o(STACK)

    Global Symbols

    Symbol Name                              Value     Ov Type        Size  Object(Section)

    BuildAttributes$$THM_ISAv4$E$P$D$K$B$S$7EM$VFPi3$EXTD16$VFPS$VFMA$PE$A:L22UL41UL21$X:L11$S22US41US21$IEEE1$IW$USESV6$~STKCKD$USESV7$~SHL$OSPACE$ROPI$EBA8$MICROLIB$REQ8$PRES8$EABIv2 0x00000000   Number         0  anon$$obj.o ABSOLUTE
    __ARM_use_no_argv                        0x00000000   Number         0  main.o ABSOLUTE
    _printf_a                                0x00000000   Number         0  stubs.o ABSOLUTE
    _printf_c                                0x00000000   Number         0  stubs.o ABSOLUTE
    _printf_charcount                        0x00000000   Number         0  stubs.o ABSOLUTE
    _printf_d                                0x00000000   Number         0  stubs.o ABSOLUTE
    _printf_e                                0x00000000   Number         0  stubs.o ABSOLUTE
    _printf_f                                0x00000000   Number         0  stubs.o ABSOLUTE
    _printf_flags                            0x00000000   Number         0  stubs.o ABSOLUTE
    _printf_fp_dec                           0x00000000   Number         0  stubs.o ABSOLUTE
    _printf_fp_hex                           0x00000000   Number         0  stubs.o ABSOLUTE
    _printf_g                                0x00000000   Number         0  stubs.o ABSOLUTE
    _printf_i                                0x00000000   Number         0  stubs.o ABSOLUTE
    _printf_int_dec                          0x00000000   Number         0  stubs.o ABSOLUTE
    _printf_l                                0x00000000   Number         0  stubs.o ABSOLUTE
    _printf_lc                               0x00000000   Number         0  stubs.o ABSOLUTE
    _printf_ll                               0x00000000   Number         0  stubs.o ABSOLUTE
    _printf_lld                              0x00000000   Number         0  stubs.o ABSOLUTE
    _printf_lli                              0x00000000   Number         0  stubs.o ABSOLUTE
    _printf_llo                              0x00000000   Number         0  stubs.o ABSOLUTE
    _printf_llu                              0x00000000   Number         0  stubs.o ABSOLUTE
    _printf_llx                              0x00000000   Number         0  stubs.o ABSOLUTE
    _printf_longlong_dec                     0x00000000   Number         0  stubs.o ABSOLUTE
    _printf_longlong_hex                     0x00000000   Number         0  stubs.o ABSOLUTE
    _printf_longlong_oct                     0x00000000   Number         0  stubs.o ABSOLUTE
    _printf_ls                               0x00000000   Number         0  stubs.o ABSOLUTE
    _printf_mbtowc                           0x00000000   Number         0  stubs.o ABSOLUTE
    _printf_n                                0x00000000   Number         0  stubs.o ABSOLUTE
    _printf_o                                0x00000000   Number         0  stubs.o ABSOLUTE
    _printf_p                                0x00000000   Number         0  stubs.o ABSOLUTE
    _printf_percent                          0x00000000   Number         0  stubs.o ABSOLUTE
    _printf_pre_padding                      0x00000000   Number         0  stubs.o ABSOLUTE
    _printf_return_value                     0x00000000   Number         0  stubs.o ABSOLUTE
    _printf_s                                0x00000000   Number         0  stubs.o ABSOLUTE
    _printf_sizespec                         0x00000000   Number         0  stubs.o ABSOLUTE
    _printf_str                              0x00000000   Number         0  stubs.o ABSOLUTE
    _printf_truncate_signed                  0x00000000   Number         0  stubs.o ABSOLUTE
    _printf_truncate_unsigned                0x00000000   Number         0  stubs.o ABSOLUTE
    _printf_u                                0x00000000   Number         0  stubs.o ABSOLUTE
    _printf_wc                               0x00000000   Number         0  stubs.o ABSOLUTE
    _printf_wctomb                           0x00000000   Number         0  stubs.o ABSOLUTE
    _printf_widthprec                        0x00000000   Number         0  stubs.o ABSOLUTE
    _printf_x                                0x00000000   Number         0  stubs.o ABSOLUTE
    __arm_fini_                               - Undefined Weak Reference
    __cpp_initialize__aeabi_                  - Undefined Weak Reference
    __cxa_finalize                            - Undefined Weak Reference
    __decompress                              - Undefined Weak Reference
    _clock_init                               - Undefined Weak Reference
    _microlib_exit                            - Undefined Weak Reference
    __Vectors_Size                           0x00000188   Number         0  startup_stm32f407xx.o ABSOLUTE
    __Vectors                                0x08000000   Data           4  startup_stm32f407xx.o(RESET)
    __Vectors_End                            0x08000188   Data           0  startup_stm32f407xx.o(RESET)
    __main                                   0x08000189   Thumb Code     0  entry.o(.ARM.Collect$$$$00000000)
    _main_stk                                0x08000189   Thumb Code     0  entry2.o(.ARM.Collect$$$$00000001)
    _main_scatterload                        0x0800018d   Thumb Code     0  entry5.o(.ARM.Collect$$$$00000004)
    __main_after_scatterload                 0x08000191   Thumb Code     0  entry5.o(.ARM.Collect$$$$00000004)
    _main_clock                              0x08000191   Thumb Code     0  entry7b.o(.ARM.Collect$$$$00000008)
    _main_cpp_init                           0x08000191   Thumb Code     0  entry8b.o(.ARM.Collect$$$$0000000A)
    _main_init                               0x08000191   Thumb Code     0  entry9a.o(.ARM.Collect$$$$0000000B)
    __rt_lib_shutdown_fini                   0x08000199   Thumb Code     0  entry12b.o(.ARM.Collect$$$$0000000E)
    __rt_final_cpp                           0x0800019d   Thumb Code     0  entry10a.o(.ARM.Collect$$$$0000000F)
    __rt_final_exit                          0x0800019d   Thumb Code     0  entry11a.o(.ARM.Collect$$$$00000011)
    SVC_Handler                              0x080001a1   Thumb Code    28  port.o(.emb_text)
    __asm___6_port_c_39a90d8d__prvStartFirstTask 0x080001c1   Thumb Code    36  port.o(.emb_text)
    __asm___6_port_c_39a90d8d__prvEnableVFP  0x080001e9   Thumb Code    16  port.o(.emb_text)
    PendSV_Handler                           0x080001fd   Thumb Code    88  port.o(.emb_text)
    vPortGetIPSR                             0x08000259   Thumb Code     6  port.o(.emb_text)
    Reset_Handler                            0x08000261   Thumb Code     8  startup_stm32f407xx.o(.text)
    ADC_IRQHandler                           0x0800027b   Thumb Code     0  startup_stm32f407xx.o(.text)
    CAN1_RX0_IRQHandler                      0x0800027b   Thumb Code     0  startup_stm32f407xx.o(.text)
    CAN1_RX1_IRQHandler                      0x0800027b   Thumb Code     0  startup_stm32f407xx.o(.text)
    CAN1_SCE_IRQHandler                      0x0800027b   Thumb Code     0  startup_stm32f407xx.o(.text)
    CAN1_TX_IRQHandler                       0x0800027b   Thumb Code     0  startup_stm32f407xx.o(.text)
    CAN2_RX0_IRQHandler                      0x0800027b   Thumb Code     0  startup_stm32f407xx.o(.text)
    CAN2_RX1_IRQHandler                      0x0800027b   Thumb Code     0  startup_stm32f407xx.o(.text)
    CAN2_SCE_IRQHandler                      0x0800027b   Thumb Code     0  startup_stm32f407xx.o(.text)
    CAN2_TX_IRQHandler                       0x0800027b   Thumb Code     0  startup_stm32f407xx.o(.text)
    DCMI_IRQHandler                          0x0800027b   Thumb Code     0  startup_stm32f407xx.o(.text)
    DMA1_Stream0_IRQHandler                  0x0800027b   Thumb Code     0  startup_stm32f407xx.o(.text)
    DMA1_Stream1_IRQHandler                  0x0800027b   Thumb Code     0  startup_stm32f407xx.o(.text)
    DMA1_Stream2_IRQHandler                  0x0800027b   Thumb Code     0  startup_stm32f407xx.o(.text)
    DMA1_Stream3_IRQHandler                  0x0800027b   Thumb Code     0  startup_stm32f407xx.o(.text)
    DMA1_Stream4_IRQHandler                  0x0800027b   Thumb Code     0  startup_stm32f407xx.o(.text)
    DMA1_Stream5_IRQHandler                  0x0800027b   Thumb Code     0  startup_stm32f407xx.o(.text)
    DMA1_Stream6_IRQHandler                  0x0800027b   Thumb Code     0  startup_stm32f407xx.o(.text)
    DMA1_Stream7_IRQHandler                  0x0800027b   Thumb Code     0  startup_stm32f407xx.o(.text)
    DMA2_Stream0_IRQHandler                  0x0800027b   Thumb Code     0  startup_stm32f407xx.o(.text)
    DMA2_Stream1_IRQHandler                  0x0800027b   Thumb Code     0  startup_stm32f407xx.o(.text)
    DMA2_Stream2_IRQHandler                  0x0800027b   Thumb Code     0  startup_stm32f407xx.o(.text)
    DMA2_Stream3_IRQHandler                  0x0800027b   Thumb Code     0  startup_stm32f407xx.o(.text)
    DMA2_Stream4_IRQHandler                  0x0800027b   Thumb Code     0  startup_stm32f407xx.o(.text)
    DMA2_Stream5_IRQHandler                  0x0800027b   Thumb Code     0  startup_stm32f407xx.o(.text)
    DMA2_Stream6_IRQHandler                  0x0800027b   Thumb Code     0  startup_stm32f407xx.o(.text)
    DMA2_Stream7_IRQHandler                  0x0800027b   Thumb Code     0  startup_stm32f407xx.o(.text)
    ETH_IRQHandler                           0x0800027b   Thumb Code     0  startup_stm32f407xx.o(.text)
    ETH_WKUP_IRQHandler                      0x0800027b   Thumb Code     0  startup_stm32f407xx.o(.text)
    EXTI0_IRQHandler                         0x0800027b   Thumb Code     0  startup_stm32f407xx.o(.text)
    EXTI15_10_IRQHandler                     0x0800027b   Thumb Code     0  startup_stm32f407xx.o(.text)
    EXTI1_IRQHandler                         0x0800027b   Thumb Code     0  startup_stm32f407xx.o(.text)
    EXTI2_IRQHandler                         0x0800027b   Thumb Code     0  startup_stm32f407xx.o(.text)
    EXTI3_IRQHandler                         0x0800027b   Thumb Code     0  startup_stm32f407xx.o(.text)
    EXTI4_IRQHandler                         0x0800027b   Thumb Code     0  startup_stm32f407xx.o(.text)
    EXTI9_5_IRQHandler                       0x0800027b   Thumb Code     0  startup_stm32f407xx.o(.text)
    FLASH_IRQHandler                         0x0800027b   Thumb Code     0  startup_stm32f407xx.o(.text)
    FMC_IRQHandler                           0x0800027b   Thumb Code     0  startup_stm32f407xx.o(.text)
    FPU_IRQHandler                           0x0800027b   Thumb Code     0  startup_stm32f407xx.o(.text)
    HASH_RNG_IRQHandler                      0x0800027b   Thumb Code     0  startup_stm32f407xx.o(.text)
    I2C1_ER_IRQHandler                       0x0800027b   Thumb Code     0  startup_stm32f407xx.o(.text)
    I2C1_EV_IRQHandler                       0x0800027b   Thumb Code     0  startup_stm32f407xx.o(.text)
    I2C2_ER_IRQHandler                       0x0800027b   Thumb Code     0  startup_stm32f407xx.o(.text)
    I2C2_EV_IRQHandler                       0x0800027b   Thumb Code     0  startup_stm32f407xx.o(.text)
    I2C3_ER_IRQHandler                       0x0800027b   Thumb Code     0  startup_stm32f407xx.o(.text)
    I2C3_EV_IRQHandler                       0x0800027b   Thumb Code     0  startup_stm32f407xx.o(.text)
    OTG_FS_IRQHandler                        0x0800027b   Thumb Code     0  startup_stm32f407xx.o(.text)
    OTG_FS_WKUP_IRQHandler                   0x0800027b   Thumb Code     0  startup_stm32f407xx.o(.text)
    OTG_HS_EP1_IN_IRQHandler                 0x0800027b   Thumb Code     0  startup_stm32f407xx.o(.text)
    OTG_HS_EP1_OUT_IRQHandler                0x0800027b   Thumb Code     0  startup_stm32f407xx.o(.text)
    OTG_HS_IRQHandler                        0x0800027b   Thumb Code     0  startup_stm32f407xx.o(.text)
    OTG_HS_WKUP_IRQHandler                   0x0800027b   Thumb Code     0  startup_stm32f407xx.o(.text)
    PVD_IRQHandler                           0x0800027b   Thumb Code     0  startup_stm32f407xx.o(.text)
    RCC_IRQHandler                           0x0800027b   Thumb Code     0  startup_stm32f407xx.o(.text)
    RTC_Alarm_IRQHandler                     0x0800027b   Thumb Code     0  startup_stm32f407xx.o(.text)
    RTC_WKUP_IRQHandler                      0x0800027b   Thumb Code     0  startup_stm32f407xx.o(.text)
    SDIO_IRQHandler                          0x0800027b   Thumb Code     0  startup_stm32f407xx.o(.text)
    SPI1_IRQHandler                          0x0800027b   Thumb Code     0  startup_stm32f407xx.o(.text)
    SPI2_IRQHandler                          0x0800027b   Thumb Code     0  startup_stm32f407xx.o(.text)
    SPI3_IRQHandler                          0x0800027b   Thumb Code     0  startup_stm32f407xx.o(.text)
    TAMP_STAMP_IRQHandler                    0x0800027b   Thumb Code     0  startup_stm32f407xx.o(.text)
    TIM1_BRK_TIM9_IRQHandler                 0x0800027b   Thumb Code     0  startup_stm32f407xx.o(.text)
    TIM1_CC_IRQHandler                       0x0800027b   Thumb Code     0  startup_stm32f407xx.o(.text)
    TIM1_TRG_COM_TIM11_IRQHandler            0x0800027b   Thumb Code     0  startup_stm32f407xx.o(.text)
    TIM1_UP_TIM10_IRQHandler                 0x0800027b   Thumb Code     0  startup_stm32f407xx.o(.text)
    TIM2_IRQHandler                          0x0800027b   Thumb Code     0  startup_stm32f407xx.o(.text)
    TIM3_IRQHandler                          0x0800027b   Thumb Code     0  startup_stm32f407xx.o(.text)
    TIM4_IRQHandler                          0x0800027b   Thumb Code     0  startup_stm32f407xx.o(.text)
    TIM5_IRQHandler                          0x0800027b   Thumb Code     0  startup_stm32f407xx.o(.text)
    TIM6_DAC_IRQHandler                      0x0800027b   Thumb Code     0  startup_stm32f407xx.o(.text)
    TIM8_BRK_TIM12_IRQHandler                0x0800027b   Thumb Code     0  startup_stm32f407xx.o(.text)
    TIM8_CC_IRQHandler                       0x0800027b   Thumb Code     0  startup_stm32f407xx.o(.text)
    TIM8_TRG_COM_TIM14_IRQHandler            0x0800027b   Thumb Code     0  startup_stm32f407xx.o(.text)
    TIM8_UP_TIM13_IRQHandler                 0x0800027b   Thumb Code     0  startup_stm32f407xx.o(.text)
    UART4_IRQHandler                         0x0800027b   Thumb Code     0  startup_stm32f407xx.o(.text)
    UART5_IRQHandler                         0x0800027b   Thumb Code     0  startup_stm32f407xx.o(.text)
    USART1_IRQHandler                        0x0800027b   Thumb Code     0  startup_stm32f407xx.o(.text)
    USART6_IRQHandler                        0x0800027b   Thumb Code     0  startup_stm32f407xx.o(.text)
    WWDG_IRQHandler                          0x0800027b   Thumb Code     0  startup_stm32f407xx.o(.text)
    __aeabi_uldivmod                         0x08000285   Thumb Code    98  uldiv.o(.text)
    __aeabi_memcpy                           0x080002e7   Thumb Code    36  memcpya.o(.text)
    __aeabi_memcpy4                          0x080002e7   Thumb Code     0  memcpya.o(.text)
    __aeabi_memcpy8                          0x080002e7   Thumb Code     0  memcpya.o(.text)
    __aeabi_memset                           0x0800030b   Thumb Code    14  memseta.o(.text)
    __aeabi_memset4                          0x0800030b   Thumb Code     0  memseta.o(.text)
    __aeabi_memset8                          0x0800030b   Thumb Code     0  memseta.o(.text)
    __aeabi_memclr                           0x08000319   Thumb Code     4  memseta.o(.text)
    __aeabi_memclr4                          0x08000319   Thumb Code     0  memseta.o(.text)
    __aeabi_memclr8                          0x08000319   Thumb Code     0  memseta.o(.text)
    memset                                   0x0800031d   Thumb Code    18  memseta.o(.text)
    strncpy                                  0x0800032f   Thumb Code    24  strncpy.o(.text)
    strlen                                   0x08000347   Thumb Code    14  strlen.o(.text)
    strcpy                                   0x08000355   Thumb Code    18  strcpy.o(.text)
    atoi                                     0x08000367   Thumb Code    26  atoi.o(.text)
    __aeabi_dmul                             0x08000381   Thumb Code   228  dmul.o(.text)
    __aeabi_f2d                              0x08000465   Thumb Code    38  f2d.o(.text)
    __aeabi_uidiv                            0x0800048b   Thumb Code     0  uidiv.o(.text)
    __aeabi_uidivmod                         0x0800048b   Thumb Code    44  uidiv.o(.text)
    __aeabi_llsl                             0x080004b7   Thumb Code    30  llshl.o(.text)
    _ll_shift_l                              0x080004b7   Thumb Code     0  llshl.o(.text)
    __aeabi_llsr                             0x080004d5   Thumb Code    32  llushr.o(.text)
    _ll_ushift_r                             0x080004d5   Thumb Code     0  llushr.o(.text)
    strtol                                   0x080004f5   Thumb Code   112  strtol.o(.text)
    __I$use$fp                               0x08000565   Thumb Code     0  iusefp.o(.text)
    _double_round                            0x08000565   Thumb Code    30  depilogue.o(.text)
    _double_epilogue                         0x08000583   Thumb Code   156  depilogue.o(.text)
    __aeabi_dadd                             0x0800061f   Thumb Code   322  dadd.o(.text)
    __aeabi_dsub                             0x08000761   Thumb Code     6  dadd.o(.text)
    __aeabi_drsub                            0x08000767   Thumb Code     6  dadd.o(.text)
    __aeabi_ddiv                             0x0800076d   Thumb Code   222  ddiv.o(.text)
    __aeabi_d2ulz                            0x0800084b   Thumb Code    48  dfixul.o(.text)
    __aeabi_cdrcmple                         0x0800087d   Thumb Code    48  cdrcmple.o(.text)
    __scatterload                            0x080008ad   Thumb Code    28  init.o(.text)
    __scatterload_rt2                        0x080008ad   Thumb Code     0  init.o(.text)
    __aeabi_lasr                             0x080008d1   Thumb Code    36  llsshr.o(.text)
    _ll_sshift_r                             0x080008d1   Thumb Code     0  llsshr.o(.text)
    __rt_ctype_table                         0x080008f5   Thumb Code     4  ctype_o.o(.text)
    _strtoul                                 0x080008fd   Thumb Code   158  _strtoul.o(.text)
    _chval                                   0x0800099b   Thumb Code    28  _chval.o(.text)
    BLE_UART_ReceiveCallback                 0x08000ae1   Thumb Code    36  ble.o(i.BLE_UART_ReceiveCallback)
    BusFault_Handler                         0x08000b21   Thumb Code     2  stm32f4xx_it.o(i.BusFault_Handler)
    DebugMon_Handler                         0x08000b23   Thumb Code     2  stm32f4xx_it.o(i.DebugMon_Handler)
    Error_Handler                            0x08000b25   Thumb Code     4  main.o(i.Error_Handler)
    HAL_ADC_ConfigChannel                    0x08000b3d   Thumb Code   316  stm32f4xx_hal_adc.o(i.HAL_ADC_ConfigChannel)
    HAL_ADC_Init                             0x08000c89   Thumb Code    84  stm32f4xx_hal_adc.o(i.HAL_ADC_Init)
    HAL_ADC_MspInit                          0x08000cdd   Thumb Code    84  adc.o(i.HAL_ADC_MspInit)
    HAL_DMA_Abort                            0x08000d3d   Thumb Code   146  stm32f4xx_hal_dma.o(i.HAL_DMA_Abort)
    HAL_DMA_Abort_IT                         0x08000dcf   Thumb Code    36  stm32f4xx_hal_dma.o(i.HAL_DMA_Abort_IT)
    HAL_Delay                                0x08000df5   Thumb Code    32  stm32f4xx_hal.o(i.HAL_Delay)
    HAL_GPIO_Init                            0x08000e19   Thumb Code   450  stm32f4xx_hal_gpio.o(i.HAL_GPIO_Init)
    HAL_GPIO_TogglePin                       0x08001009   Thumb Code    16  stm32f4xx_hal_gpio.o(i.HAL_GPIO_TogglePin)
    HAL_GPIO_WritePin                        0x08001019   Thumb Code    10  stm32f4xx_hal_gpio.o(i.HAL_GPIO_WritePin)
    HAL_GetTick                              0x08001025   Thumb Code     6  stm32f4xx_hal.o(i.HAL_GetTick)
    HAL_I2C_Init                             0x08001031   Thumb Code   376  stm32f4xx_hal_i2c.o(i.HAL_I2C_Init)
    HAL_I2C_Mem_Write                        0x080011b9   Thumb Code   294  stm32f4xx_hal_i2c.o(i.HAL_I2C_Mem_Write)
    HAL_I2C_MspInit                          0x080012e9   Thumb Code   246  i2c.o(i.HAL_I2C_MspInit)
    HAL_IncTick                              0x08001401   Thumb Code    12  stm32f4xx_hal.o(i.HAL_IncTick)
    HAL_Init                                 0x08001411   Thumb Code    48  stm32f4xx_hal.o(i.HAL_Init)
    HAL_InitTick                             0x08001445   Thumb Code   132  stm32f4xx_hal_timebase_tim.o(i.HAL_InitTick)
    HAL_MspInit                              0x080014dd   Thumb Code    52  stm32f4xx_hal_msp.o(i.HAL_MspInit)
    HAL_NVIC_EnableIRQ                       0x08001515   Thumb Code    26  stm32f4xx_hal_cortex.o(i.HAL_NVIC_EnableIRQ)
    HAL_NVIC_SetPriority                     0x08001531   Thumb Code    60  stm32f4xx_hal_cortex.o(i.HAL_NVIC_SetPriority)
    HAL_NVIC_SetPriorityGrouping             0x08001571   Thumb Code    26  stm32f4xx_hal_cortex.o(i.HAL_NVIC_SetPriorityGrouping)
    HAL_RCC_ClockConfig                      0x08001595   Thumb Code   288  stm32f4xx_hal_rcc.o(i.HAL_RCC_ClockConfig)
    HAL_RCC_GetClockConfig                   0x080016c9   Thumb Code    54  stm32f4xx_hal_rcc.o(i.HAL_RCC_GetClockConfig)
    HAL_RCC_GetPCLK1Freq                     0x08001709   Thumb Code    20  stm32f4xx_hal_rcc.o(i.HAL_RCC_GetPCLK1Freq)
    HAL_RCC_GetPCLK2Freq                     0x08001729   Thumb Code    20  stm32f4xx_hal_rcc.o(i.HAL_RCC_GetPCLK2Freq)
    HAL_RCC_GetSysClockFreq                  0x08001749   Thumb Code    88  stm32f4xx_hal_rcc.o(i.HAL_RCC_GetSysClockFreq)
    HAL_RCC_OscConfig                        0x080017ad   Thumb Code   856  stm32f4xx_hal_rcc.o(i.HAL_RCC_OscConfig)
    HAL_TIMEx_BreakCallback                  0x08001b19   Thumb Code     2  stm32f4xx_hal_tim_ex.o(i.HAL_TIMEx_BreakCallback)
    HAL_TIMEx_CommutCallback                 0x08001b1b   Thumb Code     2  stm32f4xx_hal_tim_ex.o(i.HAL_TIMEx_CommutCallback)
    HAL_TIMEx_MasterConfigSynchronization    0x08001b1d   Thumb Code   116  stm32f4xx_hal_tim_ex.o(i.HAL_TIMEx_MasterConfigSynchronization)
    HAL_TIM_Base_Init                        0x08001bad   Thumb Code    90  stm32f4xx_hal_tim.o(i.HAL_TIM_Base_Init)
    HAL_TIM_Base_MspInit                     0x08001c09   Thumb Code    42  tim.o(i.HAL_TIM_Base_MspInit)
    HAL_TIM_Base_Start_IT                    0x08001c3d   Thumb Code   100  stm32f4xx_hal_tim.o(i.HAL_TIM_Base_Start_IT)
    HAL_TIM_ConfigClockSource                0x08001cbd   Thumb Code   220  stm32f4xx_hal_tim.o(i.HAL_TIM_ConfigClockSource)
    HAL_TIM_Encoder_Init                     0x08001d99   Thumb Code   164  stm32f4xx_hal_tim.o(i.HAL_TIM_Encoder_Init)
    HAL_TIM_Encoder_MspInit                  0x08001e3d   Thumb Code   142  tim.o(i.HAL_TIM_Encoder_MspInit)
    HAL_TIM_Encoder_Start                    0x08001ee1   Thumb Code   142  stm32f4xx_hal_tim.o(i.HAL_TIM_Encoder_Start)
    HAL_TIM_IC_CaptureCallback               0x08001f6f   Thumb Code     2  stm32f4xx_hal_tim.o(i.HAL_TIM_IC_CaptureCallback)
    HAL_TIM_IRQHandler                       0x08001f71   Thumb Code   304  stm32f4xx_hal_tim.o(i.HAL_TIM_IRQHandler)
    HAL_TIM_MspPostInit                      0x080020a1   Thumb Code    72  tim.o(i.HAL_TIM_MspPostInit)
    HAL_TIM_OC_DelayElapsedCallback          0x080020f1   Thumb Code     2  stm32f4xx_hal_tim.o(i.HAL_TIM_OC_DelayElapsedCallback)
    HAL_TIM_PWM_ConfigChannel                0x080020f3   Thumb Code   204  stm32f4xx_hal_tim.o(i.HAL_TIM_PWM_ConfigChannel)
    HAL_TIM_PWM_Init                         0x080021bf   Thumb Code    90  stm32f4xx_hal_tim.o(i.HAL_TIM_PWM_Init)
    HAL_TIM_PWM_MspInit                      0x08002219   Thumb Code     2  stm32f4xx_hal_tim.o(i.HAL_TIM_PWM_MspInit)
    HAL_TIM_PWM_PulseFinishedCallback        0x0800221b   Thumb Code     2  stm32f4xx_hal_tim.o(i.HAL_TIM_PWM_PulseFinishedCallback)
    HAL_TIM_PWM_Start                        0x0800221d   Thumb Code   172  stm32f4xx_hal_tim.o(i.HAL_TIM_PWM_Start)
    HAL_TIM_PeriodElapsedCallback            0x080022e5   Thumb Code    14  main.o(i.HAL_TIM_PeriodElapsedCallback)
    HAL_TIM_TriggerCallback                  0x080022f9   Thumb Code     2  stm32f4xx_hal_tim.o(i.HAL_TIM_TriggerCallback)
    HAL_UARTEx_RxEventCallback               0x080022fb   Thumb Code     2  stm32f4xx_hal_uart.o(i.HAL_UARTEx_RxEventCallback)
    HAL_UART_ErrorCallback                   0x080022fd   Thumb Code    30  ble.o(i.HAL_UART_ErrorCallback)
    HAL_UART_IRQHandler                      0x08002341   Thumb Code   636  stm32f4xx_hal_uart.o(i.HAL_UART_IRQHandler)
    HAL_UART_Init                            0x080025c1   Thumb Code   100  stm32f4xx_hal_uart.o(i.HAL_UART_Init)
    HAL_UART_MspInit                         0x08002625   Thumb Code   246  usart.o(i.HAL_UART_MspInit)
    HAL_UART_Receive_IT                      0x08002735   Thumb Code    28  stm32f4xx_hal_uart.o(i.HAL_UART_Receive_IT)
    HAL_UART_RxCpltCallback                  0x08002751   Thumb Code    56  main.o(i.HAL_UART_RxCpltCallback)
    HAL_UART_Transmit                        0x080027a1   Thumb Code   160  stm32f4xx_hal_uart.o(i.HAL_UART_Transmit)
    HAL_UART_TxCpltCallback                  0x08002841   Thumb Code     2  stm32f4xx_hal_uart.o(i.HAL_UART_TxCpltCallback)
    HardFault_Handler                        0x08002843   Thumb Code     2  stm32f4xx_it.o(i.HardFault_Handler)
    MX_ADC1_Init                             0x08002b19   Thumb Code    88  adc.o(i.MX_ADC1_Init)
    MX_FREERTOS_Init                         0x08002b7d   Thumb Code   128  freertos.o(i.MX_FREERTOS_Init)
    MX_GPIO_Init                             0x08002c29   Thumb Code   366  gpio.o(i.MX_GPIO_Init)
    MX_I2C1_Init                             0x08002db1   Thumb Code    50  i2c.o(i.MX_I2C1_Init)
    MX_I2C2_Init                             0x08002df1   Thumb Code    50  i2c.o(i.MX_I2C2_Init)
    MX_I2C3_Init                             0x08002e31   Thumb Code    50  i2c.o(i.MX_I2C3_Init)
    MX_TIM1_Init                             0x08002e71   Thumb Code    98  tim.o(i.MX_TIM1_Init)
    MX_TIM2_Init                             0x08002edd   Thumb Code   164  tim.o(i.MX_TIM2_Init)
    MX_TIM3_Init                             0x08002f85   Thumb Code    98  tim.o(i.MX_TIM3_Init)
    MX_TIM4_Init                             0x08002ff1   Thumb Code    98  tim.o(i.MX_TIM4_Init)
    MX_USART1_UART_Init                      0x0800305d   Thumb Code    48  usart.o(i.MX_USART1_UART_Init)
    MX_USART2_UART_Init                      0x08003095   Thumb Code    48  usart.o(i.MX_USART2_UART_Init)
    MX_USART3_UART_Init                      0x080030cd   Thumb Code    48  usart.o(i.MX_USART3_UART_Init)
    MemManage_Handler                        0x08003105   Thumb Code     2  stm32f4xx_it.o(i.MemManage_Handler)
    Motor_Init                               0x08003109   Thumb Code    64  motor_control.o(i.Motor_Init)
    Motor_Set                                0x0800315d   Thumb Code    96  motor_control.o(i.Motor_Set)
    Motor_UpdateSpeed                        0x080031c5   Thumb Code   170  motor_control.o(i.Motor_UpdateSpeed)
    NMI_Handler                              0x0800327d   Thumb Code     2  stm32f4xx_it.o(i.NMI_Handler)
    OLED_Clear                               0x0800327f   Thumb Code    52  oled.o(i.OLED_Clear)
    OLED_Init                                0x080032b3   Thumb Code    16  oled.o(i.OLED_Init)
    OLED_WR_CMD                              0x080032c5   Thumb Code    32  oled.o(i.OLED_WR_CMD)
    OLED_WR_DATA                             0x080032e9   Thumb Code    32  oled.o(i.OLED_WR_DATA)
    SerialCommand_Init                       0x0800340d   Thumb Code    16  serial_command.o(i.SerialCommand_Init)
    SerialCommand_ProcessChar                0x08003429   Thumb Code    54  serial_command.o(i.SerialCommand_ProcessChar)
    SetMotorSpeed                            0x08003469   Thumb Code    22  freertos.o(i.SetMotorSpeed)
    StartDefaultTask                         0x08003485   Thumb Code    36  freertos.o(i.StartDefaultTask)
    StartTask03                              0x080034ad   Thumb Code     8  freertos.o(i.StartTask03)
    StartTask04                              0x080034b5   Thumb Code     8  freertos.o(i.StartTask04)
    StartTask05                              0x080034bd   Thumb Code     8  freertos.o(i.StartTask05)
    StartTask06                              0x080034c5   Thumb Code     8  freertos.o(i.StartTask06)
    StartTask07                              0x080034cd   Thumb Code     8  freertos.o(i.StartTask07)
    StartTask08                              0x080034d5   Thumb Code     8  freertos.o(i.StartTask08)
    StartTask09                              0x080034dd   Thumb Code   278  freertos.o(i.StartTask09)
    SysTick_Handler                          0x08003651   Thumb Code    26  cmsis_os2.o(i.SysTick_Handler)
    SystemClock_Config                       0x0800366d   Thumb Code   140  main.o(i.SystemClock_Config)
    SystemInit                               0x08003701   Thumb Code    12  system_stm32f4xx.o(i.SystemInit)
    TIM7_IRQHandler                          0x08003711   Thumb Code     6  stm32f4xx_it.o(i.TIM7_IRQHandler)
    TIM_Base_SetConfig                       0x0800371d   Thumb Code   164  stm32f4xx_hal_tim.o(i.TIM_Base_SetConfig)
    TIM_CCxChannelCmd                        0x080037ed   Thumb Code    26  stm32f4xx_hal_tim.o(i.TIM_CCxChannelCmd)
    TIM_ETR_SetConfig                        0x08003807   Thumb Code    20  stm32f4xx_hal_tim.o(i.TIM_ETR_SetConfig)
    TIM_OC2_SetConfig                        0x0800388d   Thumb Code    98  stm32f4xx_hal_tim.o(i.TIM_OC2_SetConfig)
    UART_Start_Receive_IT                    0x08003c21   Thumb Code    54  stm32f4xx_hal_uart.o(i.UART_Start_Receive_IT)
    USART2_IRQHandler                        0x08003cc9   Thumb Code     6  stm32f4xx_it.o(i.USART2_IRQHandler)
    USART3_IRQHandler                        0x08003cd5   Thumb Code     6  stm32f4xx_it.o(i.USART3_IRQHandler)
    UsageFault_Handler                       0x08003ce1   Thumb Code     2  stm32f4xx_it.o(i.UsageFault_Handler)
    WriteCmd                                 0x08003ce5   Thumb Code    42  oled.o(i.WriteCmd)
    __0printf                                0x08003d19   Thumb Code    22  printfa.o(i.__0printf)
    __1printf                                0x08003d19   Thumb Code     0  printfa.o(i.__0printf)
    __2printf                                0x08003d19   Thumb Code     0  printfa.o(i.__0printf)
    __c89printf                              0x08003d19   Thumb Code     0  printfa.o(i.__0printf)
    printf                                   0x08003d19   Thumb Code     0  printfa.o(i.__0printf)
    __aeabi_errno_addr                       0x08003d59   Thumb Code     4  errno.o(i.__aeabi_errno_addr)
    __rt_errno_addr                          0x08003d59   Thumb Code     0  errno.o(i.__aeabi_errno_addr)
    __scatterload_copy                       0x08003d61   Thumb Code    14  handlers.o(i.__scatterload_copy)
    __scatterload_null                       0x08003d6f   Thumb Code     2  handlers.o(i.__scatterload_null)
    __scatterload_zeroinit                   0x08003d71   Thumb Code    14  handlers.o(i.__scatterload_zeroinit)
    fputc                                    0x0800460d   Thumb Code    20  usart.o(i.fputc)
    main                                     0x08004625   Thumb Code    86  main.o(i.main)
    osDelay                                  0x0800467b   Thumb Code    26  cmsis_os2.o(i.osDelay)
    osKernelInitialize                       0x08004695   Thumb Code    32  cmsis_os2.o(i.osKernelInitialize)
    osKernelStart                            0x080046b9   Thumb Code    48  cmsis_os2.o(i.osKernelStart)
    osThreadNew                              0x080046f1   Thumb Code   138  cmsis_os2.o(i.osThreadNew)
    pvPortMalloc                             0x08004f11   Thumb Code   216  heap_4.o(i.pvPortMalloc)
    pxPortInitialiseStack                    0x08004fed   Thumb Code    40  port.o(i.pxPortInitialiseStack)
    uxListRemove                             0x08005019   Thumb Code    38  list.o(i.uxListRemove)
    vApplicationGetIdleTaskMemory            0x08005041   Thumb Code    16  cmsis_os2.o(i.vApplicationGetIdleTaskMemory)
    vApplicationGetTimerTaskMemory           0x08005055   Thumb Code    18  cmsis_os2.o(i.vApplicationGetTimerTaskMemory)
    vListInitialise                          0x0800506d   Thumb Code    22  list.o(i.vListInitialise)
    vListInitialiseItem                      0x08005083   Thumb Code     6  list.o(i.vListInitialiseItem)
    vListInsert                              0x08005089   Thumb Code    48  list.o(i.vListInsert)
    vListInsertEnd                           0x080050b9   Thumb Code    24  list.o(i.vListInsertEnd)
    vPortEnterCritical                       0x080050d1   Thumb Code    54  port.o(i.vPortEnterCritical)
    vPortExitCritical                        0x08005111   Thumb Code    34  port.o(i.vPortExitCritical)
    vPortFree                                0x08005139   Thumb Code    94  heap_4.o(i.vPortFree)
    vPortSetupTimerInterrupt                 0x0800519d   Thumb Code    32  port.o(i.vPortSetupTimerInterrupt)
    vPortValidateInterruptPriority           0x080051c1   Thumb Code    74  port.o(i.vPortValidateInterruptPriority)
    vQueueAddToRegistry                      0x08005215   Thumb Code    34  queue.o(i.vQueueAddToRegistry)
    vQueueWaitForMessageRestricted           0x0800523d   Thumb Code    68  queue.o(i.vQueueWaitForMessageRestricted)
    vTaskDelay                               0x08005281   Thumb Code    66  tasks.o(i.vTaskDelay)
    vTaskInternalSetTimeOutState             0x080052cd   Thumb Code    12  tasks.o(i.vTaskInternalSetTimeOutState)
    vTaskMissedYield                         0x080052dd   Thumb Code     8  tasks.o(i.vTaskMissedYield)
    vTaskPlaceOnEventList                    0x080052e9   Thumb Code    44  tasks.o(i.vTaskPlaceOnEventList)
    vTaskPlaceOnEventListRestricted          0x08005319   Thumb Code    52  tasks.o(i.vTaskPlaceOnEventListRestricted)
    vTaskStartScheduler                      0x08005351   Thumb Code   118  tasks.o(i.vTaskStartScheduler)
    vTaskSuspendAll                          0x080053d9   Thumb Code    10  tasks.o(i.vTaskSuspendAll)
    vTaskSwitchContext                       0x080053e9   Thumb Code    90  tasks.o(i.vTaskSwitchContext)
    xPortStartScheduler                      0x0800544d   Thumb Code   222  port.o(i.xPortStartScheduler)
    xPortSysTickHandler                      0x08005541   Thumb Code    38  port.o(i.xPortSysTickHandler)
    xQueueGenericCreateStatic                0x0800556d   Thumb Code   102  queue.o(i.xQueueGenericCreateStatic)
    xQueueGenericReset                       0x080055d5   Thumb Code   132  queue.o(i.xQueueGenericReset)
    xQueueGenericSend                        0x0800565d   Thumb Code   346  queue.o(i.xQueueGenericSend)
    xQueueGenericSendFromISR                 0x080057bd   Thumb Code   190  queue.o(i.xQueueGenericSendFromISR)
    xQueueReceive                            0x0800587d   Thumb Code   308  queue.o(i.xQueueReceive)
    xTaskCheckForTimeOut                     0x080059b5   Thumb Code   112  tasks.o(i.xTaskCheckForTimeOut)
    xTaskCreate                              0x08005a29   Thumb Code    90  tasks.o(i.xTaskCreate)
    xTaskCreateStatic                        0x08005a83   Thumb Code    86  tasks.o(i.xTaskCreateStatic)
    xTaskGetSchedulerState                   0x08005ad9   Thumb Code    22  tasks.o(i.xTaskGetSchedulerState)
    xTaskGetTickCount                        0x08005af5   Thumb Code     6  tasks.o(i.xTaskGetTickCount)
    xTaskIncrementTick                       0x08005b01   Thumb Code   192  tasks.o(i.xTaskIncrementTick)
    xTaskPriorityDisinherit                  0x08005bc9   Thumb Code   118  tasks.o(i.xTaskPriorityDisinherit)
    xTaskRemoveFromEventList                 0x08005c49   Thumb Code    98  tasks.o(i.xTaskRemoveFromEventList)
    xTaskResumeAll                           0x08005cb9   Thumb Code   182  tasks.o(i.xTaskResumeAll)
    xTimerCreateTimerTask                    0x08005d7d   Thumb Code    78  timers.o(i.xTimerCreateTimerTask)
    xTimerGenericCommand                     0x08005ddd   Thumb Code    98  timers.o(i.xTimerGenericCommand)
    defaultTask_LED_attributes               0x08005e44   Data          36  freertos.o(.constdata)
    OLED_attributes                          0x08005e68   Data          36  freertos.o(.constdata)
    DS18B20_attributes                       0x08005e8c   Data          36  freertos.o(.constdata)
    DFROBOT_attributes                       0x08005eb0   Data          36  freertos.o(.constdata)
    BLE_attributes                           0x08005ed4   Data          36  freertos.o(.constdata)
    UART_TASK_attributes                     0x08005ef8   Data          36  freertos.o(.constdata)
    myTask07_attributes                      0x08005f1c   Data          36  freertos.o(.constdata)
    myTask08_attributes                      0x08005f40   Data          36  freertos.o(.constdata)
    motor_attributes                         0x08005f64   Data          36  freertos.o(.constdata)
    AHBPrescTable                            0x08005f88   Data          16  system_stm32f4xx.o(.constdata)
    APBPrescTable                            0x08005f98   Data           8  system_stm32f4xx.o(.constdata)
    __ctype_table                            0x08005fa0   Data         129  ctype_o.o(.constdata)
    Region$$Table$$Base                      0x08006080   Number         0  anon$$obj.o(Region$$Table)
    Region$$Table$$Limit                     0x080060a0   Number         0  anon$$obj.o(Region$$Table)
    defaultTask_LEDHandle                    0x2000000c   Data           4  freertos.o(.data)
    OLEDHandle                               0x20000010   Data           4  freertos.o(.data)
    DS18B20Handle                            0x20000014   Data           4  freertos.o(.data)
    DFROBOTHandle                            0x20000018   Data           4  freertos.o(.data)
    BLEHandle                                0x2000001c   Data           4  freertos.o(.data)
    UART_TASKHandle                          0x20000020   Data           4  freertos.o(.data)
    myTask07Handle                           0x20000024   Data           4  freertos.o(.data)
    myTask08Handle                           0x20000028   Data           4  freertos.o(.data)
    motorHandle                              0x2000002c   Data           4  freertos.o(.data)
    uwTickFreq                               0x20000030   Data           1  stm32f4xx_hal.o(.data)
    uwTickPrio                               0x20000034   Data           4  stm32f4xx_hal.o(.data)
    uwTick                                   0x20000038   Data           4  stm32f4xx_hal.o(.data)
    SystemCoreClock                          0x2000003c   Data           4  system_stm32f4xx.o(.data)
    ble_rx_data                              0x20000040   Data           1  ble.o(.data)
    ble_rx_index                             0x20000042   Data           2  ble.o(.data)
    speed_a                                  0x20000048   Data           2  motor_control.o(.data)
    speed_b                                  0x2000004a   Data           2  motor_control.o(.data)
    filtered_speed_a                         0x2000004c   Data           4  motor_control.o(.data)
    filtered_speed_b                         0x20000050   Data           4  motor_control.o(.data)
    CMD_Data                                 0x2000005c   Data          27  oled.o(.data)
    rx_data                                  0x20000077   Data           1  serial_command.o(.data)
    rx_index                                 0x20000078   Data           1  serial_command.o(.data)
    pxCurrentTCB                             0x2000007c   Data           4  tasks.o(.data)
    __stdout                                 0x200000fc   Data           4  stdout.o(.data)
    hadc1                                    0x20000104   Data          72  adc.o(.bss)
    hi2c1                                    0x2000014c   Data          84  i2c.o(.bss)
    hi2c2                                    0x200001a0   Data          84  i2c.o(.bss)
    hi2c3                                    0x200001f4   Data          84  i2c.o(.bss)
    htim1                                    0x20000248   Data          72  tim.o(.bss)
    htim2                                    0x20000290   Data          72  tim.o(.bss)
    htim3                                    0x200002d8   Data          72  tim.o(.bss)
    htim4                                    0x20000320   Data          72  tim.o(.bss)
    huart1                                   0x20000368   Data          72  usart.o(.bss)
    huart2                                   0x200003b0   Data          72  usart.o(.bss)
    huart3                                   0x200003f8   Data          72  usart.o(.bss)
    htim7                                    0x20000440   Data          72  stm32f4xx_hal_timebase_tim.o(.bss)
    ble_rx_buffer                            0x20000488   Data         256  ble.o(.bss)
    rx_buffer                                0x20000588   Data          64  serial_command.o(.bss)
    xQueueRegistry                           0x200005c8   Data          64  queue.o(.bss)
    __initial_sp                             0x200052a0   Data           0  startup_stm32f407xx.o(STACK)



==============================================================================

Memory Map of the image

  Image Entry point : 0x08000189

  Load Region LR_IROM1 (Base: 0x08000000, Size: 0x000061a4, Max: 0x00100000, ABSOLUTE)

    Execution Region ER_IROM1 (Exec base: 0x08000000, Load base: 0x08000000, Size: 0x000060a0, Max: 0x00100000, ABSOLUTE)

    Exec Addr    Load Addr    Size         Type   Attr      Idx    E Section Name        Object

    0x08000000   0x08000000   0x00000188   Data   RO            3    RESET               startup_stm32f407xx.o
    0x08000188   0x08000188   0x00000000   Code   RO         6294  * .ARM.Collect$$$$00000000  mc_w.l(entry.o)
    0x08000188   0x08000188   0x00000004   Code   RO         6584    .ARM.Collect$$$$00000001  mc_w.l(entry2.o)
    0x0800018c   0x0800018c   0x00000004   Code   RO         6587    .ARM.Collect$$$$00000004  mc_w.l(entry5.o)
    0x08000190   0x08000190   0x00000000   Code   RO         6589    .ARM.Collect$$$$00000008  mc_w.l(entry7b.o)
    0x08000190   0x08000190   0x00000000   Code   RO         6591    .ARM.Collect$$$$0000000A  mc_w.l(entry8b.o)
    0x08000190   0x08000190   0x00000008   Code   RO         6592    .ARM.Collect$$$$0000000B  mc_w.l(entry9a.o)
    0x08000198   0x08000198   0x00000004   Code   RO         6599    .ARM.Collect$$$$0000000E  mc_w.l(entry12b.o)
    0x0800019c   0x0800019c   0x00000000   Code   RO         6594    .ARM.Collect$$$$0000000F  mc_w.l(entry10a.o)
    0x0800019c   0x0800019c   0x00000000   Code   RO         6596    .ARM.Collect$$$$00000011  mc_w.l(entry11a.o)
    0x0800019c   0x0800019c   0x00000004   Code   RO         6585    .ARM.Collect$$$$00002712  mc_w.l(entry2.o)
    0x080001a0   0x080001a0   0x000000be   Code   RO         6217    .emb_text           port.o
    0x0800025e   0x0800025e   0x00000002   PAD
    0x08000260   0x08000260   0x00000024   Code   RO            4    .text               startup_stm32f407xx.o
    0x08000284   0x08000284   0x00000062   Code   RO         6297    .text               mc_w.l(uldiv.o)
    0x080002e6   0x080002e6   0x00000024   Code   RO         6299    .text               mc_w.l(memcpya.o)
    0x0800030a   0x0800030a   0x00000024   Code   RO         6303    .text               mc_w.l(memseta.o)
    0x0800032e   0x0800032e   0x00000018   Code   RO         6305    .text               mc_w.l(strncpy.o)
    0x08000346   0x08000346   0x0000000e   Code   RO         6307    .text               mc_w.l(strlen.o)
    0x08000354   0x08000354   0x00000012   Code   RO         6309    .text               mc_w.l(strcpy.o)
    0x08000366   0x08000366   0x0000001a   Code   RO         6574    .text               mc_w.l(atoi.o)
    0x08000380   0x08000380   0x000000e4   Code   RO         6576    .text               mf_w.l(dmul.o)
    0x08000464   0x08000464   0x00000026   Code   RO         6582    .text               mf_w.l(f2d.o)
    0x0800048a   0x0800048a   0x0000002c   Code   RO         6601    .text               mc_w.l(uidiv.o)
    0x080004b6   0x080004b6   0x0000001e   Code   RO         6603    .text               mc_w.l(llshl.o)
    0x080004d4   0x080004d4   0x00000020   Code   RO         6605    .text               mc_w.l(llushr.o)
    0x080004f4   0x080004f4   0x00000070   Code   RO         6614    .text               mc_w.l(strtol.o)
    0x08000564   0x08000564   0x00000000   Code   RO         6616    .text               mc_w.l(iusefp.o)
    0x08000564   0x08000564   0x000000ba   Code   RO         6617    .text               mf_w.l(depilogue.o)
    0x0800061e   0x0800061e   0x0000014e   Code   RO         6619    .text               mf_w.l(dadd.o)
    0x0800076c   0x0800076c   0x000000de   Code   RO         6621    .text               mf_w.l(ddiv.o)
    0x0800084a   0x0800084a   0x00000030   Code   RO         6623    .text               mf_w.l(dfixul.o)
    0x0800087a   0x0800087a   0x00000002   PAD
    0x0800087c   0x0800087c   0x00000030   Code   RO         6625    .text               mf_w.l(cdrcmple.o)
    0x080008ac   0x080008ac   0x00000024   Code   RO         6627    .text               mc_w.l(init.o)
    0x080008d0   0x080008d0   0x00000024   Code   RO         6629    .text               mc_w.l(llsshr.o)
    0x080008f4   0x080008f4   0x00000008   Code   RO         6631    .text               mc_w.l(ctype_o.o)
    0x080008fc   0x080008fc   0x0000009e   Code   RO         6659    .text               mc_w.l(_strtoul.o)
    0x0800099a   0x0800099a   0x0000001c   Code   RO         6661    .text               mc_w.l(_chval.o)
    0x080009b6   0x080009b6   0x00000002   PAD
    0x080009b8   0x080009b8   0x00000128   Code   RO         1770    i.ADC_Init          stm32f4xx_hal_adc.o
    0x08000ae0   0x08000ae0   0x00000040   Code   RO         4197    i.BLE_UART_ReceiveCallback  ble.o
    0x08000b20   0x08000b20   0x00000002   Code   RO          655    i.BusFault_Handler  stm32f4xx_it.o
    0x08000b22   0x08000b22   0x00000002   Code   RO          656    i.DebugMon_Handler  stm32f4xx_it.o
    0x08000b24   0x08000b24   0x00000004   Code   RO           13    i.Error_Handler     main.o
    0x08000b28   0x08000b28   0x00000014   Code   RO         4288    i.GetDeltaCount     motor_control.o
    0x08000b3c   0x08000b3c   0x0000014c   Code   RO         1772    i.HAL_ADC_ConfigChannel  stm32f4xx_hal_adc.o
    0x08000c88   0x08000c88   0x00000054   Code   RO         1781    i.HAL_ADC_Init      stm32f4xx_hal_adc.o
    0x08000cdc   0x08000cdc   0x00000060   Code   RO          403    i.HAL_ADC_MspInit   adc.o
    0x08000d3c   0x08000d3c   0x00000092   Code   RO         2507    i.HAL_DMA_Abort     stm32f4xx_hal_dma.o
    0x08000dce   0x08000dce   0x00000024   Code   RO         2508    i.HAL_DMA_Abort_IT  stm32f4xx_hal_dma.o
    0x08000df2   0x08000df2   0x00000002   PAD
    0x08000df4   0x08000df4   0x00000024   Code   RO         2944    i.HAL_Delay         stm32f4xx_hal.o
    0x08000e18   0x08000e18   0x000001f0   Code   RO         2400    i.HAL_GPIO_Init     stm32f4xx_hal_gpio.o
    0x08001008   0x08001008   0x00000010   Code   RO         2403    i.HAL_GPIO_TogglePin  stm32f4xx_hal_gpio.o
    0x08001018   0x08001018   0x0000000a   Code   RO         2404    i.HAL_GPIO_WritePin  stm32f4xx_hal_gpio.o
    0x08001022   0x08001022   0x00000002   PAD
    0x08001024   0x08001024   0x0000000c   Code   RO         2950    i.HAL_GetTick       stm32f4xx_hal.o
    0x08001030   0x08001030   0x00000188   Code   RO         3206    i.HAL_I2C_Init      stm32f4xx_hal_i2c.o
    0x080011b8   0x080011b8   0x00000130   Code   RO         3227    i.HAL_I2C_Mem_Write  stm32f4xx_hal_i2c.o
    0x080012e8   0x080012e8   0x00000118   Code   RO          445    i.HAL_I2C_MspInit   i2c.o
    0x08001400   0x08001400   0x00000010   Code   RO         2956    i.HAL_IncTick       stm32f4xx_hal.o
    0x08001410   0x08001410   0x00000034   Code   RO         2957    i.HAL_Init          stm32f4xx_hal.o
    0x08001444   0x08001444   0x00000098   Code   RO          755    i.HAL_InitTick      stm32f4xx_hal_timebase_tim.o
    0x080014dc   0x080014dc   0x00000038   Code   RO          731    i.HAL_MspInit       stm32f4xx_hal_msp.o
    0x08001514   0x08001514   0x0000001a   Code   RO         2792    i.HAL_NVIC_EnableIRQ  stm32f4xx_hal_cortex.o
    0x0800152e   0x0800152e   0x00000002   PAD
    0x08001530   0x08001530   0x00000040   Code   RO         2798    i.HAL_NVIC_SetPriority  stm32f4xx_hal_cortex.o
    0x08001570   0x08001570   0x00000024   Code   RO         2799    i.HAL_NVIC_SetPriorityGrouping  stm32f4xx_hal_cortex.o
    0x08001594   0x08001594   0x00000134   Code   RO         2046    i.HAL_RCC_ClockConfig  stm32f4xx_hal_rcc.o
    0x080016c8   0x080016c8   0x00000040   Code   RO         2050    i.HAL_RCC_GetClockConfig  stm32f4xx_hal_rcc.o
    0x08001708   0x08001708   0x00000020   Code   RO         2053    i.HAL_RCC_GetPCLK1Freq  stm32f4xx_hal_rcc.o
    0x08001728   0x08001728   0x00000020   Code   RO         2054    i.HAL_RCC_GetPCLK2Freq  stm32f4xx_hal_rcc.o
    0x08001748   0x08001748   0x00000064   Code   RO         2055    i.HAL_RCC_GetSysClockFreq  stm32f4xx_hal_rcc.o
    0x080017ac   0x080017ac   0x0000036c   Code   RO         2058    i.HAL_RCC_OscConfig  stm32f4xx_hal_rcc.o
    0x08001b18   0x08001b18   0x00000002   Code   RO         1500    i.HAL_TIMEx_BreakCallback  stm32f4xx_hal_tim_ex.o
    0x08001b1a   0x08001b1a   0x00000002   Code   RO         1501    i.HAL_TIMEx_CommutCallback  stm32f4xx_hal_tim_ex.o
    0x08001b1c   0x08001b1c   0x00000090   Code   RO         1519    i.HAL_TIMEx_MasterConfigSynchronization  stm32f4xx_hal_tim_ex.o
    0x08001bac   0x08001bac   0x0000005a   Code   RO          796    i.HAL_TIM_Base_Init  stm32f4xx_hal_tim.o
    0x08001c06   0x08001c06   0x00000002   PAD
    0x08001c08   0x08001c08   0x00000034   Code   RO          499    i.HAL_TIM_Base_MspInit  tim.o
    0x08001c3c   0x08001c3c   0x00000080   Code   RO          801    i.HAL_TIM_Base_Start_IT  stm32f4xx_hal_tim.o
    0x08001cbc   0x08001cbc   0x000000dc   Code   RO          805    i.HAL_TIM_ConfigClockSource  stm32f4xx_hal_tim.o
    0x08001d98   0x08001d98   0x000000a4   Code   RO          817    i.HAL_TIM_Encoder_Init  stm32f4xx_hal_tim.o
    0x08001e3c   0x08001e3c   0x000000a4   Code   RO          501    i.HAL_TIM_Encoder_MspInit  tim.o
    0x08001ee0   0x08001ee0   0x0000008e   Code   RO          820    i.HAL_TIM_Encoder_Start  stm32f4xx_hal_tim.o
    0x08001f6e   0x08001f6e   0x00000002   Code   RO          830    i.HAL_TIM_IC_CaptureCallback  stm32f4xx_hal_tim.o
    0x08001f70   0x08001f70   0x00000130   Code   RO          844    i.HAL_TIM_IRQHandler  stm32f4xx_hal_tim.o
    0x080020a0   0x080020a0   0x00000050   Code   RO          502    i.HAL_TIM_MspPostInit  tim.o
    0x080020f0   0x080020f0   0x00000002   Code   RO          847    i.HAL_TIM_OC_DelayElapsedCallback  stm32f4xx_hal_tim.o
    0x080020f2   0x080020f2   0x000000cc   Code   RO          868    i.HAL_TIM_PWM_ConfigChannel  stm32f4xx_hal_tim.o
    0x080021be   0x080021be   0x0000005a   Code   RO          871    i.HAL_TIM_PWM_Init  stm32f4xx_hal_tim.o
    0x08002218   0x08002218   0x00000002   Code   RO          873    i.HAL_TIM_PWM_MspInit  stm32f4xx_hal_tim.o
    0x0800221a   0x0800221a   0x00000002   Code   RO          874    i.HAL_TIM_PWM_PulseFinishedCallback  stm32f4xx_hal_tim.o
    0x0800221c   0x0800221c   0x000000c8   Code   RO          876    i.HAL_TIM_PWM_Start  stm32f4xx_hal_tim.o
    0x080022e4   0x080022e4   0x00000014   Code   RO           16    i.HAL_TIM_PeriodElapsedCallback  main.o
    0x080022f8   0x080022f8   0x00000002   Code   RO          887    i.HAL_TIM_TriggerCallback  stm32f4xx_hal_tim.o
    0x080022fa   0x080022fa   0x00000002   Code   RO         3662    i.HAL_UARTEx_RxEventCallback  stm32f4xx_hal_uart.o
    0x080022fc   0x080022fc   0x00000044   Code   RO         4198    i.HAL_UART_ErrorCallback  ble.o
    0x08002340   0x08002340   0x00000280   Code   RO         3679    i.HAL_UART_IRQHandler  stm32f4xx_hal_uart.o
    0x080025c0   0x080025c0   0x00000064   Code   RO         3680    i.HAL_UART_Init     stm32f4xx_hal_uart.o
    0x08002624   0x08002624   0x00000110   Code   RO          583    i.HAL_UART_MspInit  usart.o
    0x08002734   0x08002734   0x0000001c   Code   RO         3685    i.HAL_UART_Receive_IT  stm32f4xx_hal_uart.o
    0x08002750   0x08002750   0x00000050   Code   RO           17    i.HAL_UART_RxCpltCallback  main.o
    0x080027a0   0x080027a0   0x000000a0   Code   RO         3688    i.HAL_UART_Transmit  stm32f4xx_hal_uart.o
    0x08002840   0x08002840   0x00000002   Code   RO         3691    i.HAL_UART_TxCpltCallback  stm32f4xx_hal_uart.o
    0x08002842   0x08002842   0x00000002   Code   RO          657    i.HardFault_Handler  stm32f4xx_it.o
    0x08002844   0x08002844   0x0000002e   Code   RO         3249    i.I2C_IsAcknowledgeFailed  stm32f4xx_hal_i2c.o
    0x08002872   0x08002872   0x00000002   PAD
    0x08002874   0x08002874   0x000000a8   Code   RO         3260    i.I2C_RequestMemoryWrite  stm32f4xx_hal_i2c.o
    0x0800291c   0x0800291c   0x00000056   Code   RO         3264    i.I2C_WaitOnBTFFlagUntilTimeout  stm32f4xx_hal_i2c.o
    0x08002972   0x08002972   0x00000002   PAD
    0x08002974   0x08002974   0x00000090   Code   RO         3265    i.I2C_WaitOnFlagUntilTimeout  stm32f4xx_hal_i2c.o
    0x08002a04   0x08002a04   0x000000bc   Code   RO         3266    i.I2C_WaitOnMasterAddressFlagUntilTimeout  stm32f4xx_hal_i2c.o
    0x08002ac0   0x08002ac0   0x00000056   Code   RO         3268    i.I2C_WaitOnTXEFlagUntilTimeout  stm32f4xx_hal_i2c.o
    0x08002b16   0x08002b16   0x00000002   PAD
    0x08002b18   0x08002b18   0x00000064   Code   RO          404    i.MX_ADC1_Init      adc.o
    0x08002b7c   0x08002b7c   0x000000ac   Code   RO          303    i.MX_FREERTOS_Init  freertos.o
    0x08002c28   0x08002c28   0x00000188   Code   RO          279    i.MX_GPIO_Init      gpio.o
    0x08002db0   0x08002db0   0x00000040   Code   RO          446    i.MX_I2C1_Init      i2c.o
    0x08002df0   0x08002df0   0x00000040   Code   RO          447    i.MX_I2C2_Init      i2c.o
    0x08002e30   0x08002e30   0x00000040   Code   RO          448    i.MX_I2C3_Init      i2c.o
    0x08002e70   0x08002e70   0x0000006c   Code   RO          503    i.MX_TIM1_Init      tim.o
    0x08002edc   0x08002edc   0x000000a8   Code   RO          504    i.MX_TIM2_Init      tim.o
    0x08002f84   0x08002f84   0x0000006c   Code   RO          505    i.MX_TIM3_Init      tim.o
    0x08002ff0   0x08002ff0   0x0000006c   Code   RO          506    i.MX_TIM4_Init      tim.o
    0x0800305c   0x0800305c   0x00000038   Code   RO          584    i.MX_USART1_UART_Init  usart.o
    0x08003094   0x08003094   0x00000038   Code   RO          585    i.MX_USART2_UART_Init  usart.o
    0x080030cc   0x080030cc   0x00000038   Code   RO          586    i.MX_USART3_UART_Init  usart.o
    0x08003104   0x08003104   0x00000002   Code   RO          658    i.MemManage_Handler  stm32f4xx_it.o
    0x08003106   0x08003106   0x00000002   PAD
    0x08003108   0x08003108   0x00000054   Code   RO         4291    i.Motor_Init        motor_control.o
    0x0800315c   0x0800315c   0x00000068   Code   RO         4292    i.Motor_Set         motor_control.o
    0x080031c4   0x080031c4   0x000000b8   Code   RO         4293    i.Motor_UpdateSpeed  motor_control.o
    0x0800327c   0x0800327c   0x00000002   Code   RO          659    i.NMI_Handler       stm32f4xx_it.o
    0x0800327e   0x0800327e   0x00000034   Code   RO         4383    i.OLED_Clear        oled.o
    0x080032b2   0x080032b2   0x00000010   Code   RO         4386    i.OLED_Init         oled.o
    0x080032c2   0x080032c2   0x00000002   PAD
    0x080032c4   0x080032c4   0x00000024   Code   RO         4393    i.OLED_WR_CMD       oled.o
    0x080032e8   0x080032e8   0x00000024   Code   RO         4394    i.OLED_WR_DATA      oled.o
    0x0800330c   0x0800330c   0x00000100   Code   RO         4492    i.ParseCommand      serial_command.o
    0x0800340c   0x0800340c   0x0000001c   Code   RO         4493    i.SerialCommand_Init  serial_command.o
    0x08003428   0x08003428   0x00000040   Code   RO         4494    i.SerialCommand_ProcessChar  serial_command.o
    0x08003468   0x08003468   0x0000001c   Code   RO          304    i.SetMotorSpeed     freertos.o
    0x08003484   0x08003484   0x00000028   Code   RO          305    i.StartDefaultTask  freertos.o
    0x080034ac   0x080034ac   0x00000008   Code   RO          306    i.StartTask03       freertos.o
    0x080034b4   0x080034b4   0x00000008   Code   RO          307    i.StartTask04       freertos.o
    0x080034bc   0x080034bc   0x00000008   Code   RO          308    i.StartTask05       freertos.o
    0x080034c4   0x080034c4   0x00000008   Code   RO          309    i.StartTask06       freertos.o
    0x080034cc   0x080034cc   0x00000008   Code   RO          310    i.StartTask07       freertos.o
    0x080034d4   0x080034d4   0x00000008   Code   RO          311    i.StartTask08       freertos.o
    0x080034dc   0x080034dc   0x00000174   Code   RO          312    i.StartTask09       freertos.o
    0x08003650   0x08003650   0x0000001a   Code   RO         5649    i.SysTick_Handler   cmsis_os2.o
    0x0800366a   0x0800366a   0x00000002   PAD
    0x0800366c   0x0800366c   0x00000094   Code   RO           18    i.SystemClock_Config  main.o
    0x08003700   0x08003700   0x00000010   Code   RO         4014    i.SystemInit        system_stm32f4xx.o
    0x08003710   0x08003710   0x0000000c   Code   RO          660    i.TIM7_IRQHandler   stm32f4xx_it.o
    0x0800371c   0x0800371c   0x000000d0   Code   RO          889    i.TIM_Base_SetConfig  stm32f4xx_hal_tim.o
    0x080037ec   0x080037ec   0x0000001a   Code   RO          890    i.TIM_CCxChannelCmd  stm32f4xx_hal_tim.o
    0x08003806   0x08003806   0x00000014   Code   RO          900    i.TIM_ETR_SetConfig  stm32f4xx_hal_tim.o
    0x0800381a   0x0800381a   0x00000010   Code   RO          901    i.TIM_ITRx_SetConfig  stm32f4xx_hal_tim.o
    0x0800382a   0x0800382a   0x00000002   PAD
    0x0800382c   0x0800382c   0x00000060   Code   RO          902    i.TIM_OC1_SetConfig  stm32f4xx_hal_tim.o
    0x0800388c   0x0800388c   0x0000006c   Code   RO          903    i.TIM_OC2_SetConfig  stm32f4xx_hal_tim.o
    0x080038f8   0x080038f8   0x00000068   Code   RO          904    i.TIM_OC3_SetConfig  stm32f4xx_hal_tim.o
    0x08003960   0x08003960   0x00000050   Code   RO          905    i.TIM_OC4_SetConfig  stm32f4xx_hal_tim.o
    0x080039b0   0x080039b0   0x00000022   Code   RO          907    i.TIM_TI1_ConfigInputStage  stm32f4xx_hal_tim.o
    0x080039d2   0x080039d2   0x00000024   Code   RO          909    i.TIM_TI2_ConfigInputStage  stm32f4xx_hal_tim.o
    0x080039f6   0x080039f6   0x0000000e   Code   RO         3693    i.UART_DMAAbortOnError  stm32f4xx_hal_uart.o
    0x08003a04   0x08003a04   0x0000004e   Code   RO         3703    i.UART_EndRxTransfer  stm32f4xx_hal_uart.o
    0x08003a52   0x08003a52   0x000000c2   Code   RO         3705    i.UART_Receive_IT   stm32f4xx_hal_uart.o
    0x08003b14   0x08003b14   0x0000010c   Code   RO         3706    i.UART_SetConfig    stm32f4xx_hal_uart.o
    0x08003c20   0x08003c20   0x00000036   Code   RO         3708    i.UART_Start_Receive_IT  stm32f4xx_hal_uart.o
    0x08003c56   0x08003c56   0x00000072   Code   RO         3709    i.UART_WaitOnFlagUntilTimeout  stm32f4xx_hal_uart.o
    0x08003cc8   0x08003cc8   0x0000000c   Code   RO          661    i.USART2_IRQHandler  stm32f4xx_it.o
    0x08003cd4   0x08003cd4   0x0000000c   Code   RO          662    i.USART3_IRQHandler  stm32f4xx_it.o
    0x08003ce0   0x08003ce0   0x00000002   Code   RO          663    i.UsageFault_Handler  stm32f4xx_it.o
    0x08003ce2   0x08003ce2   0x00000002   PAD
    0x08003ce4   0x08003ce4   0x00000034   Code   RO         4395    i.WriteCmd          oled.o
    0x08003d18   0x08003d18   0x00000020   Code   RO         6546    i.__0printf         mc_w.l(printfa.o)
    0x08003d38   0x08003d38   0x00000020   Code   RO         2805    i.__NVIC_SetPriority  stm32f4xx_hal_cortex.o
    0x08003d58   0x08003d58   0x00000008   Code   RO         6607    i.__aeabi_errno_addr  mc_w.l(errno.o)
    0x08003d60   0x08003d60   0x0000000e   Code   RO         6665    i.__scatterload_copy  mc_w.l(handlers.o)
    0x08003d6e   0x08003d6e   0x00000002   Code   RO         6666    i.__scatterload_null  mc_w.l(handlers.o)
    0x08003d70   0x08003d70   0x0000000e   Code   RO         6667    i.__scatterload_zeroinit  mc_w.l(handlers.o)
    0x08003d7e   0x08003d7e   0x00000002   PAD
    0x08003d80   0x08003d80   0x00000184   Code   RO         6553    i._fp_digits        mc_w.l(printfa.o)
    0x08003f04   0x08003f04   0x000006b4   Code   RO         6554    i._printf_core      mc_w.l(printfa.o)
    0x080045b8   0x080045b8   0x00000024   Code   RO         6555    i._printf_post_padding  mc_w.l(printfa.o)
    0x080045dc   0x080045dc   0x0000002e   Code   RO         6556    i._printf_pre_padding  mc_w.l(printfa.o)
    0x0800460a   0x0800460a   0x00000002   PAD
    0x0800460c   0x0800460c   0x00000018   Code   RO          587    i.fputc             usart.o
    0x08004624   0x08004624   0x00000056   Code   RO           19    i.main              main.o
    0x0800467a   0x0800467a   0x0000001a   Code   RO         5651    i.osDelay           cmsis_os2.o
    0x08004694   0x08004694   0x00000024   Code   RO         5665    i.osKernelInitialize  cmsis_os2.o
    0x080046b8   0x080046b8   0x00000038   Code   RO         5668    i.osKernelStart     cmsis_os2.o
    0x080046f0   0x080046f0   0x0000008a   Code   RO         5710    i.osThreadNew       cmsis_os2.o
    0x0800477a   0x0800477a   0x00000002   PAD
    0x0800477c   0x0800477c   0x0000005c   Code   RO         5110    i.prvAddCurrentTaskToDelayedList  tasks.o
    0x080047d8   0x080047d8   0x000000d0   Code   RO         5111    i.prvAddNewTaskToReadyList  tasks.o
    0x080048a8   0x080048a8   0x00000058   Code   RO         5475    i.prvCheckForValidListAndQueue  timers.o
    0x08004900   0x08004900   0x00000026   Code   RO         4707    i.prvCopyDataFromQueue  queue.o
    0x08004926   0x08004926   0x0000006c   Code   RO         4708    i.prvCopyDataToQueue  queue.o
    0x08004992   0x08004992   0x00000034   Code   RO         5112    i.prvDeleteTCB      tasks.o
    0x080049c6   0x080049c6   0x00000002   PAD
    0x080049c8   0x080049c8   0x0000004c   Code   RO         6162    i.prvHeapInit       heap_4.o
    0x08004a14   0x08004a14   0x00000060   Code   RO         5113    i.prvIdleTask       tasks.o
    0x08004a74   0x08004a74   0x00000022   Code   RO         4710    i.prvInitialiseNewQueue  queue.o
    0x08004a96   0x08004a96   0x00000002   PAD
    0x08004a98   0x08004a98   0x000000b0   Code   RO         5114    i.prvInitialiseNewTask  tasks.o
    0x08004b48   0x08004b48   0x0000004c   Code   RO         6163    i.prvInsertBlockIntoFreeList  heap_4.o
    0x08004b94   0x08004b94   0x00000038   Code   RO         5477    i.prvInsertTimerInActiveList  timers.o
    0x08004bcc   0x08004bcc   0x0000001c   Code   RO         4711    i.prvIsQueueEmpty   queue.o
    0x08004be8   0x08004be8   0x000000fc   Code   RO         5478    i.prvProcessReceivedCommands  timers.o
    0x08004ce4   0x08004ce4   0x000000c0   Code   RO         5479    i.prvProcessTimerOrBlockTask  timers.o
    0x08004da4   0x08004da4   0x00000020   Code   RO         5116    i.prvResetNextTaskUnblockTime  tasks.o
    0x08004dc4   0x08004dc4   0x00000028   Code   RO         5480    i.prvSampleTimeNow  timers.o
    0x08004dec   0x08004dec   0x0000006c   Code   RO         5481    i.prvSwitchTimerLists  timers.o
    0x08004e58   0x08004e58   0x00000028   Code   RO         6218    i.prvTaskExitError  port.o
    0x08004e80   0x08004e80   0x00000024   Code   RO         5482    i.prvTimerTask      timers.o
    0x08004ea4   0x08004ea4   0x0000006a   Code   RO         4712    i.prvUnlockQueue    queue.o
    0x08004f0e   0x08004f0e   0x00000002   PAD
    0x08004f10   0x08004f10   0x000000dc   Code   RO         6164    i.pvPortMalloc      heap_4.o
    0x08004fec   0x08004fec   0x0000002c   Code   RO         6219    i.pxPortInitialiseStack  port.o
    0x08005018   0x08005018   0x00000026   Code   RO         4667    i.uxListRemove      list.o
    0x0800503e   0x0800503e   0x00000002   PAD
    0x08005040   0x08005040   0x00000014   Code   RO         5722    i.vApplicationGetIdleTaskMemory  cmsis_os2.o
    0x08005054   0x08005054   0x00000018   Code   RO         5723    i.vApplicationGetTimerTaskMemory  cmsis_os2.o
    0x0800506c   0x0800506c   0x00000016   Code   RO         4668    i.vListInitialise   list.o
    0x08005082   0x08005082   0x00000006   Code   RO         4669    i.vListInitialiseItem  list.o
    0x08005088   0x08005088   0x00000030   Code   RO         4670    i.vListInsert       list.o
    0x080050b8   0x080050b8   0x00000018   Code   RO         4671    i.vListInsertEnd    list.o
    0x080050d0   0x080050d0   0x00000040   Code   RO         6221    i.vPortEnterCritical  port.o
    0x08005110   0x08005110   0x00000028   Code   RO         6222    i.vPortExitCritical  port.o
    0x08005138   0x08005138   0x00000064   Code   RO         6165    i.vPortFree         heap_4.o
    0x0800519c   0x0800519c   0x00000024   Code   RO         6223    i.vPortSetupTimerInterrupt  port.o
    0x080051c0   0x080051c0   0x00000054   Code   RO         6224    i.vPortValidateInterruptPriority  port.o
    0x08005214   0x08005214   0x00000028   Code   RO         4718    i.vQueueAddToRegistry  queue.o
    0x0800523c   0x0800523c   0x00000044   Code   RO         4722    i.vQueueWaitForMessageRestricted  queue.o
    0x08005280   0x08005280   0x0000004c   Code   RO         5129    i.vTaskDelay        tasks.o
    0x080052cc   0x080052cc   0x00000010   Code   RO         5134    i.vTaskInternalSetTimeOutState  tasks.o
    0x080052dc   0x080052dc   0x0000000c   Code   RO         5135    i.vTaskMissedYield  tasks.o
    0x080052e8   0x080052e8   0x00000030   Code   RO         5137    i.vTaskPlaceOnEventList  tasks.o
    0x08005318   0x08005318   0x00000038   Code   RO         5138    i.vTaskPlaceOnEventListRestricted  tasks.o
    0x08005350   0x08005350   0x00000088   Code   RO         5146    i.vTaskStartScheduler  tasks.o
    0x080053d8   0x080053d8   0x00000010   Code   RO         5148    i.vTaskSuspendAll   tasks.o
    0x080053e8   0x080053e8   0x00000064   Code   RO         5149    i.vTaskSwitchContext  tasks.o
    0x0800544c   0x0800544c   0x000000f4   Code   RO         6225    i.xPortStartScheduler  port.o
    0x08005540   0x08005540   0x0000002c   Code   RO         6226    i.xPortSysTickHandler  port.o
    0x0800556c   0x0800556c   0x00000066   Code   RO         4728    i.xQueueGenericCreateStatic  queue.o
    0x080055d2   0x080055d2   0x00000002   PAD
    0x080055d4   0x080055d4   0x00000088   Code   RO         4729    i.xQueueGenericReset  queue.o
    0x0800565c   0x0800565c   0x00000160   Code   RO         4730    i.xQueueGenericSend  queue.o
    0x080057bc   0x080057bc   0x000000be   Code   RO         4731    i.xQueueGenericSendFromISR  queue.o
    0x0800587a   0x0800587a   0x00000002   PAD
    0x0800587c   0x0800587c   0x00000138   Code   RO         4740    i.xQueueReceive     queue.o
    0x080059b4   0x080059b4   0x00000074   Code   RO         5151    i.xTaskCheckForTimeOut  tasks.o
    0x08005a28   0x08005a28   0x0000005a   Code   RO         5152    i.xTaskCreate       tasks.o
    0x08005a82   0x08005a82   0x00000056   Code   RO         5153    i.xTaskCreateStatic  tasks.o
    0x08005ad8   0x08005ad8   0x0000001c   Code   RO         5157    i.xTaskGetSchedulerState  tasks.o
    0x08005af4   0x08005af4   0x0000000c   Code   RO         5158    i.xTaskGetTickCount  tasks.o
    0x08005b00   0x08005b00   0x000000c8   Code   RO         5160    i.xTaskIncrementTick  tasks.o
    0x08005bc8   0x08005bc8   0x00000080   Code   RO         5163    i.xTaskPriorityDisinherit  tasks.o
    0x08005c48   0x08005c48   0x00000070   Code   RO         5165    i.xTaskRemoveFromEventList  tasks.o
    0x08005cb8   0x08005cb8   0x000000c4   Code   RO         5166    i.xTaskResumeAll    tasks.o
    0x08005d7c   0x08005d7c   0x00000060   Code   RO         5491    i.xTimerCreateTimerTask  timers.o
    0x08005ddc   0x08005ddc   0x00000068   Code   RO         5492    i.xTimerGenericCommand  timers.o
    0x08005e44   0x08005e44   0x00000144   Data   RO          313    .constdata          freertos.o
    0x08005f88   0x08005f88   0x00000010   Data   RO         4015    .constdata          system_stm32f4xx.o
    0x08005f98   0x08005f98   0x00000008   Data   RO         4016    .constdata          system_stm32f4xx.o
    0x08005fa0   0x08005fa0   0x00000081   Data   RO         6632    .constdata          mc_w.l(ctype_o.o)
    0x08006021   0x08006021   0x00000003   PAD
    0x08006024   0x08006024   0x00000004   Data   RO         6633    .constdata          mc_w.l(ctype_o.o)
    0x08006028   0x08006028   0x00000056   Data   RO          314    .conststring        freertos.o
    0x0800607e   0x0800607e   0x00000002   PAD
    0x08006080   0x08006080   0x00000020   Data   RO         6663    Region$$Table       anon$$obj.o


    Execution Region RW_IRAM1 (Exec base: 0x20000000, Load base: 0x080060a0, Size: 0x000052a0, Max: 0x0001c000, ABSOLUTE)

    Exec Addr    Load Addr    Size         Type   Attr      Idx    E Section Name        Object

    0x20000000   0x080060a0   0x00000030   Data   RW          319    .data               freertos.o
    0x20000030   0x080060d0   0x0000000c   Data   RW         2964    .data               stm32f4xx_hal.o
    0x2000003c   0x080060dc   0x00000004   Data   RW         4017    .data               system_stm32f4xx.o
    0x20000040   0x080060e0   0x00000004   Data   RW         4200    .data               ble.o
    0x20000044   0x080060e4   0x00000018   Data   RW         4294    .data               motor_control.o
    0x2000005c   0x080060fc   0x0000001b   Data   RW         4398    .data               oled.o
    0x20000077   0x08006117   0x00000001   Data   RW         4496    .data               serial_command.o
    0x20000078   0x08006118   0x00000001   Data   RW         4497    .data               serial_command.o
    0x20000079   0x08006119   0x00000003   PAD
    0x2000007c   0x0800611c   0x0000003c   Data   RW         5169    .data               tasks.o
    0x200000b8   0x08006158   0x00000014   Data   RW         5500    .data               timers.o
    0x200000cc   0x0800616c   0x00000004   Data   RW         5725    .data               cmsis_os2.o
    0x200000d0   0x08006170   0x00000020   Data   RW         6171    .data               heap_4.o
    0x200000f0   0x08006190   0x0000000c   Data   RW         6227    .data               port.o
    0x200000fc   0x0800619c   0x00000004   Data   RW         6600    .data               mc_w.l(stdout.o)
    0x20000100   0x080061a0   0x00000004   Data   RW         6610    .data               mc_w.l(errno.o)
    0x20000104        -       0x00000048   Zero   RW          405    .bss                adc.o
    0x2000014c        -       0x000000fc   Zero   RW          449    .bss                i2c.o
    0x20000248        -       0x00000120   Zero   RW          508    .bss                tim.o
    0x20000368        -       0x000000d8   Zero   RW          589    .bss                usart.o
    0x20000440        -       0x00000048   Zero   RW          758    .bss                stm32f4xx_hal_timebase_tim.o
    0x20000488        -       0x00000100   Zero   RW         4199    .bss                ble.o
    0x20000588        -       0x00000040   Zero   RW         4495    .bss                serial_command.o
    0x200005c8        -       0x00000040   Zero   RW         4744    .bss                queue.o
    0x20000608        -       0x000004c4   Zero   RW         5168    .bss                tasks.o
    0x20000acc        -       0x00000118   Zero   RW         5499    .bss                timers.o
    0x20000be4        -       0x000006b8   Zero   RW         5724    .bss                cmsis_os2.o
    0x2000129c        -       0x00003c00   Zero   RW         6170    .bss                heap_4.o
    0x20004e9c   0x080061a4   0x00000004   PAD
    0x20004ea0        -       0x00000400   Zero   RW            1    STACK               startup_stm32f407xx.o


    Execution Region RW_IRAM2 (Exec base: 0x2001c000, Load base: 0x080061a4, Size: 0x00000000, Max: 0x00004000, ABSOLUTE)

    **** No section assigned to this execution region ****


==============================================================================

Image component sizes


      Code (inc. data)   RO Data    RW Data    ZI Data      Debug   Object Name

       196         24          0          0         72       1717   adc.o
       132         66          0          4        256       1649   ble.o
       326         22          0          4       1720      65203   cmsis_os2.o
         0          0          0          0          0      19468   event_groups.o
       660        148        410         48          0       7731   freertos.o
       392         26          0          0          0       1175   gpio.o
       472         24          0         32      15360       4891   heap_4.o
       472         76          0          0        252       3095   i2c.o
       138          0          0          0          0       3570   list.o
       338         38          0          0          0     727734   main.o
       392         42          0         24          0       3225   motor_control.o
       192         18          0         27          0       3543   oled.o
       786         82          0         12          0      11553   port.o
      1514         20          0          0         64      17464   queue.o
       348         52          0          2         64       2714   serial_command.o
        36          8        392          0       1024        836   startup_stm32f407xx.o
       116         18          0         12          0       8746   stm32f4xx_hal.o
       712         28          0          0          0       2895   stm32f4xx_hal_adc.o
       158         14          0          0          0      33054   stm32f4xx_hal_cortex.o
       182          0          0          0          0       2111   stm32f4xx_hal_dma.o
       522         46          0          0          0       2853   stm32f4xx_hal_gpio.o
      1414         32          0          0          0       9675   stm32f4xx_hal_i2c.o
        56          4          0          0          0        874   stm32f4xx_hal_msp.o
      1412         86          0          0          0       5945   stm32f4xx_hal_rcc.o
      2280        136          0          0          0      19109   stm32f4xx_hal_tim.o
       148         28          0          0          0       2501   stm32f4xx_hal_tim_ex.o
       152         20          0          0         72       1491   stm32f4xx_hal_timebase_tim.o
      1654         14          0          0          0      10947   stm32f4xx_hal_uart.o
        48         18          0          0          0       4223   stm32f4xx_it.o
         0          0          0          0          0        392   stream_buffer.o
        16          4         24          4          0       1139   system_stm32f4xx.o
      2084        168          0         60       1220      27004   tasks.o
       788         74          0          0        288       5237   tim.o
       972         80          0         20        280      32183   timers.o
       464         54          0          0        216       5580   usart.o

    ----------------------------------------------------------------------
     19612       1470        860        252      20892    1051527   Object Totals
         0          0         32          0          0          0   (incl. Generated)
        40          0          2          3          4          0   (incl. Padding)

    ----------------------------------------------------------------------

      Code (inc. data)   RO Data    RW Data    ZI Data      Debug   Library Member Name

        28          0          0          0          0         68   _chval.o
       158          0          0          0          0         92   _strtoul.o
        26          0          0          0          0         80   atoi.o
         8          4        133          0          0         68   ctype_o.o
         0          0          0          0          0          0   entry.o
         0          0          0          0          0          0   entry10a.o
         0          0          0          0          0          0   entry11a.o
         4          0          0          0          0          0   entry12b.o
         8          4          0          0          0          0   entry2.o
         4          0          0          0          0          0   entry5.o
         0          0          0          0          0          0   entry7b.o
         0          0          0          0          0          0   entry8b.o
         8          4          0          0          0          0   entry9a.o
         8          4          0          4          0         68   errno.o
        30          0          0          0          0          0   handlers.o
        36          8          0          0          0         68   init.o
         0          0          0          0          0          0   iusefp.o
        30          0          0          0          0         68   llshl.o
        36          0          0          0          0         68   llsshr.o
        32          0          0          0          0         68   llushr.o
        36          0          0          0          0         68   memcpya.o
        36          0          0          0          0        108   memseta.o
      2218         90          0          0          0        464   printfa.o
         0          0          0          4          0          0   stdout.o
        18          0          0          0          0         68   strcpy.o
        14          0          0          0          0         68   strlen.o
        24          0          0          0          0         76   strncpy.o
       112          0          0          0          0         88   strtol.o
        44          0          0          0          0         80   uidiv.o
        98          0          0          0          0         92   uldiv.o
        48          0          0          0          0         68   cdrcmple.o
       334          0          0          0          0        148   dadd.o
       222          0          0          0          0        100   ddiv.o
       186          0          0          0          0        176   depilogue.o
        48          0          0          0          0         68   dfixul.o
       228          0          0          0          0         96   dmul.o
        38          0          0          0          0         68   f2d.o

    ----------------------------------------------------------------------
      4128        114        136          8          0       2484   Library Totals
         8          0          3          0          0          0   (incl. Padding)

    ----------------------------------------------------------------------

      Code (inc. data)   RO Data    RW Data    ZI Data      Debug   Library Name

      3016        114        133          8          0       1760   mc_w.l
      1104          0          0          0          0        724   mf_w.l

    ----------------------------------------------------------------------
      4128        114        136          8          0       2484   Library Totals

    ----------------------------------------------------------------------

==============================================================================


      Code (inc. data)   RO Data    RW Data    ZI Data      Debug   

     23740       1584        996        260      20892    1033915   Grand Totals
     23740       1584        996        260      20892    1033915   ELF Image Totals
     23740       1584        996        260          0          0   ROM Totals

==============================================================================

    Total RO  Size (Code + RO Data)                24736 (  24.16kB)
    Total RW  Size (RW Data + ZI Data)             21152 (  20.66kB)
    Total ROM Size (Code + RO Data + RW Data)      24996 (  24.41kB)

==============================================================================

